Component: ARM Compiler 5.06 (build 20) Tool: armlink [4d35a3]

==============================================================================

Section Cross References

    main.o(.text) refers to tm1624.o(.text) for Tm1624_Display2
    main.o(.text) refers to os_task.o(.text) for OSTaskSuspend
    main.o(.text) refers to usart2.o(.text) for UsartRace_Data
    main.o(.text) refers to cpu_core.o(.text) for CPU_Init
    main.o(.text) refers to cpu_a.o(.text) for CPU_SR_Save
    main.o(.text) refers to os_core.o(.text) for OS_Sched0
    main.o(.text) refers to george_system.o(.text) for SysInit
    main.o(.text) refers to stm32f10x_tim.o(.text) for TIM_GetITStatus
    main.o(.text) refers to main.o(.bss) for .bss
    main.o(.text) refers to main.o(.data) for .data
    main.o(.text) refers to usart2.o(.data) for RxCount
    main.o(.text) refers to os_var.o(.data) for OSSchedLockNestingCtr
    main.o(.text) refers to os_var.o(.data) for OSIntQNbrEntries
    system_stm32f10x.o(.text) refers to system_stm32f10x.o(.data) for .data
    robot.o(.text) refers to servo.o(.text) for Servo3_pos
    robot.o(.text) refers to delay.o(.text) for delay_ms
    robot.o(.text) refers to stepper.o(.text) for motorNcircle
    george_system.o(.text) refers to system_stm32f10x.o(.text) for SystemInit
    george_system.o(.text) refers to delay.o(.text) for delay_init
    george_system.o(.text) refers to misc.o(.text) for NVIC_PriorityGroupConfig
    george_system.o(.text) refers to usart.o(.text) for uart_init
    george_system.o(.text) refers to usart2.o(.text) for uart2_init
    george_system.o(.text) refers to timer.o(.text) for TIM2_Int_Init
    george_system.o(.text) refers to servo.o(.text) for Servo_Init
    george_system.o(.text) refers to stepper.o(.text) for Step_Motor_GPIO_Init
    george_system.o(.text) refers to tm1624.o(.text) for Tm1624_Init
    george_system.o(.text) refers to noretval__2printf.o(.text) for __2printf
    george_system.o(.text) refers to robot.o(.text) for Forward
    george_system.o(.text) refers to servo.o(.data) for Pulse1
    george_system.o(.text) refers to usart2.o(.bss) for RxBuffer
    george_system.o(.text) refers to george_system.o(.data) for .data
    servo.o(.text) refers to stm32f10x_rcc.o(.text) for RCC_APB1PeriphClockCmd
    servo.o(.text) refers to stm32f10x_gpio.o(.text) for GPIO_Init
    servo.o(.text) refers to stm32f10x_tim.o(.text) for TIM_TimeBaseInit
    servo.o(.text) refers to delay.o(.text) for delay_ms
    servo.o(.text) refers to servo.o(.data) for .data
    led.o(.text) refers to stm32f10x_rcc.o(.text) for RCC_APB2PeriphClockCmd
    led.o(.text) refers to stm32f10x_gpio.o(.text) for GPIO_Init
    ps2.o(.text) refers to delay.o(.text) for delay_us
    ps2.o(.text) refers to ps2.o(.bss) for .bss
    ps2.o(.text) refers to ps2.o(.data) for .data
    stepper.o(.text) refers to stm32f10x_rcc.o(.text) for RCC_APB2PeriphClockCmd
    stepper.o(.text) refers to stm32f10x_gpio.o(.text) for GPIO_Init
    stepper.o(.text) refers to delay.o(.text) for delay_ms
    stepper.o(.text) refers to stepper.o(.data) for .data
    tm1624.o(.text) refers to stm32f10x_gpio.o(.text) for GPIO_ResetBits
    tm1624.o(.text) refers to delay.o(.text) for delay_ms
    delay.o(.text) refers to os_core.o(.text) for OSSchedLock
    delay.o(.text) refers to os_time.o(.text) for OSTimeDly
    delay.o(.text) refers to misc.o(.text) for SysTick_CLKSourceConfig
    delay.o(.text) refers to os_var.o(.data) for OSRunning
    delay.o(.text) refers to system_stm32f10x.o(.data) for SystemCoreClock
    delay.o(.text) refers to delay.o(.data) for .data
    delay.o(.text) refers to os_cfg_app.o(.constdata) for OSCfg_TickRate_Hz
    delay.o(.text) refers to os_var.o(.data) for OSIntNestingCtr
    usart2.o(.text) refers to stm32f10x_rcc.o(.text) for RCC_APB2PeriphClockCmd
    usart2.o(.text) refers to stm32f10x_gpio.o(.text) for GPIO_Init
    usart2.o(.text) refers to misc.o(.text) for NVIC_Init
    usart2.o(.text) refers to stm32f10x_usart.o(.text) for USART_Init
    usart2.o(.text) refers to os_core.o(.text) for OSIntEnter
    usart2.o(.text) refers to george_system.o(.text) for process
    usart2.o(.text) refers to usart2.o(.bss) for .bss
    usart2.o(.text) refers to usart2.o(.data) for .data
    usart.o(.text) refers (Special) to use_no_semi_2.o(.text) for __use_no_semihosting
    usart.o(.text) refers to stm32f10x_usart.o(.text) for USART_SendData
    usart.o(.text) refers to stm32f10x_rcc.o(.text) for RCC_APB2PeriphClockCmd
    usart.o(.text) refers to stm32f10x_gpio.o(.text) for GPIO_Init
    usart.o(.text) refers to misc.o(.text) for NVIC_Init
    usart.o(.bss) refers (Special) to use_no_semi_2.o(.text) for __use_no_semihosting
    usart.o(.data) refers (Special) to use_no_semi_2.o(.text) for __use_no_semihosting
    usart.o(.data) refers (Special) to use_no_semi_2.o(.text) for __use_no_semihosting
    timer.o(.text) refers to stm32f10x_rcc.o(.text) for RCC_APB1PeriphClockCmd
[...]
    NMI_Handler                              0x080003b1   Thumb Code     2  stm32f10x_it.o(.text)
    HardFault_Handler                        0x080003b3   Thumb Code     2  stm32f10x_it.o(.text)
    MemManage_Handler                        0x080003b5   Thumb Code     2  stm32f10x_it.o(.text)
    BusFault_Handler                         0x080003b7   Thumb Code     2  stm32f10x_it.o(.text)
    UsageFault_Handler                       0x080003b9   Thumb Code     2  stm32f10x_it.o(.text)
    SVC_Handler                              0x080003bb   Thumb Code     2  stm32f10x_it.o(.text)
    DebugMon_Handler                         0x080003bd   Thumb Code     2  stm32f10x_it.o(.text)
    SystemInit                               0x08000461   Thumb Code    64  system_stm32f10x.o(.text)
    SystemCoreClockUpdate                    0x080004a1   Thumb Code    86  system_stm32f10x.o(.text)
    Dance                                    0x08000519   Thumb Code    52  robot.o(.text)
    Forward                                  0x0800054d   Thumb Code   288  robot.o(.text)
    Backward                                 0x0800066d   Thumb Code   288  robot.o(.text)
    Shake                                    0x0800078d   Thumb Code   252  robot.o(.text)
    Turn_Right                               0x08000889   Thumb Code   148  robot.o(.text)
    Turn_Left                                0x0800091d   Thumb Code   148  robot.o(.text)
    Head_Action                              0x080009b1   Thumb Code    68  robot.o(.text)
    SysInit                                  0x080009f5   Thumb Code    82  george_system.o(.text)
    process                                  0x08000a47   Thumb Code   128  george_system.o(.text)
    Servo_Init                               0x08000b35   Thumb Code   240  servo.o(.text)
    Servo1                                   0x08000c25   Thumb Code     8  servo.o(.text)
    Servo2                                   0x08000c2d   Thumb Code     8  servo.o(.text)
    Servo3                                   0x08000c35   Thumb Code     8  servo.o(.text)
    Servo4                                   0x08000c3d   Thumb Code     8  servo.o(.text)
    Servo1_pos                               0x08000c45   Thumb Code    50  servo.o(.text)
    Servo2_pos                               0x08000c77   Thumb Code    50  servo.o(.text)
    Servo3_pos                               0x08000ca9   Thumb Code    50  servo.o(.text)
    Servo4_pos                               0x08000cdb   Thumb Code    50  servo.o(.text)
    Step_Motor_GPIO_Init                     0x08000d1d   Thumb Code    40  stepper.o(.text)
    SetMotor                                 0x08000d45   Thumb Code    92  stepper.o(.text)
    motorNcircle                             0x08000da1   Thumb Code    68  stepper.o(.text)
    TM1624_Write                             0x08000ded   Thumb Code    90  tm1624.o(.text)
    Write_Com                                0x08000e47   Thumb Code    42  tm1624.o(.text)
    Clear_TM1624                             0x08000e71   Thumb Code    56  tm1624.o(.text)
    Tm1624_Init                              0x08000ea9   Thumb Code    52  tm1624.o(.text)
    Tm1624_Display1                          0x08000edd   Thumb Code    98  tm1624.o(.text)
    Tm1624_Display2                          0x08000f3f   Thumb Code   100  tm1624.o(.text)
    delay_osschedlock                        0x08000fa9   Thumb Code    10  delay.o(.text)
    delay_osschedunlock                      0x08000fb3   Thumb Code    10  delay.o(.text)
    delay_ostimedly                          0x08000fbd   Thumb Code    12  delay.o(.text)
    SysTick_Handler                          0x08000fc9   Thumb Code    28  delay.o(.text)
    delay_init                               0x08000fe5   Thumb Code    76  delay.o(.text)
    delay_us                                 0x08001031   Thumb Code    62  delay.o(.text)
    delay_ms                                 0x0800106f   Thumb Code    54  delay.o(.text)
    uart2_init                               0x080010c1   Thumb Code   156  usart2.o(.text)
    UART2_send_byte                          0x0800115d   Thumb Code    16  usart2.o(.text)
    UART2_Send                               0x0800116d   Thumb Code    28  usart2.o(.text)
    USART2_Puts                              0x08001189   Thumb Code    36  usart2.o(.text)
    WriteUart2Buff                           0x080011ad   Thumb Code    24  usart2.o(.text)
    USART2_IRQHandler                        0x080011c5   Thumb Code    48  usart2.o(.text)
    ClearUart2                               0x080011f5   Thumb Code    18  usart2.o(.text)
    strcmp_str                               0x08001207   Thumb Code    34  usart2.o(.text)
    UsartRace_Data                           0x08001229   Thumb Code    32  usart2.o(.text)
    _sys_exit                                0x08001259   Thumb Code     2  usart.o(.text)
    fputc                                    0x0800125b   Thumb Code    30  usart.o(.text)
    uart_init                                0x08001279   Thumb Code   152  usart.o(.text)
    TIM2_Int_Init                            0x08001319   Thumb Code    92  timer.o(.text)
    Sys_Standby                              0x08001375   Thumb Code    24  wkup.o(.text)
    Sys_Enter_Standby                        0x0800138d   Thumb Code    18  wkup.o(.text)
    Check_WKUP                               0x0800139f   Thumb Code    32  wkup.o(.text)
    EXTI0_IRQHandler                         0x080013bf   Thumb Code    24  wkup.o(.text)
    WKUP_Init                                0x080013d7   Thumb Code   102  wkup.o(.text)
    Reset_Handler                            0x08001445   Thumb Code     8  startup_stm32f10x_hd.o(.text)
    ADC1_2_IRQHandler                        0x0800145f   Thumb Code     0  startup_stm32f10x_hd.o(.text)
    ADC3_IRQHandler                          0x0800145f   Thumb Code     0  startup_stm32f10x_hd.o(.text)
    CAN1_RX1_IRQHandler                      0x0800145f   Thumb Code     0  startup_stm32f10x_hd.o(.text)
    CAN1_SCE_IRQHandler                      0x0800145f   Thumb Code     0  startup_stm32f10x_hd.o(.text)
    DMA1_Channel1_IRQHandler                 0x0800145f   Thumb Code     0  startup_stm32f10x_hd.o(.text)
    DMA1_Channel2_IRQHandler                 0x0800145f   Thumb Code     0  startup_stm32f10x_hd.o(.text)
    DMA1_Channel3_IRQHandler                 0x0800145f   Thumb Code     0  startup_stm32f10x_hd.o(.text)
    DMA1_Channel4_IRQHandler                 0x0800145f   Thumb Code     0  startup_stm32f10x_hd.o(.text)
    DMA1_Channel5_IRQHandler                 0x0800145f   Thumb Code     0  startup_stm32f10x_hd.o(.text)
    DMA1_Channel6_IRQHandler                 0x0800145f   Thumb Code     0  startup_stm32f10x_hd.o(.text)
    DMA1_Channel7_IRQHandler                 0x0800145f   Thumb Code     0  startup_stm32f10x_hd.o(.text)
    DMA2_Channel1_IRQHandler                 0x0800145f   Thumb Code     0  startup_stm32f10x_hd.o(.text)
    DMA2_Channel2_IRQHandler                 0x0800145f   Thumb Code     0  startup_stm32f10x_hd.o(.text)
    DMA2_Channel3_IRQHandler                 0x0800145f   Thumb Code     0  startup_stm32f10x_hd.o(.text)
    DMA2_Channel4_5_IRQHandler               0x0800145f   Thumb Code     0  startup_stm32f10x_hd.o(.text)
    EXTI15_10_IRQHandler                     0x0800145f   Thumb Code     0  startup_stm32f10x_hd.o(.text)
    EXTI1_IRQHandler                         0x0800145f   Thumb Code     0  startup_stm32f10x_hd.o(.text)
    EXTI2_IRQHandler                         0x0800145f   Thumb Code     0  startup_stm32f10x_hd.o(.text)
    EXTI3_IRQHandler                         0x0800145f   Thumb Code     0  startup_stm32f10x_hd.o(.text)
    EXTI4_IRQHandler                         0x0800145f   Thumb Code     0  startup_stm32f10x_hd.o(.text)
    EXTI9_5_IRQHandler                       0x0800145f   Thumb Code     0  startup_stm32f10x_hd.o(.text)
    FLASH_IRQHandler                         0x0800145f   Thumb Code     0  startup_stm32f10x_hd.o(.text)
    FSMC_IRQHandler                          0x0800145f   Thumb Code     0  startup_stm32f10x_hd.o(.text)
    I2C1_ER_IRQHandler                       0x0800145f   Thumb Code     0  startup_stm32f10x_hd.o(.text)
    I2C1_EV_IRQHandler                       0x0800145f   Thumb Code     0  startup_stm32f10x_hd.o(.text)
    I2C2_ER_IRQHandler                       0x0800145f   Thumb Code     0  startup_stm32f10x_hd.o(.text)
    I2C2_EV_IRQHandler                       0x0800145f   Thumb Code     0  startup_stm32f10x_hd.o(.text)
    PVD_IRQHandler                           0x0800145f   Thumb Code     0  startup_stm32f10x_hd.o(.text)
    RCC_IRQHandler                           0x0800145f   Thumb Code     0  startup_stm32f10x_hd.o(.text)
    RTCAlarm_IRQHandler                      0x0800145f   Thumb Code     0  startup_stm32f10x_hd.o(.text)
    RTC_IRQHandler                           0x0800145f   Thumb Code     0  startup_stm32f10x_hd.o(.text)
    SDIO_IRQHandler                          0x0800145f   Thumb Code     0  startup_stm32f10x_hd.o(.text)
    SPI1_IRQHandler                          0x0800145f   Thumb Code     0  startup_stm32f10x_hd.o(.text)
    SPI2_IRQHandler                          0x0800145f   Thumb Code     0  startup_stm32f10x_hd.o(.text)
    SPI3_IRQHandler                          0x0800145f   Thumb Code     0  startup_stm32f10x_hd.o(.text)
    TAMPER_IRQHandler                        0x0800145f   Thumb Code     0  startup_stm32f10x_hd.o(.text)
    TIM1_BRK_IRQHandler                      0x0800145f   Thumb Code     0  startup_stm32f10x_hd.o(.text)
    TIM1_CC_IRQHandler                       0x0800145f   Thumb Code     0  startup_stm32f10x_hd.o(.text)
    TIM1_TRG_COM_IRQHandler                  0x0800145f   Thumb Code     0  startup_stm32f10x_hd.o(.text)
    TIM1_UP_IRQHandler                       0x0800145f   Thumb Code     0  startup_stm32f10x_hd.o(.text)
    TIM3_IRQHandler                          0x0800145f   Thumb Code     0  startup_stm32f10x_hd.o(.text)
    TIM4_IRQHandler                          0x0800145f   Thumb Code     0  startup_stm32f10x_hd.o(.text)
    TIM5_IRQHandler                          0x0800145f   Thumb Code     0  startup_stm32f10x_hd.o(.text)
    TIM6_IRQHandler                          0x0800145f   Thumb Code     0  startup_stm32f10x_hd.o(.text)
    TIM7_IRQHandler                          0x0800145f   Thumb Code     0  startup_stm32f10x_hd.o(.text)
    TIM8_BRK_IRQHandler                      0x0800145f   Thumb Code     0  startup_stm32f10x_hd.o(.text)
    TIM8_CC_IRQHandler                       0x0800145f   Thumb Code     0  startup_stm32f10x_hd.o(.text)
    TIM8_TRG_COM_IRQHandler                  0x0800145f   Thumb Code     0  startup_stm32f10x_hd.o(.text)
    TIM8_UP_IRQHandler                       0x0800145f   Thumb Code     0  startup_stm32f10x_hd.o(.text)
    UART4_IRQHandler                         0x0800145f   Thumb Code     0  startup_stm32f10x_hd.o(.text)
    UART5_IRQHandler                         0x0800145f   Thumb Code     0  startup_stm32f10x_hd.o(.text)
    USART1_IRQHandler                        0x0800145f   Thumb Code     0  startup_stm32f10x_hd.o(.text)
    USART3_IRQHandler                        0x0800145f   Thumb Code     0  startup_stm32f10x_hd.o(.text)
    USBWakeUp_IRQHandler                     0x0800145f   Thumb Code     0  startup_stm32f10x_hd.o(.text)
    USB_HP_CAN1_TX_IRQHandler                0x0800145f   Thumb Code     0  startup_stm32f10x_hd.o(.text)
    USB_LP_CAN1_RX0_IRQHandler               0x0800145f   Thumb Code     0  startup_stm32f10x_hd.o(.text)
    WWDG_IRQHandler                          0x0800145f   Thumb Code     0  startup_stm32f10x_hd.o(.text)
    __user_initial_stackheap                 0x08001461   Thumb Code     0  startup_stm32f10x_hd.o(.text)
    NVIC_PriorityGroupConfig                 0x08001485   Thumb Code    10  misc.o(.text)
    NVIC_Init                                0x0800148f   Thumb Code    94  misc.o(.text)
    NVIC_SetVectorTable                      0x080014ed   Thumb Code    14  misc.o(.text)
    NVIC_SystemLPConfig                      0x080014fb   Thumb Code    20  misc.o(.text)
    SysTick_CLKSourceConfig                  0x0800150f   Thumb Code    24  misc.o(.text)
    GPIO_DeInit                              0x08001535   Thumb Code   152  stm32f10x_gpio.o(.text)
    GPIO_AFIODeInit                          0x080015cd   Thumb Code    22  stm32f10x_gpio.o(.text)
    GPIO_Init                                0x080015e3   Thumb Code   156  stm32f10x_gpio.o(.text)
    GPIO_StructInit                          0x0800167f   Thumb Code    16  stm32f10x_gpio.o(.text)
    GPIO_ReadInputDataBit                    0x0800168f   Thumb Code    14  stm32f10x_gpio.o(.text)
    GPIO_ReadInputData                       0x0800169d   Thumb Code     6  stm32f10x_gpio.o(.text)
    GPIO_ReadOutputDataBit                   0x080016a3   Thumb Code    14  stm32f10x_gpio.o(.text)
    GPIO_ReadOutputData                      0x080016b1   Thumb Code     6  stm32f10x_gpio.o(.text)
    GPIO_SetBits                             0x080016b7   Thumb Code     4  stm32f10x_gpio.o(.text)
    GPIO_ResetBits                           0x080016bb   Thumb Code     4  stm32f10x_gpio.o(.text)
    GPIO_WriteBit                            0x080016bf   Thumb Code    10  stm32f10x_gpio.o(.text)
    GPIO_Write                               0x080016c9   Thumb Code     4  stm32f10x_gpio.o(.text)
    GPIO_PinLockConfig                       0x080016cd   Thumb Code    16  stm32f10x_gpio.o(.text)
    GPIO_EventOutputConfig                   0x080016dd   Thumb Code    22  stm32f10x_gpio.o(.text)
    GPIO_EventOutputCmd                      0x080016f3   Thumb Code     6  stm32f10x_gpio.o(.text)
    GPIO_PinRemapConfig                      0x080016f9   Thumb Code    82  stm32f10x_gpio.o(.text)
    GPIO_EXTILineConfig                      0x0800174b   Thumb Code    34  stm32f10x_gpio.o(.text)
    GPIO_ETH_MediaInterfaceConfig            0x0800176d   Thumb Code     8  stm32f10x_gpio.o(.text)
    USART_DeInit                             0x08001799   Thumb Code    96  stm32f10x_usart.o(.text)
    USART_Init                               0x080017f9   Thumb Code   166  stm32f10x_usart.o(.text)
    USART_StructInit                         0x0800189f   Thumb Code    22  stm32f10x_usart.o(.text)
    USART_ClockInit                          0x080018b5   Thumb Code    30  stm32f10x_usart.o(.text)
    USART_ClockStructInit                    0x080018d3   Thumb Code    12  stm32f10x_usart.o(.text)
    USART_Cmd                                0x080018df   Thumb Code    20  stm32f10x_usart.o(.text)
    USART_ITConfig                           0x080018f3   Thumb Code    48  stm32f10x_usart.o(.text)
    USART_DMACmd                             0x08001923   Thumb Code    16  stm32f10x_usart.o(.text)
    USART_SetAddress                         0x08001933   Thumb Code    16  stm32f10x_usart.o(.text)
    USART_WakeUpConfig                       0x08001943   Thumb Code    16  stm32f10x_usart.o(.text)
    USART_ReceiverWakeUpCmd                  0x08001953   Thumb Code    20  stm32f10x_usart.o(.text)
    USART_LINBreakDetectLengthConfig         0x08001967   Thumb Code    16  stm32f10x_usart.o(.text)
    USART_LINCmd                             0x08001977   Thumb Code    20  stm32f10x_usart.o(.text)
    USART_SendData                           0x0800198b   Thumb Code     8  stm32f10x_usart.o(.text)
    USART_ReceiveData                        0x08001993   Thumb Code     8  stm32f10x_usart.o(.text)
    USART_SendBreak                          0x0800199b   Thumb Code    10  stm32f10x_usart.o(.text)
    USART_SetGuardTime                       0x080019a5   Thumb Code    16  stm32f10x_usart.o(.text)
    USART_SetPrescaler                       0x080019b5   Thumb Code    16  stm32f10x_usart.o(.text)
    USART_SmartCardCmd                       0x080019c5   Thumb Code    20  stm32f10x_usart.o(.text)
    USART_SmartCardNACKCmd                   0x080019d9   Thumb Code    20  stm32f10x_usart.o(.text)
    USART_HalfDuplexCmd                      0x080019ed   Thumb Code    20  stm32f10x_usart.o(.text)
    USART_OverSampling8Cmd                   0x08001a01   Thumb Code    20  stm32f10x_usart.o(.text)
    USART_OneBitMethodCmd                    0x08001a15   Thumb Code    20  stm32f10x_usart.o(.text)
    USART_IrDAConfig                         0x08001a29   Thumb Code    16  stm32f10x_usart.o(.text)
    USART_IrDACmd                            0x08001a39   Thumb Code    20  stm32f10x_usart.o(.text)
    USART_GetFlagStatus                      0x08001a4d   Thumb Code    14  stm32f10x_usart.o(.text)
    USART_ClearFlag                          0x08001a5b   Thumb Code     6  stm32f10x_usart.o(.text)
    USART_GetITStatus                        0x08001a61   Thumb Code    62  stm32f10x_usart.o(.text)
    USART_ClearITPendingBit                  0x08001a9f   Thumb Code    12  stm32f10x_usart.o(.text)
    RCC_DeInit                               0x08001ac1   Thumb Code    50  stm32f10x_rcc.o(.text)
    RCC_HSEConfig                            0x08001af3   Thumb Code    48  stm32f10x_rcc.o(.text)
    RCC_GetFlagStatus                        0x08001b23   Thumb Code    42  stm32f10x_rcc.o(.text)
    RCC_WaitForHSEStartUp                    0x08001b4d   Thumb Code    44  stm32f10x_rcc.o(.text)
    RCC_AdjustHSICalibrationValue            0x08001b79   Thumb Code    16  stm32f10x_rcc.o(.text)
    RCC_HSICmd                               0x08001b89   Thumb Code     6  stm32f10x_rcc.o(.text)
    RCC_PLLConfig                            0x08001b8f   Thumb Code    16  stm32f10x_rcc.o(.text)
    RCC_PLLCmd                               0x08001b9f   Thumb Code     6  stm32f10x_rcc.o(.text)
    RCC_SYSCLKConfig                         0x08001ba5   Thumb Code    14  stm32f10x_rcc.o(.text)
    RCC_GetSYSCLKSource                      0x08001bb3   Thumb Code    10  stm32f10x_rcc.o(.text)
    RCC_HCLKConfig                           0x08001bbd   Thumb Code    14  stm32f10x_rcc.o(.text)
    RCC_PCLK1Config                          0x08001bcb   Thumb Code    14  stm32f10x_rcc.o(.text)
    RCC_PCLK2Config                          0x08001bd9   Thumb Code    16  stm32f10x_rcc.o(.text)
    RCC_ITConfig                             0x08001be9   Thumb Code    18  stm32f10x_rcc.o(.text)
    RCC_USBCLKConfig                         0x08001bfb   Thumb Code     8  stm32f10x_rcc.o(.text)
    RCC_ADCCLKConfig                         0x08001c03   Thumb Code    14  stm32f10x_rcc.o(.text)
    RCC_LSEConfig                            0x08001c11   Thumb Code    28  stm32f10x_rcc.o(.text)
    RCC_LSICmd                               0x08001c2d   Thumb Code     6  stm32f10x_rcc.o(.text)
    RCC_RTCCLKConfig                         0x08001c33   Thumb Code    10  stm32f10x_rcc.o(.text)
    RCC_RTCCLKCmd                            0x08001c3d   Thumb Code     8  stm32f10x_rcc.o(.text)
    RCC_GetClocksFreq                        0x08001c45   Thumb Code   132  stm32f10x_rcc.o(.text)
    RCC_AHBPeriphClockCmd                    0x08001cc9   Thumb Code    18  stm32f10x_rcc.o(.text)
    RCC_APB2PeriphClockCmd                   0x08001cdb   Thumb Code    18  stm32f10x_rcc.o(.text)
    RCC_APB1PeriphClockCmd                   0x08001ced   Thumb Code    18  stm32f10x_rcc.o(.text)
    RCC_APB2PeriphResetCmd                   0x08001cff   Thumb Code    18  stm32f10x_rcc.o(.text)
    RCC_APB1PeriphResetCmd                   0x08001d11   Thumb Code    18  stm32f10x_rcc.o(.text)
    RCC_BackupResetCmd                       0x08001d23   Thumb Code     8  stm32f10x_rcc.o(.text)
    RCC_ClockSecuritySystemCmd               0x08001d2b   Thumb Code     6  stm32f10x_rcc.o(.text)
    RCC_MCOConfig                            0x08001d31   Thumb Code     6  stm32f10x_rcc.o(.text)
    RCC_ClearFlag                            0x08001d37   Thumb Code    12  stm32f10x_rcc.o(.text)
    RCC_GetITStatus                          0x08001d43   Thumb Code    16  stm32f10x_rcc.o(.text)
    RCC_ClearITPendingBit                    0x08001d53   Thumb Code     6  stm32f10x_rcc.o(.text)
    TIM_DeInit                               0x08001d79   Thumb Code   304  stm32f10x_tim.o(.text)
    TIM_TimeBaseInit                         0x08001ea9   Thumb Code   114  stm32f10x_tim.o(.text)
    TIM_OC1Init                              0x08001f1b   Thumb Code   106  stm32f10x_tim.o(.text)
    TIM_OC2Init                              0x08001f85   Thumb Code   120  stm32f10x_tim.o(.text)
    TIM_OC3Init                              0x08001ffd   Thumb Code   116  stm32f10x_tim.o(.text)
    TIM_OC4Init                              0x08002071   Thumb Code    90  stm32f10x_tim.o(.text)
    TIM_SetIC4Prescaler                      0x080020cb   Thumb Code    24  stm32f10x_tim.o(.text)
    TIM_SetIC3Prescaler                      0x080020e3   Thumb Code    16  stm32f10x_tim.o(.text)
    TIM_SetIC2Prescaler                      0x080020f3   Thumb Code    24  stm32f10x_tim.o(.text)
    TIM_SetIC1Prescaler                      0x080021b1   Thumb Code    16  stm32f10x_tim.o(.text)
    TIM_ICInit                               0x08002219   Thumb Code   270  stm32f10x_tim.o(.text)
    TIM_PWMIConfig                           0x08002327   Thumb Code   104  stm32f10x_tim.o(.text)
    TIM_BDTRConfig                           0x0800238f   Thumb Code    34  stm32f10x_tim.o(.text)
    TIM_TimeBaseStructInit                   0x080023b1   Thumb Code    18  stm32f10x_tim.o(.text)
    TIM_OCStructInit                         0x080023c3   Thumb Code    20  stm32f10x_tim.o(.text)
    TIM_ICStructInit                         0x080023d7   Thumb Code    16  stm32f10x_tim.o(.text)
    TIM_BDTRStructInit                       0x080023e7   Thumb Code    18  stm32f10x_tim.o(.text)
    TIM_Cmd                                  0x080023f9   Thumb Code    20  stm32f10x_tim.o(.text)
    TIM_CtrlPWMOutputs                       0x0800240d   Thumb Code    22  stm32f10x_tim.o(.text)
    TIM_ITConfig                             0x08002423   Thumb Code    16  stm32f10x_tim.o(.text)
    TIM_GenerateEvent                        0x08002433   Thumb Code     4  stm32f10x_tim.o(.text)
    TIM_DMAConfig                            0x08002437   Thumb Code     8  stm32f10x_tim.o(.text)
    TIM_DMACmd                               0x0800243f   Thumb Code    16  stm32f10x_tim.o(.text)
    TIM_InternalClockConfig                  0x0800244f   Thumb Code    10  stm32f10x_tim.o(.text)
    TIM_SelectInputTrigger                   0x08002459   Thumb Code    12  stm32f10x_tim.o(.text)
    TIM_ITRxExternalClockConfig              0x08002465   Thumb Code    18  stm32f10x_tim.o(.text)
    TIM_TIxExternalClockConfig               0x08002477   Thumb Code    46  stm32f10x_tim.o(.text)
    TIM_ETRConfig                            0x080024a5   Thumb Code    24  stm32f10x_tim.o(.text)
    TIM_ETRClockMode1Config                  0x080024bd   Thumb Code    18  stm32f10x_tim.o(.text)
    TIM_ETRClockMode2Config                  0x080024cf   Thumb Code    18  stm32f10x_tim.o(.text)
    TIM_PrescalerConfig                      0x080024e1   Thumb Code     6  stm32f10x_tim.o(.text)
    TIM_CounterModeConfig                    0x080024e7   Thumb Code    12  stm32f10x_tim.o(.text)
    TIM_EncoderInterfaceConfig               0x080024f3   Thumb Code    50  stm32f10x_tim.o(.text)
    TIM_ForcedOC1Config                      0x08002525   Thumb Code    12  stm32f10x_tim.o(.text)
    TIM_ForcedOC2Config                      0x08002531   Thumb Code    20  stm32f10x_tim.o(.text)
    TIM_ForcedOC3Config                      0x08002545   Thumb Code    12  stm32f10x_tim.o(.text)
    TIM_ForcedOC4Config                      0x08002551   Thumb Code    20  stm32f10x_tim.o(.text)
    TIM_ARRPreloadConfig                     0x08002565   Thumb Code    20  stm32f10x_tim.o(.text)
    TIM_SelectCOM                            0x08002579   Thumb Code    20  stm32f10x_tim.o(.text)
    TIM_SelectCCDMA                          0x0800258d   Thumb Code    20  stm32f10x_tim.o(.text)
    TIM_CCPreloadControl                     0x080025a1   Thumb Code    20  stm32f10x_tim.o(.text)
    TIM_OC1PreloadConfig                     0x080025b5   Thumb Code    32  stm32f10x_tim.o(.text)
    TIM_OC2PreloadConfig                     0x080025d5   Thumb Code    20  stm32f10x_tim.o(.text)
    TIM_OC3PreloadConfig                     0x080025e9   Thumb Code    12  stm32f10x_tim.o(.text)
    TIM_OC4PreloadConfig                     0x080025f5   Thumb Code    20  stm32f10x_tim.o(.text)
    TIM_OC1FastConfig                        0x08002609   Thumb Code    12  stm32f10x_tim.o(.text)
    TIM_OC2FastConfig                        0x08002615   Thumb Code    20  stm32f10x_tim.o(.text)
    TIM_OC3FastConfig                        0x08002629   Thumb Code    12  stm32f10x_tim.o(.text)
    TIM_OC4FastConfig                        0x08002635   Thumb Code    20  stm32f10x_tim.o(.text)
    TIM_ClearOC1Ref                          0x08002649   Thumb Code    12  stm32f10x_tim.o(.text)
    TIM_ClearOC2Ref                          0x08002655   Thumb Code    20  stm32f10x_tim.o(.text)
    TIM_ClearOC3Ref                          0x08002669   Thumb Code    12  stm32f10x_tim.o(.text)
    TIM_ClearOC4Ref                          0x08002675   Thumb Code    20  stm32f10x_tim.o(.text)
    TIM_OC1PolarityConfig                    0x08002689   Thumb Code    12  stm32f10x_tim.o(.text)
    TIM_OC1NPolarityConfig                   0x08002695   Thumb Code    12  stm32f10x_tim.o(.text)
    TIM_OC2PolarityConfig                    0x080026a1   Thumb Code    20  stm32f10x_tim.o(.text)
    TIM_OC2NPolarityConfig                   0x080026b5   Thumb Code    20  stm32f10x_tim.o(.text)
    TIM_OC3PolarityConfig                    0x080026c9   Thumb Code    20  stm32f10x_tim.o(.text)
    TIM_OC3NPolarityConfig                   0x080026dd   Thumb Code    20  stm32f10x_tim.o(.text)
    TIM_OC4PolarityConfig                    0x080026f1   Thumb Code    20  stm32f10x_tim.o(.text)
    TIM_CCxCmd                               0x08002705   Thumb Code    22  stm32f10x_tim.o(.text)
    TIM_CCxNCmd                              0x0800271b   Thumb Code    22  stm32f10x_tim.o(.text)
    TIM_SelectOCxM                           0x08002731   Thumb Code    70  stm32f10x_tim.o(.text)
    TIM_UpdateDisableConfig                  0x08002777   Thumb Code    20  stm32f10x_tim.o(.text)
    TIM_UpdateRequestConfig                  0x0800278b   Thumb Code    20  stm32f10x_tim.o(.text)
    TIM_SelectHallSensor                     0x0800279f   Thumb Code    20  stm32f10x_tim.o(.text)
    TIM_SelectOnePulseMode                   0x080027b3   Thumb Code    16  stm32f10x_tim.o(.text)
    TIM_SelectOutputTrigger                  0x080027c3   Thumb Code    16  stm32f10x_tim.o(.text)
    TIM_SelectSlaveMode                      0x080027d3   Thumb Code    16  stm32f10x_tim.o(.text)
    TIM_SelectMasterSlaveMode                0x080027e3   Thumb Code    16  stm32f10x_tim.o(.text)
    TIM_SetCounter                           0x080027f3   Thumb Code     4  stm32f10x_tim.o(.text)
    TIM_SetAutoreload                        0x080027f7   Thumb Code     4  stm32f10x_tim.o(.text)
    TIM_SetCompare1                          0x080027fb   Thumb Code     4  stm32f10x_tim.o(.text)
    TIM_SetCompare2                          0x080027ff   Thumb Code     4  stm32f10x_tim.o(.text)
    TIM_SetCompare3                          0x08002803   Thumb Code     4  stm32f10x_tim.o(.text)
    TIM_SetCompare4                          0x08002807   Thumb Code     6  stm32f10x_tim.o(.text)
    TIM_SetClockDivision                     0x0800280d   Thumb Code    16  stm32f10x_tim.o(.text)
    TIM_GetCapture1                          0x0800281d   Thumb Code     4  stm32f10x_tim.o(.text)
    TIM_GetCapture2                          0x08002821   Thumb Code     4  stm32f10x_tim.o(.text)
    TIM_GetCapture3                          0x08002825   Thumb Code     4  stm32f10x_tim.o(.text)
    TIM_GetCapture4                          0x08002829   Thumb Code     6  stm32f10x_tim.o(.text)
    TIM_GetCounter                           0x0800282f   Thumb Code     4  stm32f10x_tim.o(.text)
    TIM_GetPrescaler                         0x08002833   Thumb Code     4  stm32f10x_tim.o(.text)
    TIM_GetFlagStatus                        0x08002837   Thumb Code    14  stm32f10x_tim.o(.text)
    TIM_ClearFlag                            0x08002845   Thumb Code     6  stm32f10x_tim.o(.text)
    TIM_GetITStatus                          0x0800284b   Thumb Code    24  stm32f10x_tim.o(.text)
    TIM_ClearITPendingBit                    0x08002863   Thumb Code     6  stm32f10x_tim.o(.text)
    PWR_DeInit                               0x08002869   Thumb Code    24  stm32f10x_pwr.o(.text)
    PWR_BackupAccessCmd                      0x08002881   Thumb Code     6  stm32f10x_pwr.o(.text)
    PWR_PVDCmd                               0x08002887   Thumb Code     6  stm32f10x_pwr.o(.text)
    PWR_PVDLevelConfig                       0x0800288d   Thumb Code    14  stm32f10x_pwr.o(.text)
    PWR_WakeUpPinCmd                         0x0800289b   Thumb Code     8  stm32f10x_pwr.o(.text)
    PWR_EnterSTOPMode                        0x080028a3   Thumb Code    42  stm32f10x_pwr.o(.text)
    PWR_EnterSTANDBYMode                     0x080028cd   Thumb Code    32  stm32f10x_pwr.o(.text)
    PWR_GetFlagStatus                        0x080028ed   Thumb Code    16  stm32f10x_pwr.o(.text)
    PWR_ClearFlag                            0x080028fd   Thumb Code    12  stm32f10x_pwr.o(.text)
    EXTI_DeInit                              0x08002915   Thumb Code    28  stm32f10x_exti.o(.text)
    EXTI_Init                                0x08002931   Thumb Code   108  stm32f10x_exti.o(.text)
    EXTI_StructInit                          0x0800299d   Thumb Code    14  stm32f10x_exti.o(.text)
    EXTI_GenerateSWInterrupt                 0x080029ab   Thumb Code    12  stm32f10x_exti.o(.text)
    EXTI_GetFlagStatus                       0x080029b7   Thumb Code    18  stm32f10x_exti.o(.text)
    EXTI_ClearFlag                           0x080029c9   Thumb Code     8  stm32f10x_exti.o(.text)
    EXTI_GetITStatus                         0x080029d1   Thumb Code    28  stm32f10x_exti.o(.text)
    EXTI_ClearITPendingBit                   0x080029ed   Thumb Code     8  stm32f10x_exti.o(.text)
    BSP_CPU_ClkFreq                          0x080029fd   Thumb Code    16  bsp.o(.text)
    CPU_TS_TmrInit                           0x08002a0d   Thumb Code    38  bsp.o(.text)
    CPU_TS_TmrRd                             0x08002a33   Thumb Code     6  bsp.o(.text)
    CPU_TS32_to_uSec                         0x08002a39   Thumb Code    32  bsp.o(.text)
    CPU_NameClr                              0x08002a65   Thumb Code    26  cpu_core.o(.text)
    CPU_Init                                 0x08002a7f   Thumb Code    18  cpu_core.o(.text)
    CPU_SW_Exception                         0x08002a91   Thumb Code     2  cpu_core.o(.text)
    CPU_NameGet                              0x08002a93   Thumb Code    46  cpu_core.o(.text)
    CPU_NameSet                              0x08002ac1   Thumb Code    62  cpu_core.o(.text)
    CPU_TS_Get32                             0x08002aff   Thumb Code     4  cpu_core.o(.text)
    CPU_TS_Update                            0x08002b03   Thumb Code     2  cpu_core.o(.text)
    CPU_TS_TmrFreqGet                        0x08002b05   Thumb Code    24  cpu_core.o(.text)
    CPU_TS_TmrFreqSet                        0x08002b1d   Thumb Code     6  cpu_core.o(.text)
    CPU_CntLeadZeros08                       0x08002b23   Thumb Code    10  cpu_core.o(.text)
    CPU_CntLeadZeros16                       0x08002b2d   Thumb Code    10  cpu_core.o(.text)
    CPU_CntLeadZeros32                       0x08002b37   Thumb Code     4  cpu_core.o(.text)
    CPU_CntLeadZeros64                       0x08002b3b   Thumb Code   152  cpu_core.o(.text)
    CPU_CntTrailZeros08                      0x08002bd3   Thumb Code    10  cpu_core.o(.text)
    CPU_CntTrailZeros16                      0x08002bdd   Thumb Code    10  cpu_core.o(.text)
    CPU_CntTrailZeros32                      0x08002be7   Thumb Code    10  cpu_core.o(.text)
    CPU_CntTrailZeros64                      0x08002bf1   Thumb Code    36  cpu_core.o(.text)
    CPU_IntDis                               0x08002c21   Thumb Code     0  cpu_a.o(.text)
    CPU_IntEn                                0x08002c25   Thumb Code     0  cpu_a.o(.text)
    CPU_SR_Save                              0x08002c29   Thumb Code     0  cpu_a.o(.text)
    CPU_SR_Restore                           0x08002c31   Thumb Code     0  cpu_a.o(.text)
    CPU_WaitForInt                           0x08002c37   Thumb Code     0  cpu_a.o(.text)
    CPU_WaitForExcept                        0x08002c3b   Thumb Code     0  cpu_a.o(.text)
    CPU_CntLeadZeros                         0x08002c3f   Thumb Code     0  cpu_a.o(.text)
    CPU_CntTrailZeros                        0x08002c45   Thumb Code     0  cpu_a.o(.text)
    CPU_RevBits                              0x08002c4f   Thumb Code     0  cpu_a.o(.text)
    ASCII_IsAlpha                            0x08002c55   Thumb Code    22  lib_ascii.o(.text)
    ASCII_IsAlphaNum                         0x08002c6b   Thumb Code    28  lib_ascii.o(.text)
    ASCII_IsLower                            0x08002c87   Thumb Code    14  lib_ascii.o(.text)
    ASCII_IsUpper                            0x08002c95   Thumb Code    14  lib_ascii.o(.text)
    ASCII_IsDig                              0x08002ca3   Thumb Code    14  lib_ascii.o(.text)
    ASCII_IsDigOct                           0x08002cb1   Thumb Code    14  lib_ascii.o(.text)
    ASCII_IsDigHex                           0x08002cbf   Thumb Code    28  lib_ascii.o(.text)
    ASCII_IsBlank                            0x08002cdb   Thumb Code    16  lib_ascii.o(.text)
    ASCII_IsSpace                            0x08002ceb   Thumb Code    32  lib_ascii.o(.text)
    ASCII_IsPrint                            0x08002d0b   Thumb Code    14  lib_ascii.o(.text)
    ASCII_IsGraph                            0x08002d19   Thumb Code    14  lib_ascii.o(.text)
    ASCII_IsPunct                            0x08002d27   Thumb Code    58  lib_ascii.o(.text)
    ASCII_IsCtrl                             0x08002d61   Thumb Code    22  lib_ascii.o(.text)
    ASCII_ToLower                            0x08002d77   Thumb Code    14  lib_ascii.o(.text)
    ASCII_ToUpper                            0x08002d85   Thumb Code    14  lib_ascii.o(.text)
    ASCII_Cmp                                0x08002d93   Thumb Code    28  lib_ascii.o(.text)
    Mem_Init                                 0x08002db1   Thumb Code    54  lib_mem.o(.text)
    Mem_Set                                  0x08002de7   Thumb Code    62  lib_mem.o(.text)
    Mem_Clr                                  0x08002e25   Thumb Code     6  lib_mem.o(.text)
    Mem_Move                                 0x08002e2b   Thumb Code   116  lib_mem.o(.text)
    Mem_Cmp                                  0x08002e9f   Thumb Code   126  lib_mem.o(.text)
    Mem_HeapAlloc                            0x08002f75   Thumb Code   114  lib_mem.o(.text)
    Mem_SegGetSizeRem                        0x08002fe7   Thumb Code    60  lib_mem.o(.text)
    Mem_HeapGetSizeRem                       0x08003023   Thumb Code     8  lib_mem.o(.text)
    Mem_PoolClr                              0x0800302b   Thumb Code    56  lib_mem.o(.text)
    Mem_PoolCreate                           0x08003063   Thumb Code   582  lib_mem.o(.text)
    Mem_PoolBlkGetNbrAvail                   0x080032a9   Thumb Code    26  lib_mem.o(.text)
    Mem_PoolBlkGet                           0x080032c3   Thumb Code    68  lib_mem.o(.text)
    Mem_PoolBlkGetUsedAtIx                   0x08003307   Thumb Code    62  lib_mem.o(.text)
    Mem_PoolBlkFree                          0x08003345   Thumb Code   100  lib_mem.o(.text)
    Mem_PoolBlkIxGet                         0x080033a9   Thumb Code   104  lib_mem.o(.text)
    Str_Len_N                                0x08003419   Thumb Code    22  lib_str.o(.text)
    Str_Len                                  0x0800342f   Thumb Code     6  lib_str.o(.text)
    Str_Copy_N                               0x08003435   Thumb Code    48  lib_str.o(.text)
    Str_Copy                                 0x08003465   Thumb Code     6  lib_str.o(.text)
    Str_Cat_N                                0x0800346b   Thumb Code    58  lib_str.o(.text)
    Str_Cat                                  0x080034a5   Thumb Code     6  lib_str.o(.text)
    Str_Cmp_N                                0x080034ab   Thumb Code    86  lib_str.o(.text)
    Str_Cmp                                  0x08003501   Thumb Code     6  lib_str.o(.text)
    Str_CmpIgnoreCase_N                      0x08003507   Thumb Code   146  lib_str.o(.text)
    Str_CmpIgnoreCase                        0x08003599   Thumb Code     6  lib_str.o(.text)
    Str_Char_N                               0x0800359f   Thumb Code    46  lib_str.o(.text)
    Str_Char                                 0x080035cd   Thumb Code     8  lib_str.o(.text)
    Str_Char_Last_N                          0x080035d5   Thumb Code    44  lib_str.o(.text)
    Str_Char_Last                            0x08003601   Thumb Code     8  lib_str.o(.text)
    Str_Char_Replace_N                       0x08003609   Thumb Code    40  lib_str.o(.text)
    Str_Char_Replace                         0x08003631   Thumb Code     6  lib_str.o(.text)
    Str_Str_N                                0x08003637   Thumb Code   120  lib_str.o(.text)
    Str_Str                                  0x080036af   Thumb Code     6  lib_str.o(.text)
    Str_FmtNbr_Int32U                        0x0800380d   Thumb Code    24  lib_str.o(.text)
    Str_FmtNbr_Int32S                        0x08003825   Thumb Code    40  lib_str.o(.text)
    Str_ParseNbr_Int32U                      0x08003987   Thumb Code    12  lib_str.o(.text)
    Str_ParseNbr_Int32S                      0x08003993   Thumb Code    42  lib_str.o(.text)
    Mem_Copy                                 0x080039c1   Thumb Code     0  lib_mem_a.o(.text)
    OSCfg_Init                               0x08003be1   Thumb Code     2  os_cfg_app.o(.text)
    OS_IdleTask                              0x08003be5   Thumb Code    22  os_core.o(.text)
    OS_IdleTaskInit                          0x08003bfb   Thumb Code    62  os_core.o(.text)
    OS_RdyListInit                           0x08003c39   Thumb Code    30  os_core.o(.text)
    OSInit                                   0x08003c57   Thumb Code   260  os_core.o(.text)
    OSIntEnter                               0x08003d5b   Thumb Code    22  os_core.o(.text)
    OSIntExit                                0x08003d71   Thumb Code   100  os_core.o(.text)
    OSSched                                  0x08003dd5   Thumb Code    86  os_core.o(.text)
    OS_SchedLockTimeMeasStart                0x08003e2b   Thumb Code    20  os_core.o(.text)
    OSSchedLock                              0x08003e3f   Thumb Code    72  os_core.o(.text)
    OS_SchedLockTimeMeasStop                 0x08003e87   Thumb Code    42  os_core.o(.text)
    OSSchedUnlock                            0x08003eb1   Thumb Code    92  os_core.o(.text)
    OSStart                                  0x08003f0d   Thumb Code    62  os_core.o(.text)
    OSVersion                                0x08003f4b   Thumb Code    10  os_core.o(.text)
    OS_PendDbgNameAdd                        0x08003f55   Thumb Code    46  os_core.o(.text)
    OS_PendListInsertPrio                    0x08003f83   Thumb Code   252  os_core.o(.text)
    OS_PendDataInit                          0x0800407f   Thumb Code    48  os_core.o(.text)
    OS_RdyListRemove                         0x080040af   Thumb Code    78  os_core.o(.text)
    OS_TaskBlock                             0x080040fd   Thumb Code    42  os_core.o(.text)
    OS_Pend                                  0x08004127   Thumb Code    72  os_core.o(.text)
    OS_PendListRemove1                       0x0800416f   Thumb Code    54  os_core.o(.text)
    OS_PendListRemove                        0x080041a5   Thumb Code    38  os_core.o(.text)
    OS_PendAbort1                            0x080041cb   Thumb Code    32  os_core.o(.text)
    OS_RdyListInsertHead                     0x080041eb   Thumb Code    52  os_core.o(.text)
    OS_RdyListInsertTail                     0x0800421f   Thumb Code    48  os_core.o(.text)
    OS_RdyListInsert                         0x0800424f   Thumb Code    38  os_core.o(.text)
    OS_TaskRdy                               0x08004275   Thumb Code    26  os_core.o(.text)
    OS_PendAbort                             0x0800428f   Thumb Code   136  os_core.o(.text)
    OS_PendDbgNameRemove                     0x08004317   Thumb Code    22  os_core.o(.text)
    OS_PendListChangePrio                    0x0800432d   Thumb Code    50  os_core.o(.text)
    OS_PendListInit                          0x0800435f   Thumb Code    10  os_core.o(.text)
    OS_PendListInsertHead                    0x08004369   Thumb Code    32  os_core.o(.text)
    OS_PendObjDel1                           0x08004389   Thumb Code    32  os_core.o(.text)
    OS_PendObjDel                            0x080043a9   Thumb Code   126  os_core.o(.text)
    OS_Post1                                 0x08004427   Thumb Code    38  os_core.o(.text)
    OS_Post                                  0x0800444d   Thumb Code   170  os_core.o(.text)
    OS_RdyListMoveHeadToTail                 0x080044f7   Thumb Code    52  os_core.o(.text)
    OS_Sched0                                0x0800452b   Thumb Code    50  os_core.o(.text)
    OS_Dbg_Init                              0x0800456d   Thumb Code     2  os_dbg.o(.text)
    OS_FlagDbgListAdd                        0x08004571   Thumb Code    26  os_flag.o(.text)
    OSFlagCreate                             0x0800458b   Thumb Code   104  os_flag.o(.text)
    OS_FlagClr                               0x080045f3   Thumb Code    16  os_flag.o(.text)
    OS_FlagDbgListRemove                     0x08004603   Thumb Code    36  os_flag.o(.text)
    OSFlagDel                                0x08004627   Thumb Code   344  os_flag.o(.text)
    OS_FlagBlock                             0x0800477f   Thumb Code    28  os_flag.o(.text)
    OSFlagPend                               0x0800479b   Thumb Code   584  os_flag.o(.text)
    OSFlagPendAbort                          0x080049e3   Thumb Code   196  os_flag.o(.text)
    OSFlagPendGetFlagsRdy                    0x08004aa7   Thumb Code    44  os_flag.o(.text)
    OS_FlagTaskRdy                           0x08004ad3   Thumb Code    68  os_flag.o(.text)
    OS_FlagPost                              0x08004b17   Thumb Code   294  os_flag.o(.text)
    OSFlagPost                               0x08004c3d   Thumb Code   114  os_flag.o(.text)
    OS_FlagInit                              0x08004caf   Thumb Code    14  os_flag.o(.text)
    OS_IntQPost                              0x08004cd9   Thumb Code   138  os_int.o(.text)
    OS_IntQRePost                            0x08004d63   Thumb Code   202  os_int.o(.text)
    OS_IntQTask                              0x08004e2d   Thumb Code   106  os_int.o(.text)
    OS_IntQTaskInit                          0x08004e97   Thumb Code   194  os_int.o(.text)
    OS_MemDbgListAdd                         0x08004fe9   Thumb Code    22  os_mem.o(.text)
    OSMemCreate                              0x08004fff   Thumb Code   186  os_mem.o(.text)
    OSMemGet                                 0x080050b9   Thumb Code    60  os_mem.o(.text)
    OSMemPut                                 0x080050f5   Thumb Code    70  os_mem.o(.text)
    OS_MemInit                               0x0800513b   Thumb Code    14  os_mem.o(.text)
    OS_MsgPoolCreate                         0x0800515d   Thumb Code    48  os_msg.o(.text)
    OS_MsgPoolInit                           0x0800518d   Thumb Code    58  os_msg.o(.text)
    OS_MsgQFreeAll                           0x080051c7   Thumb Code    48  os_msg.o(.text)
    OS_MsgQInit                              0x080051f7   Thumb Code    14  os_msg.o(.text)
    OS_MsgQGet                               0x08005205   Thumb Code    82  os_msg.o(.text)
    OS_MsgQPut                               0x08005257   Thumb Code   128  os_msg.o(.text)
    OS_MutexDbgListAdd                       0x080052e5   Thumb Code    26  os_mutex.o(.text)
    OSMutexCreate                            0x080052ff   Thumb Code   112  os_mutex.o(.text)
    OS_MutexClr                              0x0800536f   Thumb Code    24  os_mutex.o(.text)
    OS_MutexDbgListRemove                    0x08005387   Thumb Code    36  os_mutex.o(.text)
    OSMutexDel                               0x080053ab   Thumb Code   470  os_mutex.o(.text)
    OSMutexPend                              0x08005581   Thumb Code   490  os_mutex.o(.text)
    OSMutexPendAbort                         0x0800576b   Thumb Code   196  os_mutex.o(.text)
    OSMutexPost                              0x0800582f   Thumb Code   364  os_mutex.o(.text)
    OS_MutexInit                             0x0800599b   Thumb Code    14  os_mutex.o(.text)
    OS_PrioInit                              0x080059c9   Thumb Code    18  os_prio.o(.text)
    OS_PrioGetHighest                        0x080059db   Thumb Code    32  os_prio.o(.text)
    OS_PrioInsert                            0x080059fb   Thumb Code    28  os_prio.o(.text)
    OS_PrioRemove                            0x08005a17   Thumb Code    28  os_prio.o(.text)
    OS_QDbgListAdd                           0x08005a39   Thumb Code    26  os_q.o(.text)
    OSQCreate                                0x08005a53   Thumb Code   118  os_q.o(.text)
    OS_QClr                                  0x08005ac9   Thumb Code    40  os_q.o(.text)
    OS_QDbgListRemove                        0x08005af1   Thumb Code    36  os_q.o(.text)
    OSQDel                                   0x08005b15   Thumb Code   256  os_q.o(.text)
    OSQFlush                                 0x08005c15   Thumb Code   116  os_q.o(.text)
    OSQPend                                  0x08005c89   Thumb Code   344  os_q.o(.text)
    OSQPendAbort                             0x08005de1   Thumb Code   236  os_q.o(.text)
    OS_QPost                                 0x08005ecd   Thumb Code   194  os_q.o(.text)
    OSQPost                                  0x08005f8f   Thumb Code   146  os_q.o(.text)
    OS_QInit                                 0x08006021   Thumb Code    14  os_q.o(.text)
    OS_SemDbgListAdd                         0x08006049   Thumb Code    26  os_sem.o(.text)
    OSSemCreate                              0x08006063   Thumb Code   104  os_sem.o(.text)
    OS_SemClr                                0x080060cb   Thumb Code    22  os_sem.o(.text)
    OS_SemDbgListRemove                      0x080060e1   Thumb Code    36  os_sem.o(.text)
    OSSemDel                                 0x08006105   Thumb Code   256  os_sem.o(.text)
    OSSemPend                                0x08006205   Thumb Code   298  os_sem.o(.text)
    OSSemPendAbort                           0x0800632f   Thumb Code   196  os_sem.o(.text)
    OS_SemPost                               0x080063f3   Thumb Code   202  os_sem.o(.text)
    OSSemPost                                0x080064bd   Thumb Code   114  os_sem.o(.text)
    OSSemSet                                 0x0800652f   Thumb Code    78  os_sem.o(.text)
    OS_SemInit                               0x0800657d   Thumb Code    14  os_sem.o(.text)
    OSTaskChangePrio                         0x0800659d   Thumb Code   240  os_task.o(.text)
    OS_TaskDbgListAdd                        0x0800668d   Thumb Code    30  os_task.o(.text)
    OS_TaskInitTCB                           0x080066ab   Thumb Code   180  os_task.o(.text)
    OSTaskCreate                             0x0800675f   Thumb Code   384  os_task.o(.text)
    OS_TaskDbgListRemove                     0x080068df   Thumb Code    50  os_task.o(.text)
    OSTaskDel                                0x08006911   Thumb Code   308  os_task.o(.text)
    OSTaskQFlush                             0x08006a45   Thumb Code   106  os_task.o(.text)
    OSTaskQPend                              0x08006aaf   Thumb Code   328  os_task.o(.text)
    OSTaskQPendAbort                         0x08006bf7   Thumb Code   140  os_task.o(.text)
    OS_TaskQPost                             0x08006c83   Thumb Code   222  os_task.o(.text)
    OSTaskQPost                              0x08006d61   Thumb Code    96  os_task.o(.text)
    OSTaskRegGet                             0x08006dc1   Thumb Code    68  os_task.o(.text)
    OSTaskRegGetID                           0x08006e05   Thumb Code    42  os_task.o(.text)
    OSTaskRegSet                             0x08006e2f   Thumb Code    40  os_task.o(.text)
    OS_TaskResume                            0x08006e57   Thumb Code   184  os_task.o(.text)
    OSTaskResume                             0x08006f0f   Thumb Code    78  os_task.o(.text)
    OSTaskSemPend                            0x08006f5d   Thumb Code   300  os_task.o(.text)
    OSTaskSemPendAbort                       0x08007089   Thumb Code   148  os_task.o(.text)
    OS_TaskSemPost                           0x0800711d   Thumb Code   284  os_task.o(.text)
    OSTaskSemPost                            0x08007239   Thumb Code    78  os_task.o(.text)
    OSTaskSemSet                             0x08007287   Thumb Code    52  os_task.o(.text)
    OSTaskStkChk                             0x080072bb   Thumb Code   136  os_task.o(.text)
    OS_TaskSuspend                           0x08007343   Thumb Code   158  os_task.o(.text)
    OSTaskSuspend                            0x080073e1   Thumb Code    64  os_task.o(.text)
    OS_TaskInit                              0x08007421   Thumb Code    18  os_task.o(.text)
    OS_TaskReturn                            0x08007433   Thumb Code    20  os_task.o(.text)
    OS_TickListRemove                        0x08007471   Thumb Code    54  os_tick.o(.text)
    OS_TickListUpdate                        0x080074a7   Thumb Code   304  os_tick.o(.text)
    OS_TickTask                              0x080075d7   Thumb Code    36  os_tick.o(.text)
    OS_TickListInit                          0x080075fb   Thumb Code    34  os_tick.o(.text)
    OS_TickTaskInit                          0x0800761d   Thumb Code   114  os_tick.o(.text)
    OS_TickListInsert                        0x0800768f   Thumb Code   202  os_tick.o(.text)
    OS_TickListResetPeak                     0x08007759   Thumb Code    30  os_tick.o(.text)
    OSTimeDly                                0x080077c1   Thumb Code   158  os_time.o(.text)
    OSTimeDlyHMSM                            0x0800785f   Thumb Code   308  os_time.o(.text)
    OSTimeDlyResume                          0x08007993   Thumb Code   184  os_time.o(.text)
    OSTimeGet                                0x08007a4b   Thumb Code    24  os_time.o(.text)
    OSTimeSet                                0x08007a63   Thumb Code    24  os_time.o(.text)
    OSTimeTick                               0x08007a7b   Thumb Code    52  os_time.o(.text)
    OS_TmrDbgListAdd                         0x08007ad1   Thumb Code    22  os_tmr.o(.text)
    OSTmrCreate                              0x08007ae7   Thumb Code   168  os_tmr.o(.text)
    OS_TmrClr                                0x08007b8f   Thumb Code    34  os_tmr.o(.text)
    OS_TmrUnlink                             0x08007bb1   Thumb Code    68  os_tmr.o(.text)
    OS_TmrDbgListRemove                      0x08007bf5   Thumb Code    36  os_tmr.o(.text)
    OSTmrDel                                 0x08007c19   Thumb Code   134  os_tmr.o(.text)
    OSTmrRemainGet                           0x08007c9f   Thumb Code   140  os_tmr.o(.text)
    OS_TmrLink                               0x08007d2b   Thumb Code   140  os_tmr.o(.text)
    OSTmrStart                               0x08007db7   Thumb Code   122  os_tmr.o(.text)
    OSTmrStateGet                            0x08007e31   Thumb Code    86  os_tmr.o(.text)
    OSTmrStop                                0x08007e87   Thumb Code   226  os_tmr.o(.text)
    OS_TmrTask                               0x08007f69   Thumb Code   164  os_tmr.o(.text)
    OS_TmrInit                               0x0800800d   Thumb Code   174  os_tmr.o(.text)
    OS_TmrResetPeak                          0x080080bb   Thumb Code    30  os_tmr.o(.text)
    OSIdleTaskHook                           0x0800812d   Thumb Code    12  os_cpu_c.o(.text)
    OSInitHook                               0x08008139   Thumb Code    22  os_cpu_c.o(.text)
    OSStatTaskHook                           0x0800814f   Thumb Code    12  os_cpu_c.o(.text)
    OSTaskCreateHook                         0x0800815b   Thumb Code    12  os_cpu_c.o(.text)
    OSTaskDelHook                            0x08008167   Thumb Code    12  os_cpu_c.o(.text)
    OSTaskReturnHook                         0x08008173   Thumb Code    12  os_cpu_c.o(.text)
    OSTaskStkInit                            0x0800817f   Thumb Code    96  os_cpu_c.o(.text)
    OSTaskSwHook                             0x080081df   Thumb Code    72  os_cpu_c.o(.text)
    OSTimeTickHook                           0x08008227   Thumb Code    12  os_cpu_c.o(.text)
    OS_CPU_SysTickHandler                    0x08008233   Thumb Code    30  os_cpu_c.o(.text)
    OS_CPU_SysTickInit                       0x08008251   Thumb Code    36  os_cpu_c.o(.text)
    __use_no_semihosting                     0x080082b5   Thumb Code     2  use_no_semi_2.o(.text)
    __aeabi_uldivmod                         0x080082b7   Thumb Code     0  lludivv7m.o(.text)
    _ll_udiv                                 0x080082b7   Thumb Code   238  lludivv7m.o(.text)
    __2printf                                0x080083a5   Thumb Code    20  noretval__2printf.o(.text)
    __use_two_region_memory                  0x080083bd   Thumb Code     2  heapauxi.o(.text)
    __rt_heap_escrow$2region                 0x080083bf   Thumb Code     2  heapauxi.o(.text)
    __rt_heap_expand$2region                 0x080083c1   Thumb Code     2  heapauxi.o(.text)
    __I$use$semihosting                      0x080083c3   Thumb Code     0  use_no_semi.o(.text)
    __use_no_semihosting_swi                 0x080083c3   Thumb Code     2  use_no_semi.o(.text)
    _printf_char_file                        0x080083c5   Thumb Code    32  _printf_char_file.o(.text)
    _printf_char_common                      0x080083f3   Thumb Code    32  _printf_char_common.o(.text)
    ferror                                   0x08008419   Thumb Code     8  ferror.o(.text)
    __user_setup_stackheap                   0x08008421   Thumb Code    74  sys_stackheap_outer.o(.text)
    __printf                                 0x0800846b   Thumb Code    40  __printf_nopercent.o(.text)
    exit                                     0x08008493   Thumb Code    18  exit.o(.text)
    __user_libspace                          0x080084a5   Thumb Code     8  libspace.o(.text)
    __user_perproc_libspace                  0x080084a5   Thumb Code     0  libspace.o(.text)
    __user_perthread_libspace                0x080084a5   Thumb Code     0  libspace.o(.text)
    OSStartHighRdy                           0x080084ad   Thumb Code     0  os_cpu_a.o(CODE)
    OSCtxSw                                  0x080084cf   Thumb Code     0  os_cpu_a.o(CODE)
    OSIntCtxSw                               0x080084d9   Thumb Code     0  os_cpu_a.o(CODE)
    PendSV_Handler                           0x080084e3   Thumb Code     0  os_cpu_a.o(CODE)
    OSCfg_TickTaskPrio                       0x080086d8   Data           1  os_cfg_app.o(.constdata)
    OSCfg_TmrTaskPrio                        0x080086d9   Data           1  os_cfg_app.o(.constdata)
    OSCfg_IntQSize                           0x080086da   Data           2  os_cfg_app.o(.constdata)
    OSCfg_MsgPoolSize                        0x080086dc   Data           2  os_cfg_app.o(.constdata)
    OSCfg_TickWheelSize                      0x080086de   Data           2  os_cfg_app.o(.constdata)
    OSCfg_TmrWheelSize                       0x080086e0   Data           2  os_cfg_app.o(.constdata)
    OSCfg_IdleTaskStkBasePtr                 0x080086e4   Data           4  os_cfg_app.o(.constdata)
    OSCfg_IdleTaskStkLimit                   0x080086e8   Data           4  os_cfg_app.o(.constdata)
    OSCfg_IdleTaskStkSize                    0x080086ec   Data           4  os_cfg_app.o(.constdata)
    OSCfg_IdleTaskStkSizeRAM                 0x080086f0   Data           4  os_cfg_app.o(.constdata)
    OSCfg_IntQBasePtr                        0x080086f4   Data           4  os_cfg_app.o(.constdata)
    OSCfg_IntQSizeRAM                        0x080086f8   Data           4  os_cfg_app.o(.constdata)
    OSCfg_IntQTaskStkBasePtr                 0x080086fc   Data           4  os_cfg_app.o(.constdata)
    OSCfg_IntQTaskStkLimit                   0x08008700   Data           4  os_cfg_app.o(.constdata)
    OSCfg_IntQTaskStkSize                    0x08008704   Data           4  os_cfg_app.o(.constdata)
    OSCfg_IntQTaskStkSizeRAM                 0x08008708   Data           4  os_cfg_app.o(.constdata)
    OSCfg_ISRStkBasePtr                      0x0800870c   Data           4  os_cfg_app.o(.constdata)
    OSCfg_ISRStkSize                         0x08008710   Data           4  os_cfg_app.o(.constdata)
    OSCfg_ISRStkSizeRAM                      0x08008714   Data           4  os_cfg_app.o(.constdata)
    OSCfg_MsgPoolSizeRAM                     0x08008718   Data           4  os_cfg_app.o(.constdata)
    OSCfg_MsgPoolBasePtr                     0x0800871c   Data           4  os_cfg_app.o(.constdata)
    OSCfg_StkSizeMin                         0x08008720   Data           4  os_cfg_app.o(.constdata)
    OSCfg_TickRate_Hz                        0x08008724   Data           4  os_cfg_app.o(.constdata)
    OSCfg_TickTaskStkBasePtr                 0x08008728   Data           4  os_cfg_app.o(.constdata)
    OSCfg_TickTaskStkLimit                   0x0800872c   Data           4  os_cfg_app.o(.constdata)
    OSCfg_TickTaskStkSize                    0x08008730   Data           4  os_cfg_app.o(.constdata)
    OSCfg_TickTaskStkSizeRAM                 0x08008734   Data           4  os_cfg_app.o(.constdata)
    OSCfg_TickWheelSizeRAM                   0x08008738   Data           4  os_cfg_app.o(.constdata)
    OSCfg_TmrTaskRate_Hz                     0x0800873c   Data           4  os_cfg_app.o(.constdata)
    OSCfg_TmrTaskStkBasePtr                  0x08008740   Data           4  os_cfg_app.o(.constdata)
    OSCfg_TmrTaskStkLimit                    0x08008744   Data           4  os_cfg_app.o(.constdata)
    OSCfg_TmrTaskStkSize                     0x08008748   Data           4  os_cfg_app.o(.constdata)
    OSCfg_TmrTaskStkSizeRAM                  0x0800874c   Data           4  os_cfg_app.o(.constdata)
    OSCfg_TmrWheelSizeRAM                    0x08008750   Data           4  os_cfg_app.o(.constdata)
    OSCfg_DataSizeRAM                        0x08008754   Data           4  os_cfg_app.o(.constdata)
    Region$$Table$$Base                      0x08008758   Number         0  anon$$obj.o(Region$$Table)
    Region$$Table$$Limit                     0x08008778   Number         0  anon$$obj.o(Region$$Table)
    Mk_UsartAll                              0x20000000   Data           1  main.o(.data)
    pre_cnt_rs2                              0x20000001   Data           1  main.o(.data)
    tim2_count                               0x20000002   Data           1  main.o(.data)
    SystemCoreClock                          0x20000004   Data           4  system_stm32f10x.o(.data)
    AHBPrescTable                            0x20000008   Data          16  system_stm32f10x.o(.data)
    status                                   0x20000018   Data           1  george_system.o(.data)
    i                                        0x20000019   Data           1  servo.o(.data)
    tim1                                     0x2000001a   Data           1  servo.o(.data)
    Pulse1                                   0x2000001b   Data           1  servo.o(.data)
    Pulse2                                   0x2000001c   Data           1  servo.o(.data)
    Pulse3                                   0x2000001d   Data           1  servo.o(.data)
    Pulse4                                   0x2000001e   Data           1  servo.o(.data)
    phasecw                                  0x2000001f   Data           8  stepper.o(.data)
    phaseccw                                 0x20000027   Data           8  stepper.o(.data)
    RxCount                                  0x20000034   Data           1  usart2.o(.data)
    __stdout                                 0x20000038   Data           4  usart.o(.data)
    CPU_TS_TmrFreq_Hz                        0x20000050   Data           4  cpu_core.o(.data)
    Mem_PoolTbl                              0x20000054   Data           4  lib_mem.o(.data)
    OSPrioTbl                                0x20000058   Data           8  os_prio.o(.data)
    OS_AppTaskCreateHookPtr                  0x20000060   Data           4  os_var.o(.data)
    OS_AppTaskDelHookPtr                     0x20000064   Data           4  os_var.o(.data)
    OS_AppTaskReturnHookPtr                  0x20000068   Data           4  os_var.o(.data)
    OS_AppIdleTaskHookPtr                    0x2000006c   Data           4  os_var.o(.data)
    OS_AppStatTaskHookPtr                    0x20000070   Data           4  os_var.o(.data)
    OS_AppTaskSwHookPtr                      0x20000074   Data           4  os_var.o(.data)
    OS_AppTimeTickHookPtr                    0x20000078   Data           4  os_var.o(.data)
    OSIdleTaskCtr                            0x2000007c   Data           4  os_var.o(.data)
    OSIntNestingCtr                          0x20000080   Data           1  os_var.o(.data)
    OSRunning                                0x20000081   Data           1  os_var.o(.data)
    OSIntQInPtr                              0x20000084   Data           4  os_var.o(.data)
    OSIntQOutPtr                             0x20000088   Data           4  os_var.o(.data)
    OSIntQNbrEntries                         0x2000008c   Data           2  os_var.o(.data)
    OSIntQNbrEntriesMax                      0x2000008e   Data           2  os_var.o(.data)
    OSIntQOvfCtr                             0x20000090   Data           2  os_var.o(.data)
    OSIntQTaskTimeMax                        0x20000094   Data           4  os_var.o(.data)
    OSFlagDbgListPtr                         0x20000098   Data           4  os_var.o(.data)
    OSFlagQty                                0x2000009c   Data           2  os_var.o(.data)
    OSMemDbgListPtr                          0x200000a0   Data           4  os_var.o(.data)
    OSMemQty                                 0x200000a4   Data           2  os_var.o(.data)
    OSMutexDbgListPtr                        0x200000a8   Data           4  os_var.o(.data)
    OSMutexQty                               0x200000ac   Data           2  os_var.o(.data)
    OSPrioCur                                0x200000ae   Data           1  os_var.o(.data)
    OSPrioHighRdy                            0x200000af   Data           1  os_var.o(.data)
    OSPrioSaved                              0x200000b0   Data           1  os_var.o(.data)
    OSQDbgListPtr                            0x200000b4   Data           4  os_var.o(.data)
    OSQQty                                   0x200000b8   Data           2  os_var.o(.data)
    OSSchedLockTimeBegin                     0x200000bc   Data           4  os_var.o(.data)
    OSSchedLockTimeMax                       0x200000c0   Data           4  os_var.o(.data)
    OSSchedLockTimeMaxCur                    0x200000c4   Data           4  os_var.o(.data)
    OSSchedLockNestingCtr                    0x200000c8   Data           1  os_var.o(.data)
    OSSemDbgListPtr                          0x200000cc   Data           4  os_var.o(.data)
    OSSemQty                                 0x200000d0   Data           2  os_var.o(.data)
    OSTaskCtxSwCtr                           0x200000d4   Data           4  os_var.o(.data)
    OSTaskDbgListPtr                         0x200000d8   Data           4  os_var.o(.data)
    OSTaskQty                                0x200000dc   Data           2  os_var.o(.data)
    OSTaskRegNextAvailID                     0x200000de   Data           1  os_var.o(.data)
    OSTickCtr                                0x200000e0   Data           4  os_var.o(.data)
    OSTickTaskTimeMax                        0x200000e4   Data           4  os_var.o(.data)
    OSTmrDbgListPtr                          0x200000e8   Data           4  os_var.o(.data)
    OSTmrQty                                 0x200000ec   Data           2  os_var.o(.data)
    OSTmrTaskTimeMax                         0x200000f0   Data           4  os_var.o(.data)
    OSTmrTickCtr                             0x200000f4   Data           4  os_var.o(.data)
    OSTmrUpdateCnt                           0x200000f8   Data           4  os_var.o(.data)
    OSTmrUpdateCtr                           0x200000fc   Data           4  os_var.o(.data)
    OSTCBCurPtr                              0x20000100   Data           4  os_var.o(.data)
    OSTCBHighRdyPtr                          0x20000104   Data           4  os_var.o(.data)
    OS_CPU_ExceptStkBase                     0x20000108   Data           4  os_cpu_c.o(.data)
    StartTaskTCB                             0x2000010c   Data         196  main.o(.bss)
    START_TASK_STK                           0x200001d0   Data         512  main.o(.bss)
    Task1_TaskTCB                            0x200003d0   Data         196  main.o(.bss)
    TASK1_TASK_STK                           0x20000494   Data         512  main.o(.bss)
    Task2_TaskTCB                            0x20000694   Data         196  main.o(.bss)
    TASK2_TASK_STK                           0x20000758   Data         512  main.o(.bss)
    RxBuffer                                 0x20000958   Data          15  usart2.o(.bss)
    CPU_Name                                 0x20000967   Data          16  cpu_core.o(.bss)
    Mem_PoolHeap                             0x20000978   Data          72  lib_mem.o(.bss)
    Mem_Heap                                 0x200009c0   Data        1024  lib_mem.o(.bss)
    OSCfg_IdleTaskStk                        0x20000dc0   Data         512  os_cfg_app.o(.bss)
    OSCfg_IntQ                               0x20000fc0   Data         320  os_cfg_app.o(.bss)
    OSCfg_IntQTaskStk                        0x20001100   Data         512  os_cfg_app.o(.bss)
    OSCfg_ISRStk                             0x20001300   Data         512  os_cfg_app.o(.bss)
    OSCfg_MsgPool                            0x20001500   Data        1600  os_cfg_app.o(.bss)
    OSCfg_TickTaskStk                        0x20001b40   Data         512  os_cfg_app.o(.bss)
    OSCfg_TickWheel                          0x20001d40   Data         136  os_cfg_app.o(.bss)
    OSCfg_TmrTaskStk                         0x20001dc8   Data         512  os_cfg_app.o(.bss)
    OSCfg_TmrWheel                           0x20001fc8   Data         136  os_cfg_app.o(.bss)
    OSIdleTaskTCB                            0x20002050   Data         196  os_var.o(.bss)
    OSIntQTaskTCB                            0x20002114   Data         196  os_var.o(.bss)
    OSMsgPool                                0x200021d8   Data          12  os_var.o(.bss)
    OSRdyList                                0x200021e4   Data         768  os_var.o(.bss)
    OSTickTaskTCB                            0x200024e4   Data         196  os_var.o(.bss)
    OSTmrTaskTCB                             0x200025a8   Data         196  os_var.o(.bss)
    __libspace_start                         0x2000266c   Data          96  libspace.o(.bss)
    __temporary_stack_top$libspace           0x200026cc   Data           0  libspace.o(.bss)



==============================================================================

Memory Map of the image

  Image Entry point : 0x08000131

  Load Region LR_IROM1 (Base: 0x08000000, Size: 0x00008884, Max: 0x00010000, ABSOLUTE)

    Execution Region ER_IROM1 (Base: 0x08000000, Size: 0x00008778, Max: 0x00010000, ABSOLUTE)

    Base Addr    Size         Type   Attr      Idx    E Section Name        Object

    0x08000000   0x00000130   Data   RO          467    RESET               startup_stm32f10x_hd.o
    0x08000130   0x00000008   Code   RO         1067  * !!!main             c_w.l(__main.o)
    0x08000138   0x00000034   Code   RO         1242    !!!scatter          c_w.l(__scatter.o)
    0x0800016c   0x0000001a   Code   RO         1244    !!handler_copy      c_w.l(__scatter_copy.o)
    0x08000186   0x00000002   PAD
    0x08000188   0x0000001c   Code   RO         1246    !!handler_zi        c_w.l(__scatter_zi.o)
    0x080001a4   0x00000002   Code   RO         1116    .ARM.Collect$$libinit$$00000000  c_w.l(libinit.o)
    0x080001a6   0x00000000   Code   RO         1129    .ARM.Collect$$libinit$$00000002  c_w.l(libinit2.o)
    0x080001a6   0x00000000   Code   RO         1131    .ARM.Collect$$libinit$$00000004  c_w.l(libinit2.o)
    0x080001a6   0x00000000   Code   RO         1134    .ARM.Collect$$libinit$$0000000A  c_w.l(libinit2.o)
    0x080001a6   0x00000000   Code   RO         1136    .ARM.Collect$$libinit$$0000000C  c_w.l(libinit2.o)
    0x080001a6   0x00000000   Code   RO         1138    .ARM.Collect$$libinit$$0000000E  c_w.l(libinit2.o)
    0x080001a6   0x00000000   Code   RO         1141    .ARM.Collect$$libinit$$00000011  c_w.l(libinit2.o)
    0x080001a6   0x00000000   Code   RO         1143    .ARM.Collect$$libinit$$00000013  c_w.l(libinit2.o)
    0x080001a6   0x00000000   Code   RO         1145    .ARM.Collect$$libinit$$00000015  c_w.l(libinit2.o)
    0x080001a6   0x00000000   Code   RO         1147    .ARM.Collect$$libinit$$00000017  c_w.l(libinit2.o)
    0x080001a6   0x00000000   Code   RO         1149    .ARM.Collect$$libinit$$00000019  c_w.l(libinit2.o)
    0x080001a6   0x00000000   Code   RO         1151    .ARM.Collect$$libinit$$0000001B  c_w.l(libinit2.o)
    0x080001a6   0x00000000   Code   RO         1153    .ARM.Collect$$libinit$$0000001D  c_w.l(libinit2.o)
    0x080001a6   0x00000000   Code   RO         1155    .ARM.Collect$$libinit$$0000001F  c_w.l(libinit2.o)
    0x080001a6   0x00000000   Code   RO         1157    .ARM.Collect$$libinit$$00000021  c_w.l(libinit2.o)
    0x080001a6   0x00000000   Code   RO         1159    .ARM.Collect$$libinit$$00000023  c_w.l(libinit2.o)
    0x080001a6   0x00000000   Code   RO         1161    .ARM.Collect$$libinit$$00000025  c_w.l(libinit2.o)
    0x080001a6   0x00000000   Code   RO         1165    .ARM.Collect$$libinit$$0000002C  c_w.l(libinit2.o)
    0x080001a6   0x00000000   Code   RO         1167    .ARM.Collect$$libinit$$0000002E  c_w.l(libinit2.o)
    0x080001a6   0x00000000   Code   RO         1169    .ARM.Collect$$libinit$$00000030  c_w.l(libinit2.o)
    0x080001a6   0x00000000   Code   RO         1171    .ARM.Collect$$libinit$$00000032  c_w.l(libinit2.o)
    0x080001a6   0x00000002   Code   RO         1172    .ARM.Collect$$libinit$$00000033  c_w.l(libinit2.o)
    0x080001a8   0x00000002   Code   RO         1198    .ARM.Collect$$libshutdown$$00000000  c_w.l(libshutdown.o)
    0x080001aa   0x00000000   Code   RO         1225    .ARM.Collect$$libshutdown$$00000002  c_w.l(libshutdown2.o)
    0x080001aa   0x00000000   Code   RO         1227    .ARM.Collect$$libshutdown$$00000004  c_w.l(libshutdown2.o)
    0x080001aa   0x00000000   Code   RO         1230    .ARM.Collect$$libshutdown$$00000007  c_w.l(libshutdown2.o)
    0x080001aa   0x00000000   Code   RO         1233    .ARM.Collect$$libshutdown$$0000000A  c_w.l(libshutdown2.o)
    0x080001aa   0x00000000   Code   RO         1235    .ARM.Collect$$libshutdown$$0000000C  c_w.l(libshutdown2.o)
    0x080001aa   0x00000000   Code   RO         1238    .ARM.Collect$$libshutdown$$0000000F  c_w.l(libshutdown2.o)
    0x080001aa   0x00000002   Code   RO         1239    .ARM.Collect$$libshutdown$$00000010  c_w.l(libshutdown2.o)
    0x080001ac   0x00000000   Code   RO         1071    .ARM.Collect$$rtentry$$00000000  c_w.l(__rtentry.o)
    0x080001ac   0x00000000   Code   RO         1079    .ARM.Collect$$rtentry$$00000002  c_w.l(__rtentry2.o)
    0x080001ac   0x00000006   Code   RO         1091    .ARM.Collect$$rtentry$$00000004  c_w.l(__rtentry4.o)
    0x080001b2   0x00000000   Code   RO         1081    .ARM.Collect$$rtentry$$00000009  c_w.l(__rtentry2.o)
    0x080001b2   0x00000004   Code   RO         1082    .ARM.Collect$$rtentry$$0000000A  c_w.l(__rtentry2.o)
    0x080001b6   0x00000000   Code   RO         1084    .ARM.Collect$$rtentry$$0000000C  c_w.l(__rtentry2.o)
    0x080001b6   0x00000008   Code   RO         1085    .ARM.Collect$$rtentry$$0000000D  c_w.l(__rtentry2.o)
    0x080001be   0x00000002   Code   RO         1120    .ARM.Collect$$rtexit$$00000000  c_w.l(rtexit.o)
    0x080001c0   0x00000000   Code   RO         1174    .ARM.Collect$$rtexit$$00000002  c_w.l(rtexit2.o)
    0x080001c0   0x00000004   Code   RO         1175    .ARM.Collect$$rtexit$$00000003  c_w.l(rtexit2.o)
    0x080001c4   0x00000006   Code   RO         1176    .ARM.Collect$$rtexit$$00000004  c_w.l(rtexit2.o)
    0x080001ca   0x00000002   PAD
    0x080001cc   0x000001e4   Code   RO            1    .text               main.o
    0x080003b0   0x0000000e   Code   RO          177    .text               stm32f10x_it.o
    0x080003be   0x00000002   PAD
    0x080003c0   0x00000158   Code   RO          209    .text               system_stm32f10x.o
    0x08000518   0x000004dc   Code   RO          227    .text               robot.o
    0x080009f4   0x00000140   Code   RO          239    .text               george_system.o
    0x08000b34   0x000001e8   Code   RO          255    .text               servo.o
    0x08000d1c   0x000000d0   Code   RO          308    .text               stepper.o
    0x08000dec   0x000001bc   Code   RO          323    .text               tm1624.o
    0x08000fa8   0x00000118   Code   RO          336    .text               delay.o
    0x080010c0   0x00000198   Code   RO          368    .text               usart2.o
    0x08001258   0x000000c0   Code   RO          391    .text               usart.o
    0x08001318   0x0000005c   Code   RO          412    .text               timer.o
    0x08001374   0x000000d0   Code   RO          424    .text               wkup.o
    0x08001444   0x00000040   Code   RO          468    .text               startup_stm32f10x_hd.o
    0x08001484   0x000000b0   Code   RO          472    .text               misc.o
    0x08001534   0x00000264   Code   RO          484    .text               stm32f10x_gpio.o
    0x08001798   0x00000328   Code   RO          496    .text               stm32f10x_usart.o
    0x08001ac0   0x000002b8   Code   RO          508    .text               stm32f10x_rcc.o
    0x08001d78   0x00000af0   Code   RO          522    .text               stm32f10x_tim.o
    0x08002868   0x000000ac   Code   RO          562    .text               stm32f10x_pwr.o
    0x08002914   0x000000e8   Code   RO          574    .text               stm32f10x_exti.o
    0x080029fc   0x00000068   Code   RO          586    .text               bsp.o
    0x08002a64   0x000001bc   Code   RO          602    .text               cpu_core.o
    0x08002c20   0x00000034   Code   RO          642    .text               cpu_a.o
    0x08002c54   0x0000015a   Code   RO          645    .text               lib_ascii.o
    0x08002dae   0x00000002   PAD
    0x08002db0   0x00000668   Code   RO          680    .text               lib_mem.o
    0x08003418   0x000005a8   Code   RO          699    .text               lib_str.o
    0x080039c0   0x00000220   Code   RO          717    .text               lib_mem_a.o
    0x08003be0   0x00000002   Code   RO          720    .text               os_cfg_app.o
    0x08003be2   0x00000002   PAD
    0x08003be4   0x00000988   Code   RO          757    .text               os_core.o
    0x0800456c   0x00000002   Code   RO          770    .text               os_dbg.o
    0x0800456e   0x00000002   PAD
    0x08004570   0x00000768   Code   RO          786    .text               os_flag.o
    0x08004cd8   0x00000310   Code   RO          799    .text               os_int.o
    0x08004fe8   0x00000174   Code   RO          811    .text               os_mem.o
    0x0800515c   0x00000188   Code   RO          823    .text               os_msg.o
    0x080052e4   0x000006e4   Code   RO          835    .text               os_mutex.o
    0x080059c8   0x00000070   Code   RO          854    .text               os_prio.o
    0x08005a38   0x00000610   Code   RO          873    .text               os_q.o
    0x08006048   0x00000554   Code   RO          886    .text               os_sem.o
    0x0800659c   0x00000ed4   Code   RO          905    .text               os_task.o
    0x08007470   0x00000350   Code   RO          917    .text               os_tick.o
    0x080077c0   0x00000310   Code   RO          930    .text               os_time.o
    0x08007ad0   0x0000065c   Code   RO          942    .text               os_tmr.o
    0x0800812c   0x00000188   Code   RO         1022    .text               os_cpu_c.o
    0x080082b4   0x00000002   Code   RO         1057    .text               c_w.l(use_no_semi_2.o)
    0x080082b6   0x000000ee   Code   RO         1059    .text               c_w.l(lludivv7m.o)
    0x080083a4   0x00000018   Code   RO         1063    .text               c_w.l(noretval__2printf.o)
    0x080083bc   0x00000006   Code   RO         1065    .text               c_w.l(heapauxi.o)
    0x080083c2   0x00000002   Code   RO         1069    .text               c_w.l(use_no_semi.o)
    0x080083c4   0x00000024   Code   RO         1076    .text               c_w.l(_printf_char_file.o)
    0x080083e8   0x00000030   Code   RO         1095    .text               c_w.l(_printf_char_common.o)
    0x08008418   0x00000008   Code   RO         1097    .text               c_w.l(ferror.o)
    0x08008420   0x0000004a   Code   RO         1101    .text               c_w.l(sys_stackheap_outer.o)
    0x0800846a   0x00000028   Code   RO         1103    .text               c_w.l(__printf_nopercent.o)
    0x08008492   0x00000012   Code   RO         1105    .text               c_w.l(exit.o)
    0x080084a4   0x00000008   Code   RO         1117    .text               c_w.l(libspace.o)
    0x080084ac   0x00000098   Code   RO         1019    CODE                os_cpu_a.o
    0x08008544   0x00000100   Data   RO          604    .constdata          cpu_core.o
    0x08008644   0x00000094   Data   RO          700    .constdata          lib_str.o
    0x080086d8   0x00000080   Data   RO          730    .constdata          os_cfg_app.o
    0x08008758   0x00000020   Data   RO         1240    Region$$Table       anon$$obj.o


    Execution Region RW_IRAM1 (Base: 0x20000000, Size: 0x00002cd0, Max: 0x00005000, ABSOLUTE)

    Base Addr    Size         Type   Attr      Idx    E Section Name        Object

    0x20000000   0x00000003   Data   RW            4    .data               main.o
    0x20000003   0x00000001   PAD
    0x20000004   0x00000014   Data   RW          210    .data               system_stm32f10x.o
    0x20000018   0x00000001   Data   RW          240    .data               george_system.o
    0x20000019   0x00000006   Data   RW          256    .data               servo.o
    0x2000001f   0x00000010   Data   RW          309    .data               stepper.o
    0x2000002f   0x00000001   PAD
    0x20000030   0x00000004   Data   RW          337    .data               delay.o
    0x20000034   0x00000001   Data   RW          370    .data               usart2.o
    0x20000035   0x00000003   PAD
    0x20000038   0x00000004   Data   RW          394    .data               usart.o
    0x2000003c   0x00000014   Data   RW          509    .data               stm32f10x_rcc.o
    0x20000050   0x00000004   Data   RW          606    .data               cpu_core.o
    0x20000054   0x00000004   Data   RW          682    .data               lib_mem.o
    0x20000058   0x00000008   Data   RW          855    .data               os_prio.o
    0x20000060   0x00000004   Data   RW          960    .data               os_var.o
    0x20000064   0x00000004   Data   RW          961    .data               os_var.o
    0x20000068   0x00000004   Data   RW          962    .data               os_var.o
    0x2000006c   0x00000004   Data   RW          963    .data               os_var.o
    0x20000070   0x00000004   Data   RW          964    .data               os_var.o
    0x20000074   0x00000004   Data   RW          965    .data               os_var.o
    0x20000078   0x00000004   Data   RW          966    .data               os_var.o
    0x2000007c   0x00000004   Data   RW          967    .data               os_var.o
    0x20000080   0x00000001   Data   RW          968    .data               os_var.o
    0x20000081   0x00000001   Data   RW          969    .data               os_var.o
    0x20000082   0x00000002   PAD
    0x20000084   0x00000004   Data   RW          970    .data               os_var.o
    0x20000088   0x00000004   Data   RW          971    .data               os_var.o
    0x2000008c   0x00000002   Data   RW          972    .data               os_var.o
    0x2000008e   0x00000002   Data   RW          973    .data               os_var.o
    0x20000090   0x00000002   Data   RW          974    .data               os_var.o
    0x20000092   0x00000002   PAD
    0x20000094   0x00000004   Data   RW          975    .data               os_var.o
    0x20000098   0x00000004   Data   RW          976    .data               os_var.o
    0x2000009c   0x00000002   Data   RW          977    .data               os_var.o
    0x2000009e   0x00000002   PAD
    0x200000a0   0x00000004   Data   RW          978    .data               os_var.o
    0x200000a4   0x00000002   Data   RW          979    .data               os_var.o
    0x200000a6   0x00000002   PAD
    0x200000a8   0x00000004   Data   RW          980    .data               os_var.o
    0x200000ac   0x00000002   Data   RW          981    .data               os_var.o
    0x200000ae   0x00000001   Data   RW          982    .data               os_var.o
    0x200000af   0x00000001   Data   RW          983    .data               os_var.o
    0x200000b0   0x00000001   Data   RW          984    .data               os_var.o
    0x200000b1   0x00000003   PAD
    0x200000b4   0x00000004   Data   RW          985    .data               os_var.o
    0x200000b8   0x00000002   Data   RW          986    .data               os_var.o
    0x200000ba   0x00000002   PAD
    0x200000bc   0x00000004   Data   RW          987    .data               os_var.o
    0x200000c0   0x00000004   Data   RW          988    .data               os_var.o
    0x200000c4   0x00000004   Data   RW          989    .data               os_var.o
    0x200000c8   0x00000001   Data   RW          990    .data               os_var.o
    0x200000c9   0x00000003   PAD
    0x200000cc   0x00000004   Data   RW          991    .data               os_var.o
    0x200000d0   0x00000002   Data   RW          992    .data               os_var.o
    0x200000d2   0x00000002   PAD
    0x200000d4   0x00000004   Data   RW          993    .data               os_var.o
    0x200000d8   0x00000004   Data   RW          994    .data               os_var.o
    0x200000dc   0x00000002   Data   RW          995    .data               os_var.o
    0x200000de   0x00000001   Data   RW          996    .data               os_var.o
    0x200000df   0x00000001   PAD
    0x200000e0   0x00000004   Data   RW          997    .data               os_var.o
    0x200000e4   0x00000004   Data   RW          998    .data               os_var.o
    0x200000e8   0x00000004   Data   RW          999    .data               os_var.o
    0x200000ec   0x00000002   Data   RW         1000    .data               os_var.o
    0x200000ee   0x00000002   PAD
    0x200000f0   0x00000004   Data   RW         1001    .data               os_var.o
    0x200000f4   0x00000004   Data   RW         1002    .data               os_var.o
    0x200000f8   0x00000004   Data   RW         1003    .data               os_var.o
    0x200000fc   0x00000004   Data   RW         1004    .data               os_var.o
    0x20000100   0x00000004   Data   RW         1005    .data               os_var.o
    0x20000104   0x00000004   Data   RW         1006    .data               os_var.o
    0x20000108   0x00000004   Data   RW         1023    .data               os_cpu_c.o
    0x2000010c   0x0000084c   Zero   RW            2    .bss                main.o
    0x20000958   0x0000000f   Zero   RW          369    .bss                usart2.o
    0x20000967   0x00000010   Zero   RW          603    .bss                cpu_core.o
    0x20000977   0x00000001   PAD
    0x20000978   0x00000448   Zero   RW          681    .bss                lib_mem.o
    0x20000dc0   0x00000200   Zero   RW          721    .bss                os_cfg_app.o
    0x20000fc0   0x00000140   Zero   RW          722    .bss                os_cfg_app.o
    0x20001100   0x00000200   Zero   RW          723    .bss                os_cfg_app.o
    0x20001300   0x00000200   Zero   RW          724    .bss                os_cfg_app.o
    0x20001500   0x00000640   Zero   RW          725    .bss                os_cfg_app.o
    0x20001b40   0x00000200   Zero   RW          726    .bss                os_cfg_app.o
    0x20001d40   0x00000088   Zero   RW          727    .bss                os_cfg_app.o
    0x20001dc8   0x00000200   Zero   RW          728    .bss                os_cfg_app.o
    0x20001fc8   0x00000088   Zero   RW          729    .bss                os_cfg_app.o
    0x20002050   0x000000c4   Zero   RW          954    .bss                os_var.o
    0x20002114   0x000000c4   Zero   RW          955    .bss                os_var.o
    0x200021d8   0x0000000c   Zero   RW          956    .bss                os_var.o
    0x200021e4   0x00000300   Zero   RW          957    .bss                os_var.o
    0x200024e4   0x000000c4   Zero   RW          958    .bss                os_var.o
    0x200025a8   0x000000c4   Zero   RW          959    .bss                os_var.o
    0x2000266c   0x00000060   Zero   RW         1118    .bss                c_w.l(libspace.o)
    0x200026cc   0x00000004   PAD
    0x200026d0   0x00000200   Zero   RW          466    HEAP                startup_stm32f10x_hd.o
    0x200028d0   0x00000400   Zero   RW          465    STACK               startup_stm32f10x_hd.o


==============================================================================

Image component sizes


      Code (inc. data)   RO Data    RW Data    ZI Data      Debug   Object Name

       104         12          0          0          0       1725   bsp.o
        52          0          0          0          0        320   cpu_a.o
       444         12        256          4         16      14053   cpu_core.o
       280         28          0          4          0       2387   delay.o
       320        118          0          1          0       1107   george_system.o
       346          0          0          0          0       4334   lib_ascii.o
      1640         26          0          4       1096      22256   lib_mem.o
       544          0          0          0          0        468   lib_mem_a.o
      1448          4        148          0          0      12472   lib_str.o
       484         64          0          3       2124     294404   main.o
       176         14          0          0          0       1897   misc.o
         2          0        128          0       4752      20173   os_cfg_app.o
      2440        216          0          0          0      12136   os_core.o
       152         32          0          0          0        380   os_cpu_a.o
       392         64          0          4          0       3581   os_cpu_c.o
         2          0          0          0          0        442   os_dbg.o
      1896         80          0          0          0       8129   os_flag.o
       784        144          0          0          0       2596   os_int.o
       372         20          0          0          0       2576   os_mem.o
       392         14          0          0          0       3015   os_msg.o
      1764         92          0          0          0       6036   os_mutex.o
       112          6          0          8          0       1796   os_prio.o
      1552         66          0          0          0       6526   os_q.o
      1364         58          0          0          0       6506   os_sem.o
      3796        210          0          0          0      14838   os_task.o
       848         82          0          0          0       3651   os_tick.o
       784         42          0          0          0       3413   os_time.o
      1628        128          0          0          0       6726   os_tmr.o
         0          0          0        147       1564      18668   os_var.o
      1244          0          0          0          0       1936   robot.o
       488         16          0          6          0       3077   servo.o
        64         26        304          0       1536        780   startup_stm32f10x_hd.o
       208          8          0         16          0       1836   stepper.o
       232          8          0          0          0       2403   stm32f10x_exti.o
       612         36          0          0          0       6021   stm32f10x_gpio.o
        14          0          0          0          0        955   stm32f10x_it.o
       172         12          0          0          0       1975   stm32f10x_pwr.o
       696         32          0         20          0       8992   stm32f10x_rcc.o
      2800         84          0          0          0      23962   stm32f10x_tim.o
       808         22          0          0          0       8888   stm32f10x_usart.o
         0          0          0          0          0         32   sys.o
       344         34          0         20          0       1727   system_stm32f10x.o
        92          0          0          0          0        640   timer.o
       444          6          0          0          0       2224   tm1624.o
       192          8          0          4          0       2888   usart.o
       408         16          0          1         15       2966   usart2.o
       208          8          0          0          0       1576   wkup.o

    ----------------------------------------------------------------------
     33152       1848        868        268      11104     549489   Object Totals
         0          0         32          0          0          0   (incl. Generated)
         8          0          0         26          1          0   (incl. Padding)

    ----------------------------------------------------------------------

      Code (inc. data)   RO Data    RW Data    ZI Data      Debug   Library Member Name

         8          0          0          0          0         68   __main.o
        40          0          0          0          0         84   __printf_nopercent.o
         0          0          0          0          0          0   __rtentry.o
        12          0          0          0          0          0   __rtentry2.o
         6          0          0          0          0          0   __rtentry4.o
        52          8          0          0          0          0   __scatter.o
        26          0          0          0          0          0   __scatter_copy.o
        28          0          0          0          0          0   __scatter_zi.o
        48          6          0          0          0         96   _printf_char_common.o
        36          4          0          0          0         80   _printf_char_file.o
        18          0          0          0          0         80   exit.o
         8          0          0          0          0         68   ferror.o
         6          0          0          0          0        152   heapauxi.o
         2          0          0          0          0          0   libinit.o
         2          0          0          0          0          0   libinit2.o
         2          0          0          0          0          0   libshutdown.o
         2          0          0          0          0          0   libshutdown2.o
         8          4          0          0         96         68   libspace.o
       238          0          0          0          0        100   lludivv7m.o
        24          4          0          0          0         84   noretval__2printf.o
         2          0          0          0          0          0   rtexit.o
        10          0          0          0          0          0   rtexit2.o
        74          0          0          0          0         80   sys_stackheap_outer.o
         2          0          0          0          0         68   use_no_semi.o
         2          0          0          0          0         68   use_no_semi_2.o

    ----------------------------------------------------------------------
       660         26          0          0        100       1096   Library Totals
         4          0          0          0          4          0   (incl. Padding)

    ----------------------------------------------------------------------

      Code (inc. data)   RO Data    RW Data    ZI Data      Debug   Library Name

       656         26          0          0         96       1096   c_w.l

    ----------------------------------------------------------------------
       660         26          0          0        100       1096   Library Totals

    ----------------------------------------------------------------------

==============================================================================


      Code (inc. data)   RO Data    RW Data    ZI Data      Debug   

     33812       1874        868        268      11204     545069   Grand Totals
     33812       1874        868        268      11204     545069   ELF Image Totals
     33812       1874        868        268          0          0   ROM Totals

==============================================================================

    Total RO  Size (Code + RO Data)                34680 (  33.87kB)
    Total RW  Size (RW Data + ZI Data)             11472 (  11.20kB)
    Total ROM Size (Code + RO Data + RW Data)      34948 (  34.13kB)

==============================================================================

