Component: ARM Compiler 5.06 (build 20) Tool: armlink [4d35a3]

==============================================================================

Section Cross References

    main.o(.text) refers to tm1624.o(.text) for Tm1624_Display2
    main.o(.text) refers to os_task.o(.text) for OSTaskSuspend
    main.o(.text) refers to usart2.o(.text) for UsartRace_Data
    main.o(.text) refers to george_system.o(.text) for process
    main.o(.text) refers to cpu_core.o(.text) for CPU_Init
    main.o(.text) refers to cpu_a.o(.text) for CPU_SR_Save
    main.o(.text) refers to os_core.o(.text) for OS_Sched0
    main.o(.text) refers to stm32f10x_tim.o(.text) for TIM_GetITStatus
    main.o(.text) refers to main.o(.bss) for .bss
    main.o(.text) refers to main.o(.data) for .data
    main.o(.text) refers to usart2.o(.data) for RxCount
    main.o(.text) refers to os_var.o(.data) for OSSchedLockNestingCtr
    main.o(.text) refers to os_var.o(.data) for OSIntQNbrEntries
    system_stm32f10x.o(.text) refers to system_stm32f10x.o(.data) for .data
    robot.o(.text) refers to servo.o(.text) for Servo3_pos
    robot.o(.text) refers to delay.o(.text) for delay_ms
    robot.o(.text) refers to stepper.o(.text) for motorNcircle
    george_system.o(.text) refers to system_stm32f10x.o(.text) for SystemInit
    george_system.o(.text) refers to delay.o(.text) for delay_init
    george_system.o(.text) refers to misc.o(.text) for NVIC_PriorityGroupConfig
    george_system.o(.text) refers to usart.o(.text) for uart_init
    george_system.o(.text) refers to usart2.o(.text) for uart2_init
    george_system.o(.text) refers to timer.o(.text) for TIM2_Int_Init
    george_system.o(.text) refers to servo.o(.text) for Servo_Init
    george_system.o(.text) refers to stepper.o(.text) for Step_Motor_GPIO_Init
    george_system.o(.text) refers to tm1624.o(.text) for Tm1624_Init
    george_system.o(.text) refers to robot.o(.text) for Forward
    george_system.o(.text) refers to servo.o(.data) for Pulse1
    george_system.o(.text) refers to george_system.o(.data) for .data
    servo.o(.text) refers to _printf_percent.o(.ARM.Collect$$_printf_percent$$00000000) for _printf_percent
    servo.o(.text) refers to _printf_d.o(.ARM.Collect$$_printf_percent$$00000009) for _printf_d
    servo.o(.text) refers to _printf_dec.o(.text) for _printf_int_dec
    servo.o(.text) refers to stm32f10x_rcc.o(.text) for RCC_APB1PeriphClockCmd
    servo.o(.text) refers to stm32f10x_gpio.o(.text) for GPIO_Init
    servo.o(.text) refers to stm32f10x_tim.o(.text) for TIM_TimeBaseInit
    servo.o(.text) refers to delay.o(.text) for delay_ms
    servo.o(.text) refers to noretval__2printf.o(.text) for __2printf
    servo.o(.text) refers to servo.o(.data) for .data
    led.o(.text) refers to stm32f10x_rcc.o(.text) for RCC_APB2PeriphClockCmd
    led.o(.text) refers to stm32f10x_gpio.o(.text) for GPIO_Init
    ps2.o(.text) refers to delay.o(.text) for delay_us
    ps2.o(.text) refers to ps2.o(.bss) for .bss
    ps2.o(.text) refers to ps2.o(.data) for .data
    stepper.o(.text) refers to stm32f10x_rcc.o(.text) for RCC_APB2PeriphClockCmd
    stepper.o(.text) refers to stm32f10x_gpio.o(.text) for GPIO_Init
    stepper.o(.text) refers to delay.o(.text) for delay_ms
    stepper.o(.text) refers to stepper.o(.data) for .data
    tm1624.o(.text) refers to stm32f10x_gpio.o(.text) for GPIO_ResetBits
    tm1624.o(.text) refers to delay.o(.text) for delay_ms
    delay.o(.text) refers to os_core.o(.text) for OSSchedLock
    delay.o(.text) refers to os_time.o(.text) for OSTimeDly
    delay.o(.text) refers to misc.o(.text) for SysTick_CLKSourceConfig
    delay.o(.text) refers to os_var.o(.data) for OSRunning
    delay.o(.text) refers to system_stm32f10x.o(.data) for SystemCoreClock
    delay.o(.text) refers to delay.o(.data) for .data
    delay.o(.text) refers to os_cfg_app.o(.constdata) for OSCfg_TickRate_Hz
    delay.o(.text) refers to os_var.o(.data) for OSIntNestingCtr
    usart2.o(.text) refers to stm32f10x_rcc.o(.text) for RCC_APB2PeriphClockCmd
    usart2.o(.text) refers to stm32f10x_gpio.o(.text) for GPIO_Init
    usart2.o(.text) refers to misc.o(.text) for NVIC_Init
    usart2.o(.text) refers to stm32f10x_usart.o(.text) for USART_Init
    usart2.o(.text) refers to os_core.o(.text) for OSIntEnter
    usart2.o(.text) refers to usart2.o(.bss) for .bss
    usart2.o(.text) refers to usart2.o(.data) for .data
    usart2.o(.text) refers to george_system.o(.data) for status
    usart.o(.text) refers (Special) to use_no_semi_2.o(.text) for __use_no_semihosting
    usart.o(.text) refers to stm32f10x_usart.o(.text) for USART_SendData
    usart.o(.text) refers to stm32f10x_rcc.o(.text) for RCC_APB2PeriphClockCmd
    usart.o(.text) refers to stm32f10x_gpio.o(.text) for GPIO_Init
    usart.o(.text) refers to misc.o(.text) for NVIC_Init
    usart.o(.bss) refers (Special) to use_no_semi_2.o(.text) for __use_no_semihosting
    usart.o(.data) refers (Special) to use_no_semi_2.o(.text) for __use_no_semihosting
[...]
    Shake                                    0x08000799   Thumb Code   252  robot.o(.text)
    Turn_Right                               0x08000895   Thumb Code   148  robot.o(.text)
    Turn_Left                                0x08000929   Thumb Code   148  robot.o(.text)
    Head_Action                              0x080009bd   Thumb Code    68  robot.o(.text)
    SysInit                                  0x08000a01   Thumb Code    82  george_system.o(.text)
    process                                  0x08000a53   Thumb Code    54  george_system.o(.text)
    Servo_Init                               0x08000a9d   Thumb Code   240  servo.o(.text)
    Servo1                                   0x08000b8d   Thumb Code     8  servo.o(.text)
    Servo2                                   0x08000b95   Thumb Code     8  servo.o(.text)
    Servo3                                   0x08000b9d   Thumb Code     8  servo.o(.text)
    Servo4                                   0x08000ba5   Thumb Code     8  servo.o(.text)
    Servo1_pos                               0x08000bad   Thumb Code    50  servo.o(.text)
    Servo2_pos                               0x08000bdf   Thumb Code    50  servo.o(.text)
    Servo3_pos                               0x08000c11   Thumb Code    60  servo.o(.text)
    Servo4_pos                               0x08000c4d   Thumb Code    50  servo.o(.text)
    Step_Motor_GPIO_Init                     0x08000c9d   Thumb Code    40  stepper.o(.text)
    SetMotor                                 0x08000cc5   Thumb Code    92  stepper.o(.text)
    motorNcircle                             0x08000d21   Thumb Code    68  stepper.o(.text)
    TM1624_Write                             0x08000d6d   Thumb Code    90  tm1624.o(.text)
    Write_Com                                0x08000dc7   Thumb Code    42  tm1624.o(.text)
    Clear_TM1624                             0x08000df1   Thumb Code    56  tm1624.o(.text)
    Tm1624_Init                              0x08000e29   Thumb Code    52  tm1624.o(.text)
    Tm1624_Display1                          0x08000e5d   Thumb Code    98  tm1624.o(.text)
    Tm1624_Display2                          0x08000ebf   Thumb Code   100  tm1624.o(.text)
    delay_osschedlock                        0x08000f29   Thumb Code    10  delay.o(.text)
    delay_osschedunlock                      0x08000f33   Thumb Code    10  delay.o(.text)
    delay_ostimedly                          0x08000f3d   Thumb Code    12  delay.o(.text)
    SysTick_Handler                          0x08000f49   Thumb Code    28  delay.o(.text)
    delay_init                               0x08000f65   Thumb Code    76  delay.o(.text)
    delay_us                                 0x08000fb1   Thumb Code    62  delay.o(.text)
    delay_ms                                 0x08000fef   Thumb Code    54  delay.o(.text)
    uart2_init                               0x08001041   Thumb Code   156  usart2.o(.text)
    UART2_send_byte                          0x080010dd   Thumb Code    16  usart2.o(.text)
    UART2_Send                               0x080010ed   Thumb Code    28  usart2.o(.text)
    USART2_Puts                              0x08001109   Thumb Code    36  usart2.o(.text)
    WriteUart2Buff                           0x0800112d   Thumb Code    24  usart2.o(.text)
    USART2_IRQHandler                        0x08001145   Thumb Code    48  usart2.o(.text)
    ClearUart2                               0x08001175   Thumb Code    18  usart2.o(.text)
    strcmp_str                               0x08001187   Thumb Code    34  usart2.o(.text)
    UsartRace_Data                           0x080011a9   Thumb Code   124  usart2.o(.text)
    _sys_exit                                0x0800127d   Thumb Code     2  usart.o(.text)
    fputc                                    0x0800127f   Thumb Code    30  usart.o(.text)
    uart_init                                0x0800129d   Thumb Code   152  usart.o(.text)
    TIM2_Int_Init                            0x0800133d   Thumb Code    92  timer.o(.text)
    Sys_Standby                              0x08001399   Thumb Code    24  wkup.o(.text)
    Sys_Enter_Standby                        0x080013b1   Thumb Code    18  wkup.o(.text)
    Check_WKUP                               0x080013c3   Thumb Code    32  wkup.o(.text)
    EXTI0_IRQHandler                         0x080013e3   Thumb Code    24  wkup.o(.text)
    WKUP_Init                                0x080013fb   Thumb Code   102  wkup.o(.text)
    Reset_Handler                            0x08001469   Thumb Code     8  startup_stm32f10x_hd.o(.text)
    ADC1_2_IRQHandler                        0x08001483   Thumb Code     0  startup_stm32f10x_hd.o(.text)
    ADC3_IRQHandler                          0x08001483   Thumb Code     0  startup_stm32f10x_hd.o(.text)
    CAN1_RX1_IRQHandler                      0x08001483   Thumb Code     0  startup_stm32f10x_hd.o(.text)
    CAN1_SCE_IRQHandler                      0x08001483   Thumb Code     0  startup_stm32f10x_hd.o(.text)
    DMA1_Channel1_IRQHandler                 0x08001483   Thumb Code     0  startup_stm32f10x_hd.o(.text)
    DMA1_Channel2_IRQHandler                 0x08001483   Thumb Code     0  startup_stm32f10x_hd.o(.text)
    DMA1_Channel3_IRQHandler                 0x08001483   Thumb Code     0  startup_stm32f10x_hd.o(.text)
    DMA1_Channel4_IRQHandler                 0x08001483   Thumb Code     0  startup_stm32f10x_hd.o(.text)
    DMA1_Channel5_IRQHandler                 0x08001483   Thumb Code     0  startup_stm32f10x_hd.o(.text)
    DMA1_Channel6_IRQHandler                 0x08001483   Thumb Code     0  startup_stm32f10x_hd.o(.text)
    DMA1_Channel7_IRQHandler                 0x08001483   Thumb Code     0  startup_stm32f10x_hd.o(.text)
    DMA2_Channel1_IRQHandler                 0x08001483   Thumb Code     0  startup_stm32f10x_hd.o(.text)
    DMA2_Channel2_IRQHandler                 0x08001483   Thumb Code     0  startup_stm32f10x_hd.o(.text)
    DMA2_Channel3_IRQHandler                 0x08001483   Thumb Code     0  startup_stm32f10x_hd.o(.text)
    DMA2_Channel4_5_IRQHandler               0x08001483   Thumb Code     0  startup_stm32f10x_hd.o(.text)
    EXTI15_10_IRQHandler                     0x08001483   Thumb Code     0  startup_stm32f10x_hd.o(.text)
    EXTI1_IRQHandler                         0x08001483   Thumb Code     0  startup_stm32f10x_hd.o(.text)
    EXTI2_IRQHandler                         0x08001483   Thumb Code     0  startup_stm32f10x_hd.o(.text)
    EXTI3_IRQHandler                         0x08001483   Thumb Code     0  startup_stm32f10x_hd.o(.text)
    EXTI4_IRQHandler                         0x08001483   Thumb Code     0  startup_stm32f10x_hd.o(.text)
    EXTI9_5_IRQHandler                       0x08001483   Thumb Code     0  startup_stm32f10x_hd.o(.text)
    FLASH_IRQHandler                         0x08001483   Thumb Code     0  startup_stm32f10x_hd.o(.text)
    FSMC_IRQHandler                          0x08001483   Thumb Code     0  startup_stm32f10x_hd.o(.text)
    I2C1_ER_IRQHandler                       0x08001483   Thumb Code     0  startup_stm32f10x_hd.o(.text)
    I2C1_EV_IRQHandler                       0x08001483   Thumb Code     0  startup_stm32f10x_hd.o(.text)
    I2C2_ER_IRQHandler                       0x08001483   Thumb Code     0  startup_stm32f10x_hd.o(.text)
    I2C2_EV_IRQHandler                       0x08001483   Thumb Code     0  startup_stm32f10x_hd.o(.text)
    PVD_IRQHandler                           0x08001483   Thumb Code     0  startup_stm32f10x_hd.o(.text)
    RCC_IRQHandler                           0x08001483   Thumb Code     0  startup_stm32f10x_hd.o(.text)
    RTCAlarm_IRQHandler                      0x08001483   Thumb Code     0  startup_stm32f10x_hd.o(.text)
    RTC_IRQHandler                           0x08001483   Thumb Code     0  startup_stm32f10x_hd.o(.text)
    SDIO_IRQHandler                          0x08001483   Thumb Code     0  startup_stm32f10x_hd.o(.text)
    SPI1_IRQHandler                          0x08001483   Thumb Code     0  startup_stm32f10x_hd.o(.text)
    SPI2_IRQHandler                          0x08001483   Thumb Code     0  startup_stm32f10x_hd.o(.text)
    SPI3_IRQHandler                          0x08001483   Thumb Code     0  startup_stm32f10x_hd.o(.text)
    TAMPER_IRQHandler                        0x08001483   Thumb Code     0  startup_stm32f10x_hd.o(.text)
    TIM1_BRK_IRQHandler                      0x08001483   Thumb Code     0  startup_stm32f10x_hd.o(.text)
    TIM1_CC_IRQHandler                       0x08001483   Thumb Code     0  startup_stm32f10x_hd.o(.text)
    TIM1_TRG_COM_IRQHandler                  0x08001483   Thumb Code     0  startup_stm32f10x_hd.o(.text)
    TIM1_UP_IRQHandler                       0x08001483   Thumb Code     0  startup_stm32f10x_hd.o(.text)
    TIM3_IRQHandler                          0x08001483   Thumb Code     0  startup_stm32f10x_hd.o(.text)
    TIM4_IRQHandler                          0x08001483   Thumb Code     0  startup_stm32f10x_hd.o(.text)
    TIM5_IRQHandler                          0x08001483   Thumb Code     0  startup_stm32f10x_hd.o(.text)
    TIM6_IRQHandler                          0x08001483   Thumb Code     0  startup_stm32f10x_hd.o(.text)
    TIM7_IRQHandler                          0x08001483   Thumb Code     0  startup_stm32f10x_hd.o(.text)
    TIM8_BRK_IRQHandler                      0x08001483   Thumb Code     0  startup_stm32f10x_hd.o(.text)
    TIM8_CC_IRQHandler                       0x08001483   Thumb Code     0  startup_stm32f10x_hd.o(.text)
    TIM8_TRG_COM_IRQHandler                  0x08001483   Thumb Code     0  startup_stm32f10x_hd.o(.text)
    TIM8_UP_IRQHandler                       0x08001483   Thumb Code     0  startup_stm32f10x_hd.o(.text)
    UART4_IRQHandler                         0x08001483   Thumb Code     0  startup_stm32f10x_hd.o(.text)
    UART5_IRQHandler                         0x08001483   Thumb Code     0  startup_stm32f10x_hd.o(.text)
    USART1_IRQHandler                        0x08001483   Thumb Code     0  startup_stm32f10x_hd.o(.text)
    USART3_IRQHandler                        0x08001483   Thumb Code     0  startup_stm32f10x_hd.o(.text)
    USBWakeUp_IRQHandler                     0x08001483   Thumb Code     0  startup_stm32f10x_hd.o(.text)
    USB_HP_CAN1_TX_IRQHandler                0x08001483   Thumb Code     0  startup_stm32f10x_hd.o(.text)
    USB_LP_CAN1_RX0_IRQHandler               0x08001483   Thumb Code     0  startup_stm32f10x_hd.o(.text)
    WWDG_IRQHandler                          0x08001483   Thumb Code     0  startup_stm32f10x_hd.o(.text)
    __user_initial_stackheap                 0x08001485   Thumb Code     0  startup_stm32f10x_hd.o(.text)
    NVIC_PriorityGroupConfig                 0x080014a9   Thumb Code    10  misc.o(.text)
    NVIC_Init                                0x080014b3   Thumb Code    94  misc.o(.text)
    NVIC_SetVectorTable                      0x08001511   Thumb Code    14  misc.o(.text)
    NVIC_SystemLPConfig                      0x0800151f   Thumb Code    20  misc.o(.text)
    SysTick_CLKSourceConfig                  0x08001533   Thumb Code    24  misc.o(.text)
    GPIO_DeInit                              0x08001559   Thumb Code   152  stm32f10x_gpio.o(.text)
    GPIO_AFIODeInit                          0x080015f1   Thumb Code    22  stm32f10x_gpio.o(.text)
    GPIO_Init                                0x08001607   Thumb Code   156  stm32f10x_gpio.o(.text)
    GPIO_StructInit                          0x080016a3   Thumb Code    16  stm32f10x_gpio.o(.text)
    GPIO_ReadInputDataBit                    0x080016b3   Thumb Code    14  stm32f10x_gpio.o(.text)
    GPIO_ReadInputData                       0x080016c1   Thumb Code     6  stm32f10x_gpio.o(.text)
    GPIO_ReadOutputDataBit                   0x080016c7   Thumb Code    14  stm32f10x_gpio.o(.text)
    GPIO_ReadOutputData                      0x080016d5   Thumb Code     6  stm32f10x_gpio.o(.text)
    GPIO_SetBits                             0x080016db   Thumb Code     4  stm32f10x_gpio.o(.text)
    GPIO_ResetBits                           0x080016df   Thumb Code     4  stm32f10x_gpio.o(.text)
    GPIO_WriteBit                            0x080016e3   Thumb Code    10  stm32f10x_gpio.o(.text)
    GPIO_Write                               0x080016ed   Thumb Code     4  stm32f10x_gpio.o(.text)
    GPIO_PinLockConfig                       0x080016f1   Thumb Code    16  stm32f10x_gpio.o(.text)
    GPIO_EventOutputConfig                   0x08001701   Thumb Code    22  stm32f10x_gpio.o(.text)
    GPIO_EventOutputCmd                      0x08001717   Thumb Code     6  stm32f10x_gpio.o(.text)
    GPIO_PinRemapConfig                      0x0800171d   Thumb Code    82  stm32f10x_gpio.o(.text)
    GPIO_EXTILineConfig                      0x0800176f   Thumb Code    34  stm32f10x_gpio.o(.text)
    GPIO_ETH_MediaInterfaceConfig            0x08001791   Thumb Code     8  stm32f10x_gpio.o(.text)
    USART_DeInit                             0x080017bd   Thumb Code    96  stm32f10x_usart.o(.text)
    USART_Init                               0x0800181d   Thumb Code   166  stm32f10x_usart.o(.text)
    USART_StructInit                         0x080018c3   Thumb Code    22  stm32f10x_usart.o(.text)
    USART_ClockInit                          0x080018d9   Thumb Code    30  stm32f10x_usart.o(.text)
    USART_ClockStructInit                    0x080018f7   Thumb Code    12  stm32f10x_usart.o(.text)
    USART_Cmd                                0x08001903   Thumb Code    20  stm32f10x_usart.o(.text)
    USART_ITConfig                           0x08001917   Thumb Code    48  stm32f10x_usart.o(.text)
    USART_DMACmd                             0x08001947   Thumb Code    16  stm32f10x_usart.o(.text)
    USART_SetAddress                         0x08001957   Thumb Code    16  stm32f10x_usart.o(.text)
    USART_WakeUpConfig                       0x08001967   Thumb Code    16  stm32f10x_usart.o(.text)
    USART_ReceiverWakeUpCmd                  0x08001977   Thumb Code    20  stm32f10x_usart.o(.text)
    USART_LINBreakDetectLengthConfig         0x0800198b   Thumb Code    16  stm32f10x_usart.o(.text)
    USART_LINCmd                             0x0800199b   Thumb Code    20  stm32f10x_usart.o(.text)
    USART_SendData                           0x080019af   Thumb Code     8  stm32f10x_usart.o(.text)
    USART_ReceiveData                        0x080019b7   Thumb Code     8  stm32f10x_usart.o(.text)
    USART_SendBreak                          0x080019bf   Thumb Code    10  stm32f10x_usart.o(.text)
    USART_SetGuardTime                       0x080019c9   Thumb Code    16  stm32f10x_usart.o(.text)
    USART_SetPrescaler                       0x080019d9   Thumb Code    16  stm32f10x_usart.o(.text)
    USART_SmartCardCmd                       0x080019e9   Thumb Code    20  stm32f10x_usart.o(.text)
    USART_SmartCardNACKCmd                   0x080019fd   Thumb Code    20  stm32f10x_usart.o(.text)
    USART_HalfDuplexCmd                      0x08001a11   Thumb Code    20  stm32f10x_usart.o(.text)
    USART_OverSampling8Cmd                   0x08001a25   Thumb Code    20  stm32f10x_usart.o(.text)
    USART_OneBitMethodCmd                    0x08001a39   Thumb Code    20  stm32f10x_usart.o(.text)
    USART_IrDAConfig                         0x08001a4d   Thumb Code    16  stm32f10x_usart.o(.text)
    USART_IrDACmd                            0x08001a5d   Thumb Code    20  stm32f10x_usart.o(.text)
    USART_GetFlagStatus                      0x08001a71   Thumb Code    14  stm32f10x_usart.o(.text)
    USART_ClearFlag                          0x08001a7f   Thumb Code     6  stm32f10x_usart.o(.text)
    USART_GetITStatus                        0x08001a85   Thumb Code    62  stm32f10x_usart.o(.text)
    USART_ClearITPendingBit                  0x08001ac3   Thumb Code    12  stm32f10x_usart.o(.text)
    RCC_DeInit                               0x08001ae5   Thumb Code    50  stm32f10x_rcc.o(.text)
    RCC_HSEConfig                            0x08001b17   Thumb Code    48  stm32f10x_rcc.o(.text)
    RCC_GetFlagStatus                        0x08001b47   Thumb Code    42  stm32f10x_rcc.o(.text)
    RCC_WaitForHSEStartUp                    0x08001b71   Thumb Code    44  stm32f10x_rcc.o(.text)
    RCC_AdjustHSICalibrationValue            0x08001b9d   Thumb Code    16  stm32f10x_rcc.o(.text)
    RCC_HSICmd                               0x08001bad   Thumb Code     6  stm32f10x_rcc.o(.text)
    RCC_PLLConfig                            0x08001bb3   Thumb Code    16  stm32f10x_rcc.o(.text)
    RCC_PLLCmd                               0x08001bc3   Thumb Code     6  stm32f10x_rcc.o(.text)
    RCC_SYSCLKConfig                         0x08001bc9   Thumb Code    14  stm32f10x_rcc.o(.text)
    RCC_GetSYSCLKSource                      0x08001bd7   Thumb Code    10  stm32f10x_rcc.o(.text)
    RCC_HCLKConfig                           0x08001be1   Thumb Code    14  stm32f10x_rcc.o(.text)
    RCC_PCLK1Config                          0x08001bef   Thumb Code    14  stm32f10x_rcc.o(.text)
    RCC_PCLK2Config                          0x08001bfd   Thumb Code    16  stm32f10x_rcc.o(.text)
    RCC_ITConfig                             0x08001c0d   Thumb Code    18  stm32f10x_rcc.o(.text)
    RCC_USBCLKConfig                         0x08001c1f   Thumb Code     8  stm32f10x_rcc.o(.text)
    RCC_ADCCLKConfig                         0x08001c27   Thumb Code    14  stm32f10x_rcc.o(.text)
    RCC_LSEConfig                            0x08001c35   Thumb Code    28  stm32f10x_rcc.o(.text)
    RCC_LSICmd                               0x08001c51   Thumb Code     6  stm32f10x_rcc.o(.text)
    RCC_RTCCLKConfig                         0x08001c57   Thumb Code    10  stm32f10x_rcc.o(.text)
    RCC_RTCCLKCmd                            0x08001c61   Thumb Code     8  stm32f10x_rcc.o(.text)
    RCC_GetClocksFreq                        0x08001c69   Thumb Code   132  stm32f10x_rcc.o(.text)
    RCC_AHBPeriphClockCmd                    0x08001ced   Thumb Code    18  stm32f10x_rcc.o(.text)
    RCC_APB2PeriphClockCmd                   0x08001cff   Thumb Code    18  stm32f10x_rcc.o(.text)
    RCC_APB1PeriphClockCmd                   0x08001d11   Thumb Code    18  stm32f10x_rcc.o(.text)
    RCC_APB2PeriphResetCmd                   0x08001d23   Thumb Code    18  stm32f10x_rcc.o(.text)
    RCC_APB1PeriphResetCmd                   0x08001d35   Thumb Code    18  stm32f10x_rcc.o(.text)
    RCC_BackupResetCmd                       0x08001d47   Thumb Code     8  stm32f10x_rcc.o(.text)
    RCC_ClockSecuritySystemCmd               0x08001d4f   Thumb Code     6  stm32f10x_rcc.o(.text)
    RCC_MCOConfig                            0x08001d55   Thumb Code     6  stm32f10x_rcc.o(.text)
    RCC_ClearFlag                            0x08001d5b   Thumb Code    12  stm32f10x_rcc.o(.text)
    RCC_GetITStatus                          0x08001d67   Thumb Code    16  stm32f10x_rcc.o(.text)
    RCC_ClearITPendingBit                    0x08001d77   Thumb Code     6  stm32f10x_rcc.o(.text)
    TIM_DeInit                               0x08001d9d   Thumb Code   304  stm32f10x_tim.o(.text)
    TIM_TimeBaseInit                         0x08001ecd   Thumb Code   114  stm32f10x_tim.o(.text)
    TIM_OC1Init                              0x08001f3f   Thumb Code   106  stm32f10x_tim.o(.text)
    TIM_OC2Init                              0x08001fa9   Thumb Code   120  stm32f10x_tim.o(.text)
    TIM_OC3Init                              0x08002021   Thumb Code   116  stm32f10x_tim.o(.text)
    TIM_OC4Init                              0x08002095   Thumb Code    90  stm32f10x_tim.o(.text)
    TIM_SetIC4Prescaler                      0x080020ef   Thumb Code    24  stm32f10x_tim.o(.text)
    TIM_SetIC3Prescaler                      0x08002107   Thumb Code    16  stm32f10x_tim.o(.text)
    TIM_SetIC2Prescaler                      0x08002117   Thumb Code    24  stm32f10x_tim.o(.text)
    TIM_SetIC1Prescaler                      0x080021d5   Thumb Code    16  stm32f10x_tim.o(.text)
    TIM_ICInit                               0x0800223d   Thumb Code   270  stm32f10x_tim.o(.text)
    TIM_PWMIConfig                           0x0800234b   Thumb Code   104  stm32f10x_tim.o(.text)
    TIM_BDTRConfig                           0x080023b3   Thumb Code    34  stm32f10x_tim.o(.text)
    TIM_TimeBaseStructInit                   0x080023d5   Thumb Code    18  stm32f10x_tim.o(.text)
    TIM_OCStructInit                         0x080023e7   Thumb Code    20  stm32f10x_tim.o(.text)
    TIM_ICStructInit                         0x080023fb   Thumb Code    16  stm32f10x_tim.o(.text)
    TIM_BDTRStructInit                       0x0800240b   Thumb Code    18  stm32f10x_tim.o(.text)
    TIM_Cmd                                  0x0800241d   Thumb Code    20  stm32f10x_tim.o(.text)
    TIM_CtrlPWMOutputs                       0x08002431   Thumb Code    22  stm32f10x_tim.o(.text)
    TIM_ITConfig                             0x08002447   Thumb Code    16  stm32f10x_tim.o(.text)
    TIM_GenerateEvent                        0x08002457   Thumb Code     4  stm32f10x_tim.o(.text)
    TIM_DMAConfig                            0x0800245b   Thumb Code     8  stm32f10x_tim.o(.text)
    TIM_DMACmd                               0x08002463   Thumb Code    16  stm32f10x_tim.o(.text)
    TIM_InternalClockConfig                  0x08002473   Thumb Code    10  stm32f10x_tim.o(.text)
    TIM_SelectInputTrigger                   0x0800247d   Thumb Code    12  stm32f10x_tim.o(.text)
    TIM_ITRxExternalClockConfig              0x08002489   Thumb Code    18  stm32f10x_tim.o(.text)
    TIM_TIxExternalClockConfig               0x0800249b   Thumb Code    46  stm32f10x_tim.o(.text)
    TIM_ETRConfig                            0x080024c9   Thumb Code    24  stm32f10x_tim.o(.text)
    TIM_ETRClockMode1Config                  0x080024e1   Thumb Code    18  stm32f10x_tim.o(.text)
    TIM_ETRClockMode2Config                  0x080024f3   Thumb Code    18  stm32f10x_tim.o(.text)
    TIM_PrescalerConfig                      0x08002505   Thumb Code     6  stm32f10x_tim.o(.text)
    TIM_CounterModeConfig                    0x0800250b   Thumb Code    12  stm32f10x_tim.o(.text)
    TIM_EncoderInterfaceConfig               0x08002517   Thumb Code    50  stm32f10x_tim.o(.text)
    TIM_ForcedOC1Config                      0x08002549   Thumb Code    12  stm32f10x_tim.o(.text)
    TIM_ForcedOC2Config                      0x08002555   Thumb Code    20  stm32f10x_tim.o(.text)
    TIM_ForcedOC3Config                      0x08002569   Thumb Code    12  stm32f10x_tim.o(.text)
    TIM_ForcedOC4Config                      0x08002575   Thumb Code    20  stm32f10x_tim.o(.text)
    TIM_ARRPreloadConfig                     0x08002589   Thumb Code    20  stm32f10x_tim.o(.text)
    TIM_SelectCOM                            0x0800259d   Thumb Code    20  stm32f10x_tim.o(.text)
    TIM_SelectCCDMA                          0x080025b1   Thumb Code    20  stm32f10x_tim.o(.text)
    TIM_CCPreloadControl                     0x080025c5   Thumb Code    20  stm32f10x_tim.o(.text)
    TIM_OC1PreloadConfig                     0x080025d9   Thumb Code    32  stm32f10x_tim.o(.text)
    TIM_OC2PreloadConfig                     0x080025f9   Thumb Code    20  stm32f10x_tim.o(.text)
    TIM_OC3PreloadConfig                     0x0800260d   Thumb Code    12  stm32f10x_tim.o(.text)
    TIM_OC4PreloadConfig                     0x08002619   Thumb Code    20  stm32f10x_tim.o(.text)
    TIM_OC1FastConfig                        0x0800262d   Thumb Code    12  stm32f10x_tim.o(.text)
    TIM_OC2FastConfig                        0x08002639   Thumb Code    20  stm32f10x_tim.o(.text)
    TIM_OC3FastConfig                        0x0800264d   Thumb Code    12  stm32f10x_tim.o(.text)
    TIM_OC4FastConfig                        0x08002659   Thumb Code    20  stm32f10x_tim.o(.text)
    TIM_ClearOC1Ref                          0x0800266d   Thumb Code    12  stm32f10x_tim.o(.text)
    TIM_ClearOC2Ref                          0x08002679   Thumb Code    20  stm32f10x_tim.o(.text)
    TIM_ClearOC3Ref                          0x0800268d   Thumb Code    12  stm32f10x_tim.o(.text)
    TIM_ClearOC4Ref                          0x08002699   Thumb Code    20  stm32f10x_tim.o(.text)
    TIM_OC1PolarityConfig                    0x080026ad   Thumb Code    12  stm32f10x_tim.o(.text)
    TIM_OC1NPolarityConfig                   0x080026b9   Thumb Code    12  stm32f10x_tim.o(.text)
    TIM_OC2PolarityConfig                    0x080026c5   Thumb Code    20  stm32f10x_tim.o(.text)
    TIM_OC2NPolarityConfig                   0x080026d9   Thumb Code    20  stm32f10x_tim.o(.text)
    TIM_OC3PolarityConfig                    0x080026ed   Thumb Code    20  stm32f10x_tim.o(.text)
    TIM_OC3NPolarityConfig                   0x08002701   Thumb Code    20  stm32f10x_tim.o(.text)
    TIM_OC4PolarityConfig                    0x08002715   Thumb Code    20  stm32f10x_tim.o(.text)
    TIM_CCxCmd                               0x08002729   Thumb Code    22  stm32f10x_tim.o(.text)
    TIM_CCxNCmd                              0x0800273f   Thumb Code    22  stm32f10x_tim.o(.text)
    TIM_SelectOCxM                           0x08002755   Thumb Code    70  stm32f10x_tim.o(.text)
    TIM_UpdateDisableConfig                  0x0800279b   Thumb Code    20  stm32f10x_tim.o(.text)
    TIM_UpdateRequestConfig                  0x080027af   Thumb Code    20  stm32f10x_tim.o(.text)
    TIM_SelectHallSensor                     0x080027c3   Thumb Code    20  stm32f10x_tim.o(.text)
    TIM_SelectOnePulseMode                   0x080027d7   Thumb Code    16  stm32f10x_tim.o(.text)
    TIM_SelectOutputTrigger                  0x080027e7   Thumb Code    16  stm32f10x_tim.o(.text)
    TIM_SelectSlaveMode                      0x080027f7   Thumb Code    16  stm32f10x_tim.o(.text)
    TIM_SelectMasterSlaveMode                0x08002807   Thumb Code    16  stm32f10x_tim.o(.text)
    TIM_SetCounter                           0x08002817   Thumb Code     4  stm32f10x_tim.o(.text)
    TIM_SetAutoreload                        0x0800281b   Thumb Code     4  stm32f10x_tim.o(.text)
    TIM_SetCompare1                          0x0800281f   Thumb Code     4  stm32f10x_tim.o(.text)
    TIM_SetCompare2                          0x08002823   Thumb Code     4  stm32f10x_tim.o(.text)
    TIM_SetCompare3                          0x08002827   Thumb Code     4  stm32f10x_tim.o(.text)
    TIM_SetCompare4                          0x0800282b   Thumb Code     6  stm32f10x_tim.o(.text)
    TIM_SetClockDivision                     0x08002831   Thumb Code    16  stm32f10x_tim.o(.text)
    TIM_GetCapture1                          0x08002841   Thumb Code     4  stm32f10x_tim.o(.text)
    TIM_GetCapture2                          0x08002845   Thumb Code     4  stm32f10x_tim.o(.text)
    TIM_GetCapture3                          0x08002849   Thumb Code     4  stm32f10x_tim.o(.text)
    TIM_GetCapture4                          0x0800284d   Thumb Code     6  stm32f10x_tim.o(.text)
    TIM_GetCounter                           0x08002853   Thumb Code     4  stm32f10x_tim.o(.text)
    TIM_GetPrescaler                         0x08002857   Thumb Code     4  stm32f10x_tim.o(.text)
    TIM_GetFlagStatus                        0x0800285b   Thumb Code    14  stm32f10x_tim.o(.text)
    TIM_ClearFlag                            0x08002869   Thumb Code     6  stm32f10x_tim.o(.text)
    TIM_GetITStatus                          0x0800286f   Thumb Code    24  stm32f10x_tim.o(.text)
    TIM_ClearITPendingBit                    0x08002887   Thumb Code     6  stm32f10x_tim.o(.text)
    PWR_DeInit                               0x0800288d   Thumb Code    24  stm32f10x_pwr.o(.text)
    PWR_BackupAccessCmd                      0x080028a5   Thumb Code     6  stm32f10x_pwr.o(.text)
    PWR_PVDCmd                               0x080028ab   Thumb Code     6  stm32f10x_pwr.o(.text)
    PWR_PVDLevelConfig                       0x080028b1   Thumb Code    14  stm32f10x_pwr.o(.text)
    PWR_WakeUpPinCmd                         0x080028bf   Thumb Code     8  stm32f10x_pwr.o(.text)
    PWR_EnterSTOPMode                        0x080028c7   Thumb Code    42  stm32f10x_pwr.o(.text)
    PWR_EnterSTANDBYMode                     0x080028f1   Thumb Code    32  stm32f10x_pwr.o(.text)
    PWR_GetFlagStatus                        0x08002911   Thumb Code    16  stm32f10x_pwr.o(.text)
    PWR_ClearFlag                            0x08002921   Thumb Code    12  stm32f10x_pwr.o(.text)
    EXTI_DeInit                              0x08002939   Thumb Code    28  stm32f10x_exti.o(.text)
    EXTI_Init                                0x08002955   Thumb Code   108  stm32f10x_exti.o(.text)
    EXTI_StructInit                          0x080029c1   Thumb Code    14  stm32f10x_exti.o(.text)
    EXTI_GenerateSWInterrupt                 0x080029cf   Thumb Code    12  stm32f10x_exti.o(.text)
    EXTI_GetFlagStatus                       0x080029db   Thumb Code    18  stm32f10x_exti.o(.text)
    EXTI_ClearFlag                           0x080029ed   Thumb Code     8  stm32f10x_exti.o(.text)
    EXTI_GetITStatus                         0x080029f5   Thumb Code    28  stm32f10x_exti.o(.text)
    EXTI_ClearITPendingBit                   0x08002a11   Thumb Code     8  stm32f10x_exti.o(.text)
    BSP_CPU_ClkFreq                          0x08002a21   Thumb Code    16  bsp.o(.text)
    CPU_TS_TmrInit                           0x08002a31   Thumb Code    38  bsp.o(.text)
    CPU_TS_TmrRd                             0x08002a57   Thumb Code     6  bsp.o(.text)
    CPU_TS32_to_uSec                         0x08002a5d   Thumb Code    32  bsp.o(.text)
    CPU_NameClr                              0x08002a89   Thumb Code    26  cpu_core.o(.text)
    CPU_Init                                 0x08002aa3   Thumb Code    18  cpu_core.o(.text)
    CPU_SW_Exception                         0x08002ab5   Thumb Code     2  cpu_core.o(.text)
    CPU_NameGet                              0x08002ab7   Thumb Code    46  cpu_core.o(.text)
    CPU_NameSet                              0x08002ae5   Thumb Code    62  cpu_core.o(.text)
    CPU_TS_Get32                             0x08002b23   Thumb Code     4  cpu_core.o(.text)
    CPU_TS_Update                            0x08002b27   Thumb Code     2  cpu_core.o(.text)
    CPU_TS_TmrFreqGet                        0x08002b29   Thumb Code    24  cpu_core.o(.text)
    CPU_TS_TmrFreqSet                        0x08002b41   Thumb Code     6  cpu_core.o(.text)
    CPU_CntLeadZeros08                       0x08002b47   Thumb Code    10  cpu_core.o(.text)
    CPU_CntLeadZeros16                       0x08002b51   Thumb Code    10  cpu_core.o(.text)
    CPU_CntLeadZeros32                       0x08002b5b   Thumb Code     4  cpu_core.o(.text)
    CPU_CntLeadZeros64                       0x08002b5f   Thumb Code   152  cpu_core.o(.text)
    CPU_CntTrailZeros08                      0x08002bf7   Thumb Code    10  cpu_core.o(.text)
    CPU_CntTrailZeros16                      0x08002c01   Thumb Code    10  cpu_core.o(.text)
    CPU_CntTrailZeros32                      0x08002c0b   Thumb Code    10  cpu_core.o(.text)
    CPU_CntTrailZeros64                      0x08002c15   Thumb Code    36  cpu_core.o(.text)
    CPU_IntDis                               0x08002c45   Thumb Code     0  cpu_a.o(.text)
    CPU_IntEn                                0x08002c49   Thumb Code     0  cpu_a.o(.text)
    CPU_SR_Save                              0x08002c4d   Thumb Code     0  cpu_a.o(.text)
    CPU_SR_Restore                           0x08002c55   Thumb Code     0  cpu_a.o(.text)
    CPU_WaitForInt                           0x08002c5b   Thumb Code     0  cpu_a.o(.text)
    CPU_WaitForExcept                        0x08002c5f   Thumb Code     0  cpu_a.o(.text)
    CPU_CntLeadZeros                         0x08002c63   Thumb Code     0  cpu_a.o(.text)
    CPU_CntTrailZeros                        0x08002c69   Thumb Code     0  cpu_a.o(.text)
    CPU_RevBits                              0x08002c73   Thumb Code     0  cpu_a.o(.text)
    ASCII_IsAlpha                            0x08002c79   Thumb Code    22  lib_ascii.o(.text)
    ASCII_IsAlphaNum                         0x08002c8f   Thumb Code    28  lib_ascii.o(.text)
    ASCII_IsLower                            0x08002cab   Thumb Code    14  lib_ascii.o(.text)
    ASCII_IsUpper                            0x08002cb9   Thumb Code    14  lib_ascii.o(.text)
    ASCII_IsDig                              0x08002cc7   Thumb Code    14  lib_ascii.o(.text)
    ASCII_IsDigOct                           0x08002cd5   Thumb Code    14  lib_ascii.o(.text)
    ASCII_IsDigHex                           0x08002ce3   Thumb Code    28  lib_ascii.o(.text)
    ASCII_IsBlank                            0x08002cff   Thumb Code    16  lib_ascii.o(.text)
    ASCII_IsSpace                            0x08002d0f   Thumb Code    32  lib_ascii.o(.text)
    ASCII_IsPrint                            0x08002d2f   Thumb Code    14  lib_ascii.o(.text)
    ASCII_IsGraph                            0x08002d3d   Thumb Code    14  lib_ascii.o(.text)
    ASCII_IsPunct                            0x08002d4b   Thumb Code    58  lib_ascii.o(.text)
    ASCII_IsCtrl                             0x08002d85   Thumb Code    22  lib_ascii.o(.text)
    ASCII_ToLower                            0x08002d9b   Thumb Code    14  lib_ascii.o(.text)
    ASCII_ToUpper                            0x08002da9   Thumb Code    14  lib_ascii.o(.text)
    ASCII_Cmp                                0x08002db7   Thumb Code    28  lib_ascii.o(.text)
    Mem_Init                                 0x08002dd5   Thumb Code    54  lib_mem.o(.text)
    Mem_Set                                  0x08002e0b   Thumb Code    62  lib_mem.o(.text)
    Mem_Clr                                  0x08002e49   Thumb Code     6  lib_mem.o(.text)
    Mem_Move                                 0x08002e4f   Thumb Code   116  lib_mem.o(.text)
    Mem_Cmp                                  0x08002ec3   Thumb Code   126  lib_mem.o(.text)
    Mem_HeapAlloc                            0x08002f99   Thumb Code   114  lib_mem.o(.text)
    Mem_SegGetSizeRem                        0x0800300b   Thumb Code    60  lib_mem.o(.text)
    Mem_HeapGetSizeRem                       0x08003047   Thumb Code     8  lib_mem.o(.text)
    Mem_PoolClr                              0x0800304f   Thumb Code    56  lib_mem.o(.text)
    Mem_PoolCreate                           0x08003087   Thumb Code   582  lib_mem.o(.text)
    Mem_PoolBlkGetNbrAvail                   0x080032cd   Thumb Code    26  lib_mem.o(.text)
    Mem_PoolBlkGet                           0x080032e7   Thumb Code    68  lib_mem.o(.text)
    Mem_PoolBlkGetUsedAtIx                   0x0800332b   Thumb Code    62  lib_mem.o(.text)
    Mem_PoolBlkFree                          0x08003369   Thumb Code   100  lib_mem.o(.text)
    Mem_PoolBlkIxGet                         0x080033cd   Thumb Code   104  lib_mem.o(.text)
    Str_Len_N                                0x0800343d   Thumb Code    22  lib_str.o(.text)
    Str_Len                                  0x08003453   Thumb Code     6  lib_str.o(.text)
    Str_Copy_N                               0x08003459   Thumb Code    48  lib_str.o(.text)
    Str_Copy                                 0x08003489   Thumb Code     6  lib_str.o(.text)
    Str_Cat_N                                0x0800348f   Thumb Code    58  lib_str.o(.text)
    Str_Cat                                  0x080034c9   Thumb Code     6  lib_str.o(.text)
    Str_Cmp_N                                0x080034cf   Thumb Code    86  lib_str.o(.text)
    Str_Cmp                                  0x08003525   Thumb Code     6  lib_str.o(.text)
    Str_CmpIgnoreCase_N                      0x0800352b   Thumb Code   146  lib_str.o(.text)
    Str_CmpIgnoreCase                        0x080035bd   Thumb Code     6  lib_str.o(.text)
    Str_Char_N                               0x080035c3   Thumb Code    46  lib_str.o(.text)
    Str_Char                                 0x080035f1   Thumb Code     8  lib_str.o(.text)
    Str_Char_Last_N                          0x080035f9   Thumb Code    44  lib_str.o(.text)
    Str_Char_Last                            0x08003625   Thumb Code     8  lib_str.o(.text)
    Str_Char_Replace_N                       0x0800362d   Thumb Code    40  lib_str.o(.text)
    Str_Char_Replace                         0x08003655   Thumb Code     6  lib_str.o(.text)
    Str_Str_N                                0x0800365b   Thumb Code   120  lib_str.o(.text)
    Str_Str                                  0x080036d3   Thumb Code     6  lib_str.o(.text)
    Str_FmtNbr_Int32U                        0x08003831   Thumb Code    24  lib_str.o(.text)
    Str_FmtNbr_Int32S                        0x08003849   Thumb Code    40  lib_str.o(.text)
    Str_ParseNbr_Int32U                      0x080039ab   Thumb Code    12  lib_str.o(.text)
    Str_ParseNbr_Int32S                      0x080039b7   Thumb Code    42  lib_str.o(.text)
    Mem_Copy                                 0x080039e5   Thumb Code     0  lib_mem_a.o(.text)
    OSCfg_Init                               0x08003c05   Thumb Code     2  os_cfg_app.o(.text)
    OS_IdleTask                              0x08003c09   Thumb Code    22  os_core.o(.text)
    OS_IdleTaskInit                          0x08003c1f   Thumb Code    62  os_core.o(.text)
    OS_RdyListInit                           0x08003c5d   Thumb Code    30  os_core.o(.text)
    OSInit                                   0x08003c7b   Thumb Code   260  os_core.o(.text)
    OSIntEnter                               0x08003d7f   Thumb Code    22  os_core.o(.text)
    OSIntExit                                0x08003d95   Thumb Code   100  os_core.o(.text)
    OSSched                                  0x08003df9   Thumb Code    86  os_core.o(.text)
    OS_SchedLockTimeMeasStart                0x08003e4f   Thumb Code    20  os_core.o(.text)
    OSSchedLock                              0x08003e63   Thumb Code    72  os_core.o(.text)
    OS_SchedLockTimeMeasStop                 0x08003eab   Thumb Code    42  os_core.o(.text)
    OSSchedUnlock                            0x08003ed5   Thumb Code    92  os_core.o(.text)
    OSStart                                  0x08003f31   Thumb Code    62  os_core.o(.text)
    OSVersion                                0x08003f6f   Thumb Code    10  os_core.o(.text)
    OS_PendDbgNameAdd                        0x08003f79   Thumb Code    46  os_core.o(.text)
    OS_PendListInsertPrio                    0x08003fa7   Thumb Code   252  os_core.o(.text)
    OS_PendDataInit                          0x080040a3   Thumb Code    48  os_core.o(.text)
    OS_RdyListRemove                         0x080040d3   Thumb Code    78  os_core.o(.text)
    OS_TaskBlock                             0x08004121   Thumb Code    42  os_core.o(.text)
    OS_Pend                                  0x0800414b   Thumb Code    72  os_core.o(.text)
    OS_PendListRemove1                       0x08004193   Thumb Code    54  os_core.o(.text)
    OS_PendListRemove                        0x080041c9   Thumb Code    38  os_core.o(.text)
    OS_PendAbort1                            0x080041ef   Thumb Code    32  os_core.o(.text)
    OS_RdyListInsertHead                     0x0800420f   Thumb Code    52  os_core.o(.text)
    OS_RdyListInsertTail                     0x08004243   Thumb Code    48  os_core.o(.text)
    OS_RdyListInsert                         0x08004273   Thumb Code    38  os_core.o(.text)
    OS_TaskRdy                               0x08004299   Thumb Code    26  os_core.o(.text)
    OS_PendAbort                             0x080042b3   Thumb Code   136  os_core.o(.text)
    OS_PendDbgNameRemove                     0x0800433b   Thumb Code    22  os_core.o(.text)
    OS_PendListChangePrio                    0x08004351   Thumb Code    50  os_core.o(.text)
    OS_PendListInit                          0x08004383   Thumb Code    10  os_core.o(.text)
    OS_PendListInsertHead                    0x0800438d   Thumb Code    32  os_core.o(.text)
    OS_PendObjDel1                           0x080043ad   Thumb Code    32  os_core.o(.text)
    OS_PendObjDel                            0x080043cd   Thumb Code   126  os_core.o(.text)
    OS_Post1                                 0x0800444b   Thumb Code    38  os_core.o(.text)
    OS_Post                                  0x08004471   Thumb Code   170  os_core.o(.text)
    OS_RdyListMoveHeadToTail                 0x0800451b   Thumb Code    52  os_core.o(.text)
    OS_Sched0                                0x0800454f   Thumb Code    50  os_core.o(.text)
    OS_Dbg_Init                              0x08004591   Thumb Code     2  os_dbg.o(.text)
    OS_FlagDbgListAdd                        0x08004595   Thumb Code    26  os_flag.o(.text)
    OSFlagCreate                             0x080045af   Thumb Code   104  os_flag.o(.text)
    OS_FlagClr                               0x08004617   Thumb Code    16  os_flag.o(.text)
    OS_FlagDbgListRemove                     0x08004627   Thumb Code    36  os_flag.o(.text)
    OSFlagDel                                0x0800464b   Thumb Code   344  os_flag.o(.text)
    OS_FlagBlock                             0x080047a3   Thumb Code    28  os_flag.o(.text)
    OSFlagPend                               0x080047bf   Thumb Code   584  os_flag.o(.text)
    OSFlagPendAbort                          0x08004a07   Thumb Code   196  os_flag.o(.text)
    OSFlagPendGetFlagsRdy                    0x08004acb   Thumb Code    44  os_flag.o(.text)
    OS_FlagTaskRdy                           0x08004af7   Thumb Code    68  os_flag.o(.text)
    OS_FlagPost                              0x08004b3b   Thumb Code   294  os_flag.o(.text)
    OSFlagPost                               0x08004c61   Thumb Code   114  os_flag.o(.text)
    OS_FlagInit                              0x08004cd3   Thumb Code    14  os_flag.o(.text)
    OS_IntQPost                              0x08004cfd   Thumb Code   138  os_int.o(.text)
    OS_IntQRePost                            0x08004d87   Thumb Code   202  os_int.o(.text)
    OS_IntQTask                              0x08004e51   Thumb Code   106  os_int.o(.text)
    OS_IntQTaskInit                          0x08004ebb   Thumb Code   194  os_int.o(.text)
    OS_MemDbgListAdd                         0x0800500d   Thumb Code    22  os_mem.o(.text)
    OSMemCreate                              0x08005023   Thumb Code   186  os_mem.o(.text)
    OSMemGet                                 0x080050dd   Thumb Code    60  os_mem.o(.text)
    OSMemPut                                 0x08005119   Thumb Code    70  os_mem.o(.text)
    OS_MemInit                               0x0800515f   Thumb Code    14  os_mem.o(.text)
    OS_MsgPoolCreate                         0x08005181   Thumb Code    48  os_msg.o(.text)
    OS_MsgPoolInit                           0x080051b1   Thumb Code    58  os_msg.o(.text)
    OS_MsgQFreeAll                           0x080051eb   Thumb Code    48  os_msg.o(.text)
    OS_MsgQInit                              0x0800521b   Thumb Code    14  os_msg.o(.text)
    OS_MsgQGet                               0x08005229   Thumb Code    82  os_msg.o(.text)
    OS_MsgQPut                               0x0800527b   Thumb Code   128  os_msg.o(.text)
    OS_MutexDbgListAdd                       0x08005309   Thumb Code    26  os_mutex.o(.text)
    OSMutexCreate                            0x08005323   Thumb Code   112  os_mutex.o(.text)
    OS_MutexClr                              0x08005393   Thumb Code    24  os_mutex.o(.text)
    OS_MutexDbgListRemove                    0x080053ab   Thumb Code    36  os_mutex.o(.text)
    OSMutexDel                               0x080053cf   Thumb Code   470  os_mutex.o(.text)
    OSMutexPend                              0x080055a5   Thumb Code   490  os_mutex.o(.text)
    OSMutexPendAbort                         0x0800578f   Thumb Code   196  os_mutex.o(.text)
    OSMutexPost                              0x08005853   Thumb Code   364  os_mutex.o(.text)
    OS_MutexInit                             0x080059bf   Thumb Code    14  os_mutex.o(.text)
    OS_PrioInit                              0x080059ed   Thumb Code    18  os_prio.o(.text)
    OS_PrioGetHighest                        0x080059ff   Thumb Code    32  os_prio.o(.text)
    OS_PrioInsert                            0x08005a1f   Thumb Code    28  os_prio.o(.text)
    OS_PrioRemove                            0x08005a3b   Thumb Code    28  os_prio.o(.text)
    OS_QDbgListAdd                           0x08005a5d   Thumb Code    26  os_q.o(.text)
    OSQCreate                                0x08005a77   Thumb Code   118  os_q.o(.text)
    OS_QClr                                  0x08005aed   Thumb Code    40  os_q.o(.text)
    OS_QDbgListRemove                        0x08005b15   Thumb Code    36  os_q.o(.text)
    OSQDel                                   0x08005b39   Thumb Code   256  os_q.o(.text)
    OSQFlush                                 0x08005c39   Thumb Code   116  os_q.o(.text)
    OSQPend                                  0x08005cad   Thumb Code   344  os_q.o(.text)
    OSQPendAbort                             0x08005e05   Thumb Code   236  os_q.o(.text)
    OS_QPost                                 0x08005ef1   Thumb Code   194  os_q.o(.text)
    OSQPost                                  0x08005fb3   Thumb Code   146  os_q.o(.text)
    OS_QInit                                 0x08006045   Thumb Code    14  os_q.o(.text)
    OS_SemDbgListAdd                         0x0800606d   Thumb Code    26  os_sem.o(.text)
    OSSemCreate                              0x08006087   Thumb Code   104  os_sem.o(.text)
    OS_SemClr                                0x080060ef   Thumb Code    22  os_sem.o(.text)
    OS_SemDbgListRemove                      0x08006105   Thumb Code    36  os_sem.o(.text)
    OSSemDel                                 0x08006129   Thumb Code   256  os_sem.o(.text)
    OSSemPend                                0x08006229   Thumb Code   298  os_sem.o(.text)
    OSSemPendAbort                           0x08006353   Thumb Code   196  os_sem.o(.text)
    OS_SemPost                               0x08006417   Thumb Code   202  os_sem.o(.text)
    OSSemPost                                0x080064e1   Thumb Code   114  os_sem.o(.text)
    OSSemSet                                 0x08006553   Thumb Code    78  os_sem.o(.text)
    OS_SemInit                               0x080065a1   Thumb Code    14  os_sem.o(.text)
    OSTaskChangePrio                         0x080065c1   Thumb Code   240  os_task.o(.text)
    OS_TaskDbgListAdd                        0x080066b1   Thumb Code    30  os_task.o(.text)
    OS_TaskInitTCB                           0x080066cf   Thumb Code   180  os_task.o(.text)
    OSTaskCreate                             0x08006783   Thumb Code   384  os_task.o(.text)
    OS_TaskDbgListRemove                     0x08006903   Thumb Code    50  os_task.o(.text)
    OSTaskDel                                0x08006935   Thumb Code   308  os_task.o(.text)
    OSTaskQFlush                             0x08006a69   Thumb Code   106  os_task.o(.text)
    OSTaskQPend                              0x08006ad3   Thumb Code   328  os_task.o(.text)
    OSTaskQPendAbort                         0x08006c1b   Thumb Code   140  os_task.o(.text)
    OS_TaskQPost                             0x08006ca7   Thumb Code   222  os_task.o(.text)
    OSTaskQPost                              0x08006d85   Thumb Code    96  os_task.o(.text)
    OSTaskRegGet                             0x08006de5   Thumb Code    68  os_task.o(.text)
    OSTaskRegGetID                           0x08006e29   Thumb Code    42  os_task.o(.text)
    OSTaskRegSet                             0x08006e53   Thumb Code    40  os_task.o(.text)
    OS_TaskResume                            0x08006e7b   Thumb Code   184  os_task.o(.text)
    OSTaskResume                             0x08006f33   Thumb Code    78  os_task.o(.text)
    OSTaskSemPend                            0x08006f81   Thumb Code   300  os_task.o(.text)
    OSTaskSemPendAbort                       0x080070ad   Thumb Code   148  os_task.o(.text)
    OS_TaskSemPost                           0x08007141   Thumb Code   284  os_task.o(.text)
    OSTaskSemPost                            0x0800725d   Thumb Code    78  os_task.o(.text)
    OSTaskSemSet                             0x080072ab   Thumb Code    52  os_task.o(.text)
    OSTaskStkChk                             0x080072df   Thumb Code   136  os_task.o(.text)
    OS_TaskSuspend                           0x08007367   Thumb Code   158  os_task.o(.text)
    OSTaskSuspend                            0x08007405   Thumb Code    64  os_task.o(.text)
    OS_TaskInit                              0x08007445   Thumb Code    18  os_task.o(.text)
    OS_TaskReturn                            0x08007457   Thumb Code    20  os_task.o(.text)
    OS_TickListRemove                        0x08007495   Thumb Code    54  os_tick.o(.text)
    OS_TickListUpdate                        0x080074cb   Thumb Code   304  os_tick.o(.text)
    OS_TickTask                              0x080075fb   Thumb Code    36  os_tick.o(.text)
    OS_TickListInit                          0x0800761f   Thumb Code    34  os_tick.o(.text)
    OS_TickTaskInit                          0x08007641   Thumb Code   114  os_tick.o(.text)
    OS_TickListInsert                        0x080076b3   Thumb Code   202  os_tick.o(.text)
    OS_TickListResetPeak                     0x0800777d   Thumb Code    30  os_tick.o(.text)
    OSTimeDly                                0x080077e5   Thumb Code   158  os_time.o(.text)
    OSTimeDlyHMSM                            0x08007883   Thumb Code   308  os_time.o(.text)
    OSTimeDlyResume                          0x080079b7   Thumb Code   184  os_time.o(.text)
    OSTimeGet                                0x08007a6f   Thumb Code    24  os_time.o(.text)
    OSTimeSet                                0x08007a87   Thumb Code    24  os_time.o(.text)
    OSTimeTick                               0x08007a9f   Thumb Code    52  os_time.o(.text)
    OS_TmrDbgListAdd                         0x08007af5   Thumb Code    22  os_tmr.o(.text)
    OSTmrCreate                              0x08007b0b   Thumb Code   168  os_tmr.o(.text)
    OS_TmrClr                                0x08007bb3   Thumb Code    34  os_tmr.o(.text)
    OS_TmrUnlink                             0x08007bd5   Thumb Code    68  os_tmr.o(.text)
    OS_TmrDbgListRemove                      0x08007c19   Thumb Code    36  os_tmr.o(.text)
    OSTmrDel                                 0x08007c3d   Thumb Code   134  os_tmr.o(.text)
    OSTmrRemainGet                           0x08007cc3   Thumb Code   140  os_tmr.o(.text)
    OS_TmrLink                               0x08007d4f   Thumb Code   140  os_tmr.o(.text)
    OSTmrStart                               0x08007ddb   Thumb Code   122  os_tmr.o(.text)
    OSTmrStateGet                            0x08007e55   Thumb Code    86  os_tmr.o(.text)
    OSTmrStop                                0x08007eab   Thumb Code   226  os_tmr.o(.text)
    OS_TmrTask                               0x08007f8d   Thumb Code   164  os_tmr.o(.text)
    OS_TmrInit                               0x08008031   Thumb Code   174  os_tmr.o(.text)
    OS_TmrResetPeak                          0x080080df   Thumb Code    30  os_tmr.o(.text)
    OSIdleTaskHook                           0x08008151   Thumb Code    12  os_cpu_c.o(.text)
    OSInitHook                               0x0800815d   Thumb Code    22  os_cpu_c.o(.text)
    OSStatTaskHook                           0x08008173   Thumb Code    12  os_cpu_c.o(.text)
    OSTaskCreateHook                         0x0800817f   Thumb Code    12  os_cpu_c.o(.text)
    OSTaskDelHook                            0x0800818b   Thumb Code    12  os_cpu_c.o(.text)
    OSTaskReturnHook                         0x08008197   Thumb Code    12  os_cpu_c.o(.text)
    OSTaskStkInit                            0x080081a3   Thumb Code    96  os_cpu_c.o(.text)
    OSTaskSwHook                             0x08008203   Thumb Code    72  os_cpu_c.o(.text)
    OSTimeTickHook                           0x0800824b   Thumb Code    12  os_cpu_c.o(.text)
    OS_CPU_SysTickHandler                    0x08008257   Thumb Code    30  os_cpu_c.o(.text)
    OS_CPU_SysTickInit                       0x08008275   Thumb Code    36  os_cpu_c.o(.text)
    __use_no_semihosting                     0x080082d9   Thumb Code     2  use_no_semi_2.o(.text)
    __aeabi_uldivmod                         0x080082db   Thumb Code     0  lludivv7m.o(.text)
    _ll_udiv                                 0x080082db   Thumb Code   238  lludivv7m.o(.text)
    __2printf                                0x080083c9   Thumb Code    20  noretval__2printf.o(.text)
    __printf                                 0x080083e1   Thumb Code   104  __printf.o(.text)
    _printf_int_dec                          0x08008449   Thumb Code   104  _printf_dec.o(.text)
    __use_two_region_memory                  0x080084c1   Thumb Code     2  heapauxi.o(.text)
    __rt_heap_escrow$2region                 0x080084c3   Thumb Code     2  heapauxi.o(.text)
    __rt_heap_expand$2region                 0x080084c5   Thumb Code     2  heapauxi.o(.text)
    __I$use$semihosting                      0x080084c7   Thumb Code     0  use_no_semi.o(.text)
    __use_no_semihosting_swi                 0x080084c7   Thumb Code     2  use_no_semi.o(.text)
    _printf_int_common                       0x080084c9   Thumb Code   178  _printf_intcommon.o(.text)
    _printf_char_file                        0x0800857d   Thumb Code    32  _printf_char_file.o(.text)
    _printf_char_common                      0x080085ab   Thumb Code    32  _printf_char_common.o(.text)
    ferror                                   0x080085d1   Thumb Code     8  ferror.o(.text)
    __user_setup_stackheap                   0x080085d9   Thumb Code    74  sys_stackheap_outer.o(.text)
    exit                                     0x08008623   Thumb Code    18  exit.o(.text)
    __user_libspace                          0x08008635   Thumb Code     8  libspace.o(.text)
    __user_perproc_libspace                  0x08008635   Thumb Code     0  libspace.o(.text)
    __user_perthread_libspace                0x08008635   Thumb Code     0  libspace.o(.text)
    OSStartHighRdy                           0x0800863d   Thumb Code     0  os_cpu_a.o(CODE)
    OSCtxSw                                  0x0800865f   Thumb Code     0  os_cpu_a.o(CODE)
    OSIntCtxSw                               0x08008669   Thumb Code     0  os_cpu_a.o(CODE)
    PendSV_Handler                           0x08008673   Thumb Code     0  os_cpu_a.o(CODE)
    OSCfg_TickTaskPrio                       0x08008868   Data           1  os_cfg_app.o(.constdata)
    OSCfg_TmrTaskPrio                        0x08008869   Data           1  os_cfg_app.o(.constdata)
    OSCfg_IntQSize                           0x0800886a   Data           2  os_cfg_app.o(.constdata)
    OSCfg_MsgPoolSize                        0x0800886c   Data           2  os_cfg_app.o(.constdata)
    OSCfg_TickWheelSize                      0x0800886e   Data           2  os_cfg_app.o(.constdata)
    OSCfg_TmrWheelSize                       0x08008870   Data           2  os_cfg_app.o(.constdata)
    OSCfg_IdleTaskStkBasePtr                 0x08008874   Data           4  os_cfg_app.o(.constdata)
    OSCfg_IdleTaskStkLimit                   0x08008878   Data           4  os_cfg_app.o(.constdata)
    OSCfg_IdleTaskStkSize                    0x0800887c   Data           4  os_cfg_app.o(.constdata)
    OSCfg_IdleTaskStkSizeRAM                 0x08008880   Data           4  os_cfg_app.o(.constdata)
    OSCfg_IntQBasePtr                        0x08008884   Data           4  os_cfg_app.o(.constdata)
    OSCfg_IntQSizeRAM                        0x08008888   Data           4  os_cfg_app.o(.constdata)
    OSCfg_IntQTaskStkBasePtr                 0x0800888c   Data           4  os_cfg_app.o(.constdata)
    OSCfg_IntQTaskStkLimit                   0x08008890   Data           4  os_cfg_app.o(.constdata)
    OSCfg_IntQTaskStkSize                    0x08008894   Data           4  os_cfg_app.o(.constdata)
    OSCfg_IntQTaskStkSizeRAM                 0x08008898   Data           4  os_cfg_app.o(.constdata)
    OSCfg_ISRStkBasePtr                      0x0800889c   Data           4  os_cfg_app.o(.constdata)
    OSCfg_ISRStkSize                         0x080088a0   Data           4  os_cfg_app.o(.constdata)
    OSCfg_ISRStkSizeRAM                      0x080088a4   Data           4  os_cfg_app.o(.constdata)
    OSCfg_MsgPoolSizeRAM                     0x080088a8   Data           4  os_cfg_app.o(.constdata)
    OSCfg_MsgPoolBasePtr                     0x080088ac   Data           4  os_cfg_app.o(.constdata)
    OSCfg_StkSizeMin                         0x080088b0   Data           4  os_cfg_app.o(.constdata)
    OSCfg_TickRate_Hz                        0x080088b4   Data           4  os_cfg_app.o(.constdata)
    OSCfg_TickTaskStkBasePtr                 0x080088b8   Data           4  os_cfg_app.o(.constdata)
    OSCfg_TickTaskStkLimit                   0x080088bc   Data           4  os_cfg_app.o(.constdata)
    OSCfg_TickTaskStkSize                    0x080088c0   Data           4  os_cfg_app.o(.constdata)
    OSCfg_TickTaskStkSizeRAM                 0x080088c4   Data           4  os_cfg_app.o(.constdata)
    OSCfg_TickWheelSizeRAM                   0x080088c8   Data           4  os_cfg_app.o(.constdata)
    OSCfg_TmrTaskRate_Hz                     0x080088cc   Data           4  os_cfg_app.o(.constdata)
    OSCfg_TmrTaskStkBasePtr                  0x080088d0   Data           4  os_cfg_app.o(.constdata)
    OSCfg_TmrTaskStkLimit                    0x080088d4   Data           4  os_cfg_app.o(.constdata)
    OSCfg_TmrTaskStkSize                     0x080088d8   Data           4  os_cfg_app.o(.constdata)
    OSCfg_TmrTaskStkSizeRAM                  0x080088dc   Data           4  os_cfg_app.o(.constdata)
    OSCfg_TmrWheelSizeRAM                    0x080088e0   Data           4  os_cfg_app.o(.constdata)
    OSCfg_DataSizeRAM                        0x080088e4   Data           4  os_cfg_app.o(.constdata)
    Region$$Table$$Base                      0x080088e8   Number         0  anon$$obj.o(Region$$Table)
    Region$$Table$$Limit                     0x08008908   Number         0  anon$$obj.o(Region$$Table)
    Mk_UsartAll                              0x20000000   Data           1  main.o(.data)
    pre_cnt_rs2                              0x20000001   Data           1  main.o(.data)
    tim2_count                               0x20000002   Data           1  main.o(.data)
    SystemCoreClock                          0x20000004   Data           4  system_stm32f10x.o(.data)
    AHBPrescTable                            0x20000008   Data          16  system_stm32f10x.o(.data)
    status                                   0x20000018   Data           1  george_system.o(.data)
    i                                        0x20000019   Data           1  servo.o(.data)
    tim1                                     0x2000001a   Data           1  servo.o(.data)
    Pulse1                                   0x2000001b   Data           1  servo.o(.data)
    Pulse2                                   0x2000001c   Data           1  servo.o(.data)
    Pulse3                                   0x2000001d   Data           1  servo.o(.data)
    Pulse4                                   0x2000001e   Data           1  servo.o(.data)
    phasecw                                  0x2000001f   Data           8  stepper.o(.data)
    phaseccw                                 0x20000027   Data           8  stepper.o(.data)
    RxCount                                  0x20000034   Data           1  usart2.o(.data)
    __stdout                                 0x20000038   Data           4  usart.o(.data)
    CPU_TS_TmrFreq_Hz                        0x20000050   Data           4  cpu_core.o(.data)
    Mem_PoolTbl                              0x20000054   Data           4  lib_mem.o(.data)
    OSPrioTbl                                0x20000058   Data           8  os_prio.o(.data)
    OS_AppTaskCreateHookPtr                  0x20000060   Data           4  os_var.o(.data)
    OS_AppTaskDelHookPtr                     0x20000064   Data           4  os_var.o(.data)
    OS_AppTaskReturnHookPtr                  0x20000068   Data           4  os_var.o(.data)
    OS_AppIdleTaskHookPtr                    0x2000006c   Data           4  os_var.o(.data)
    OS_AppStatTaskHookPtr                    0x20000070   Data           4  os_var.o(.data)
    OS_AppTaskSwHookPtr                      0x20000074   Data           4  os_var.o(.data)
    OS_AppTimeTickHookPtr                    0x20000078   Data           4  os_var.o(.data)
    OSIdleTaskCtr                            0x2000007c   Data           4  os_var.o(.data)
    OSIntNestingCtr                          0x20000080   Data           1  os_var.o(.data)
    OSRunning                                0x20000081   Data           1  os_var.o(.data)
    OSIntQInPtr                              0x20000084   Data           4  os_var.o(.data)
    OSIntQOutPtr                             0x20000088   Data           4  os_var.o(.data)
    OSIntQNbrEntries                         0x2000008c   Data           2  os_var.o(.data)
    OSIntQNbrEntriesMax                      0x2000008e   Data           2  os_var.o(.data)
    OSIntQOvfCtr                             0x20000090   Data           2  os_var.o(.data)
    OSIntQTaskTimeMax                        0x20000094   Data           4  os_var.o(.data)
    OSFlagDbgListPtr                         0x20000098   Data           4  os_var.o(.data)
    OSFlagQty                                0x2000009c   Data           2  os_var.o(.data)
    OSMemDbgListPtr                          0x200000a0   Data           4  os_var.o(.data)
    OSMemQty                                 0x200000a4   Data           2  os_var.o(.data)
    OSMutexDbgListPtr                        0x200000a8   Data           4  os_var.o(.data)
    OSMutexQty                               0x200000ac   Data           2  os_var.o(.data)
    OSPrioCur                                0x200000ae   Data           1  os_var.o(.data)
    OSPrioHighRdy                            0x200000af   Data           1  os_var.o(.data)
    OSPrioSaved                              0x200000b0   Data           1  os_var.o(.data)
    OSQDbgListPtr                            0x200000b4   Data           4  os_var.o(.data)
    OSQQty                                   0x200000b8   Data           2  os_var.o(.data)
    OSSchedLockTimeBegin                     0x200000bc   Data           4  os_var.o(.data)
    OSSchedLockTimeMax                       0x200000c0   Data           4  os_var.o(.data)
    OSSchedLockTimeMaxCur                    0x200000c4   Data           4  os_var.o(.data)
    OSSchedLockNestingCtr                    0x200000c8   Data           1  os_var.o(.data)
    OSSemDbgListPtr                          0x200000cc   Data           4  os_var.o(.data)
    OSSemQty                                 0x200000d0   Data           2  os_var.o(.data)
    OSTaskCtxSwCtr                           0x200000d4   Data           4  os_var.o(.data)
    OSTaskDbgListPtr                         0x200000d8   Data           4  os_var.o(.data)
    OSTaskQty                                0x200000dc   Data           2  os_var.o(.data)
    OSTaskRegNextAvailID                     0x200000de   Data           1  os_var.o(.data)
    OSTickCtr                                0x200000e0   Data           4  os_var.o(.data)
    OSTickTaskTimeMax                        0x200000e4   Data           4  os_var.o(.data)
    OSTmrDbgListPtr                          0x200000e8   Data           4  os_var.o(.data)
    OSTmrQty                                 0x200000ec   Data           2  os_var.o(.data)
    OSTmrTaskTimeMax                         0x200000f0   Data           4  os_var.o(.data)
    OSTmrTickCtr                             0x200000f4   Data           4  os_var.o(.data)
    OSTmrUpdateCnt                           0x200000f8   Data           4  os_var.o(.data)
    OSTmrUpdateCtr                           0x200000fc   Data           4  os_var.o(.data)
    OSTCBCurPtr                              0x20000100   Data           4  os_var.o(.data)
    OSTCBHighRdyPtr                          0x20000104   Data           4  os_var.o(.data)
    OS_CPU_ExceptStkBase                     0x20000108   Data           4  os_cpu_c.o(.data)
    StartTaskTCB                             0x2000010c   Data         196  main.o(.bss)
    START_TASK_STK                           0x200001d0   Data         512  main.o(.bss)
    Task1_TaskTCB                            0x200003d0   Data         196  main.o(.bss)
    TASK1_TASK_STK                           0x20000494   Data         512  main.o(.bss)
    Task2_TaskTCB                            0x20000694   Data         196  main.o(.bss)
    TASK2_TASK_STK                           0x20000758   Data         512  main.o(.bss)
    RxBuffer                                 0x20000958   Data          15  usart2.o(.bss)
    CPU_Name                                 0x20000967   Data          16  cpu_core.o(.bss)
    Mem_PoolHeap                             0x20000978   Data          72  lib_mem.o(.bss)
    Mem_Heap                                 0x200009c0   Data        1024  lib_mem.o(.bss)
    OSCfg_IdleTaskStk                        0x20000dc0   Data         512  os_cfg_app.o(.bss)
    OSCfg_IntQ                               0x20000fc0   Data         320  os_cfg_app.o(.bss)
    OSCfg_IntQTaskStk                        0x20001100   Data         512  os_cfg_app.o(.bss)
    OSCfg_ISRStk                             0x20001300   Data         512  os_cfg_app.o(.bss)
    OSCfg_MsgPool                            0x20001500   Data        1600  os_cfg_app.o(.bss)
    OSCfg_TickTaskStk                        0x20001b40   Data         512  os_cfg_app.o(.bss)
    OSCfg_TickWheel                          0x20001d40   Data         136  os_cfg_app.o(.bss)
    OSCfg_TmrTaskStk                         0x20001dc8   Data         512  os_cfg_app.o(.bss)
    OSCfg_TmrWheel                           0x20001fc8   Data         136  os_cfg_app.o(.bss)
    OSIdleTaskTCB                            0x20002050   Data         196  os_var.o(.bss)
    OSIntQTaskTCB                            0x20002114   Data         196  os_var.o(.bss)
    OSMsgPool                                0x200021d8   Data          12  os_var.o(.bss)
    OSRdyList                                0x200021e4   Data         768  os_var.o(.bss)
    OSTickTaskTCB                            0x200024e4   Data         196  os_var.o(.bss)
    OSTmrTaskTCB                             0x200025a8   Data         196  os_var.o(.bss)
    __libspace_start                         0x2000266c   Data          96  libspace.o(.bss)
    __temporary_stack_top$libspace           0x200026cc   Data           0  libspace.o(.bss)



==============================================================================

Memory Map of the image

  Image Entry point : 0x08000131

  Load Region LR_IROM1 (Base: 0x08000000, Size: 0x00008a14, Max: 0x00010000, ABSOLUTE)

    Execution Region ER_IROM1 (Base: 0x08000000, Size: 0x00008908, Max: 0x00010000, ABSOLUTE)

    Base Addr    Size         Type   Attr      Idx    E Section Name        Object

    0x08000000   0x00000130   Data   RO          467    RESET               startup_stm32f10x_hd.o
    0x08000130   0x00000008   Code   RO         1093  * !!!main             c_w.l(__main.o)
    0x08000138   0x00000034   Code   RO         1271    !!!scatter          c_w.l(__scatter.o)
    0x0800016c   0x0000001a   Code   RO         1273    !!handler_copy      c_w.l(__scatter_copy.o)
    0x08000186   0x00000002   PAD
    0x08000188   0x0000001c   Code   RO         1275    !!handler_zi        c_w.l(__scatter_zi.o)
    0x080001a4   0x00000000   Code   RO         1090    .ARM.Collect$$_printf_percent$$00000000  c_w.l(_printf_percent.o)
    0x080001a4   0x00000006   Code   RO         1089    .ARM.Collect$$_printf_percent$$00000009  c_w.l(_printf_d.o)
    0x080001aa   0x00000004   Code   RO         1106    .ARM.Collect$$_printf_percent$$00000017  c_w.l(_printf_percent_end.o)
    0x080001ae   0x00000002   Code   RO         1145    .ARM.Collect$$libinit$$00000000  c_w.l(libinit.o)
    0x080001b0   0x00000000   Code   RO         1158    .ARM.Collect$$libinit$$00000002  c_w.l(libinit2.o)
    0x080001b0   0x00000000   Code   RO         1160    .ARM.Collect$$libinit$$00000004  c_w.l(libinit2.o)
    0x080001b0   0x00000000   Code   RO         1163    .ARM.Collect$$libinit$$0000000A  c_w.l(libinit2.o)
    0x080001b0   0x00000000   Code   RO         1165    .ARM.Collect$$libinit$$0000000C  c_w.l(libinit2.o)
    0x080001b0   0x00000000   Code   RO         1167    .ARM.Collect$$libinit$$0000000E  c_w.l(libinit2.o)
    0x080001b0   0x00000000   Code   RO         1170    .ARM.Collect$$libinit$$00000011  c_w.l(libinit2.o)
    0x080001b0   0x00000000   Code   RO         1172    .ARM.Collect$$libinit$$00000013  c_w.l(libinit2.o)
    0x080001b0   0x00000000   Code   RO         1174    .ARM.Collect$$libinit$$00000015  c_w.l(libinit2.o)
    0x080001b0   0x00000000   Code   RO         1176    .ARM.Collect$$libinit$$00000017  c_w.l(libinit2.o)
    0x080001b0   0x00000000   Code   RO         1178    .ARM.Collect$$libinit$$00000019  c_w.l(libinit2.o)
    0x080001b0   0x00000000   Code   RO         1180    .ARM.Collect$$libinit$$0000001B  c_w.l(libinit2.o)
    0x080001b0   0x00000000   Code   RO         1182    .ARM.Collect$$libinit$$0000001D  c_w.l(libinit2.o)
    0x080001b0   0x00000000   Code   RO         1184    .ARM.Collect$$libinit$$0000001F  c_w.l(libinit2.o)
    0x080001b0   0x00000000   Code   RO         1186    .ARM.Collect$$libinit$$00000021  c_w.l(libinit2.o)
    0x080001b0   0x00000000   Code   RO         1188    .ARM.Collect$$libinit$$00000023  c_w.l(libinit2.o)
    0x080001b0   0x00000000   Code   RO         1190    .ARM.Collect$$libinit$$00000025  c_w.l(libinit2.o)
    0x080001b0   0x00000000   Code   RO         1194    .ARM.Collect$$libinit$$0000002C  c_w.l(libinit2.o)
    0x080001b0   0x00000000   Code   RO         1196    .ARM.Collect$$libinit$$0000002E  c_w.l(libinit2.o)
    0x080001b0   0x00000000   Code   RO         1198    .ARM.Collect$$libinit$$00000030  c_w.l(libinit2.o)
    0x080001b0   0x00000000   Code   RO         1200    .ARM.Collect$$libinit$$00000032  c_w.l(libinit2.o)
    0x080001b0   0x00000002   Code   RO         1201    .ARM.Collect$$libinit$$00000033  c_w.l(libinit2.o)
    0x080001b2   0x00000002   Code   RO         1227    .ARM.Collect$$libshutdown$$00000000  c_w.l(libshutdown.o)
    0x080001b4   0x00000000   Code   RO         1254    .ARM.Collect$$libshutdown$$00000002  c_w.l(libshutdown2.o)
    0x080001b4   0x00000000   Code   RO         1256    .ARM.Collect$$libshutdown$$00000004  c_w.l(libshutdown2.o)
    0x080001b4   0x00000000   Code   RO         1259    .ARM.Collect$$libshutdown$$00000007  c_w.l(libshutdown2.o)
    0x080001b4   0x00000000   Code   RO         1262    .ARM.Collect$$libshutdown$$0000000A  c_w.l(libshutdown2.o)
    0x080001b4   0x00000000   Code   RO         1264    .ARM.Collect$$libshutdown$$0000000C  c_w.l(libshutdown2.o)
    0x080001b4   0x00000000   Code   RO         1267    .ARM.Collect$$libshutdown$$0000000F  c_w.l(libshutdown2.o)
    0x080001b4   0x00000002   Code   RO         1268    .ARM.Collect$$libshutdown$$00000010  c_w.l(libshutdown2.o)
    0x080001b6   0x00000000   Code   RO         1097    .ARM.Collect$$rtentry$$00000000  c_w.l(__rtentry.o)
    0x080001b6   0x00000000   Code   RO         1108    .ARM.Collect$$rtentry$$00000002  c_w.l(__rtentry2.o)
    0x080001b6   0x00000006   Code   RO         1120    .ARM.Collect$$rtentry$$00000004  c_w.l(__rtentry4.o)
    0x080001bc   0x00000000   Code   RO         1110    .ARM.Collect$$rtentry$$00000009  c_w.l(__rtentry2.o)
    0x080001bc   0x00000004   Code   RO         1111    .ARM.Collect$$rtentry$$0000000A  c_w.l(__rtentry2.o)
    0x080001c0   0x00000000   Code   RO         1113    .ARM.Collect$$rtentry$$0000000C  c_w.l(__rtentry2.o)
    0x080001c0   0x00000008   Code   RO         1114    .ARM.Collect$$rtentry$$0000000D  c_w.l(__rtentry2.o)
    0x080001c8   0x00000002   Code   RO         1149    .ARM.Collect$$rtexit$$00000000  c_w.l(rtexit.o)
    0x080001ca   0x00000000   Code   RO         1203    .ARM.Collect$$rtexit$$00000002  c_w.l(rtexit2.o)
    0x080001ca   0x00000004   Code   RO         1204    .ARM.Collect$$rtexit$$00000003  c_w.l(rtexit2.o)
    0x080001ce   0x00000006   Code   RO         1205    .ARM.Collect$$rtexit$$00000004  c_w.l(rtexit2.o)
    0x080001d4   0x000001e8   Code   RO            1    .text               main.o
    0x080003bc   0x0000000e   Code   RO          177    .text               stm32f10x_it.o
    0x080003ca   0x00000002   PAD
    0x080003cc   0x00000158   Code   RO          209    .text               system_stm32f10x.o
    0x08000524   0x000004dc   Code   RO          227    .text               robot.o
    0x08000a00   0x0000009c   Code   RO          239    .text               george_system.o
    0x08000a9c   0x00000200   Code   RO          255    .text               servo.o
    0x08000c9c   0x000000d0   Code   RO          308    .text               stepper.o
    0x08000d6c   0x000001bc   Code   RO          323    .text               tm1624.o
    0x08000f28   0x00000118   Code   RO          336    .text               delay.o
    0x08001040   0x0000023c   Code   RO          368    .text               usart2.o
    0x0800127c   0x000000c0   Code   RO          391    .text               usart.o
    0x0800133c   0x0000005c   Code   RO          412    .text               timer.o
    0x08001398   0x000000d0   Code   RO          424    .text               wkup.o
    0x08001468   0x00000040   Code   RO          468    .text               startup_stm32f10x_hd.o
    0x080014a8   0x000000b0   Code   RO          472    .text               misc.o
    0x08001558   0x00000264   Code   RO          484    .text               stm32f10x_gpio.o
    0x080017bc   0x00000328   Code   RO          496    .text               stm32f10x_usart.o
    0x08001ae4   0x000002b8   Code   RO          508    .text               stm32f10x_rcc.o
    0x08001d9c   0x00000af0   Code   RO          522    .text               stm32f10x_tim.o
    0x0800288c   0x000000ac   Code   RO          562    .text               stm32f10x_pwr.o
    0x08002938   0x000000e8   Code   RO          574    .text               stm32f10x_exti.o
    0x08002a20   0x00000068   Code   RO          586    .text               bsp.o
    0x08002a88   0x000001bc   Code   RO          602    .text               cpu_core.o
    0x08002c44   0x00000034   Code   RO          642    .text               cpu_a.o
    0x08002c78   0x0000015a   Code   RO          645    .text               lib_ascii.o
    0x08002dd2   0x00000002   PAD
    0x08002dd4   0x00000668   Code   RO          680    .text               lib_mem.o
    0x0800343c   0x000005a8   Code   RO          699    .text               lib_str.o
    0x080039e4   0x00000220   Code   RO          717    .text               lib_mem_a.o
    0x08003c04   0x00000002   Code   RO          720    .text               os_cfg_app.o
    0x08003c06   0x00000002   PAD
    0x08003c08   0x00000988   Code   RO          757    .text               os_core.o
    0x08004590   0x00000002   Code   RO          770    .text               os_dbg.o
    0x08004592   0x00000002   PAD
    0x08004594   0x00000768   Code   RO          786    .text               os_flag.o
    0x08004cfc   0x00000310   Code   RO          799    .text               os_int.o
    0x0800500c   0x00000174   Code   RO          811    .text               os_mem.o
    0x08005180   0x00000188   Code   RO          823    .text               os_msg.o
    0x08005308   0x000006e4   Code   RO          835    .text               os_mutex.o
    0x080059ec   0x00000070   Code   RO          854    .text               os_prio.o
    0x08005a5c   0x00000610   Code   RO          873    .text               os_q.o
    0x0800606c   0x00000554   Code   RO          886    .text               os_sem.o
    0x080065c0   0x00000ed4   Code   RO          905    .text               os_task.o
    0x08007494   0x00000350   Code   RO          917    .text               os_tick.o
    0x080077e4   0x00000310   Code   RO          930    .text               os_time.o
    0x08007af4   0x0000065c   Code   RO          942    .text               os_tmr.o
    0x08008150   0x00000188   Code   RO         1022    .text               os_cpu_c.o
    0x080082d8   0x00000002   Code   RO         1057    .text               c_w.l(use_no_semi_2.o)
    0x080082da   0x000000ee   Code   RO         1059    .text               c_w.l(lludivv7m.o)
    0x080083c8   0x00000018   Code   RO         1063    .text               c_w.l(noretval__2printf.o)
    0x080083e0   0x00000068   Code   RO         1065    .text               c_w.l(__printf.o)
    0x08008448   0x00000078   Code   RO         1067    .text               c_w.l(_printf_dec.o)
    0x080084c0   0x00000006   Code   RO         1091    .text               c_w.l(heapauxi.o)
    0x080084c6   0x00000002   Code   RO         1095    .text               c_w.l(use_no_semi.o)
    0x080084c8   0x000000b2   Code   RO         1102    .text               c_w.l(_printf_intcommon.o)
    0x0800857a   0x00000002   PAD
    0x0800857c   0x00000024   Code   RO         1104    .text               c_w.l(_printf_char_file.o)
    0x080085a0   0x00000030   Code   RO         1124    .text               c_w.l(_printf_char_common.o)
    0x080085d0   0x00000008   Code   RO         1126    .text               c_w.l(ferror.o)
    0x080085d8   0x0000004a   Code   RO         1130    .text               c_w.l(sys_stackheap_outer.o)
    0x08008622   0x00000012   Code   RO         1134    .text               c_w.l(exit.o)
    0x08008634   0x00000008   Code   RO         1146    .text               c_w.l(libspace.o)
    0x0800863c   0x00000098   Code   RO         1019    CODE                os_cpu_a.o
    0x080086d4   0x00000100   Data   RO          604    .constdata          cpu_core.o
    0x080087d4   0x00000094   Data   RO          700    .constdata          lib_str.o
    0x08008868   0x00000080   Data   RO          730    .constdata          os_cfg_app.o
    0x080088e8   0x00000020   Data   RO         1269    Region$$Table       anon$$obj.o


    Execution Region RW_IRAM1 (Base: 0x20000000, Size: 0x00002cd0, Max: 0x00005000, ABSOLUTE)

    Base Addr    Size         Type   Attr      Idx    E Section Name        Object

    0x20000000   0x00000003   Data   RW            4    .data               main.o
    0x20000003   0x00000001   PAD
    0x20000004   0x00000014   Data   RW          210    .data               system_stm32f10x.o
    0x20000018   0x00000001   Data   RW          240    .data               george_system.o
    0x20000019   0x00000006   Data   RW          256    .data               servo.o
    0x2000001f   0x00000010   Data   RW          309    .data               stepper.o
    0x2000002f   0x00000001   PAD
    0x20000030   0x00000004   Data   RW          337    .data               delay.o
    0x20000034   0x00000001   Data   RW          370    .data               usart2.o
    0x20000035   0x00000003   PAD
    0x20000038   0x00000004   Data   RW          394    .data               usart.o
    0x2000003c   0x00000014   Data   RW          509    .data               stm32f10x_rcc.o
    0x20000050   0x00000004   Data   RW          606    .data               cpu_core.o
    0x20000054   0x00000004   Data   RW          682    .data               lib_mem.o
    0x20000058   0x00000008   Data   RW          855    .data               os_prio.o
    0x20000060   0x00000004   Data   RW          960    .data               os_var.o
    0x20000064   0x00000004   Data   RW          961    .data               os_var.o
    0x20000068   0x00000004   Data   RW          962    .data               os_var.o
    0x2000006c   0x00000004   Data   RW          963    .data               os_var.o
    0x20000070   0x00000004   Data   RW          964    .data               os_var.o
    0x20000074   0x00000004   Data   RW          965    .data               os_var.o
    0x20000078   0x00000004   Data   RW          966    .data               os_var.o
    0x2000007c   0x00000004   Data   RW          967    .data               os_var.o
    0x20000080   0x00000001   Data   RW          968    .data               os_var.o
    0x20000081   0x00000001   Data   RW          969    .data               os_var.o
    0x20000082   0x00000002   PAD
    0x20000084   0x00000004   Data   RW          970    .data               os_var.o
    0x20000088   0x00000004   Data   RW          971    .data               os_var.o
    0x2000008c   0x00000002   Data   RW          972    .data               os_var.o
    0x2000008e   0x00000002   Data   RW          973    .data               os_var.o
    0x20000090   0x00000002   Data   RW          974    .data               os_var.o
    0x20000092   0x00000002   PAD
    0x20000094   0x00000004   Data   RW          975    .data               os_var.o
    0x20000098   0x00000004   Data   RW          976    .data               os_var.o
    0x2000009c   0x00000002   Data   RW          977    .data               os_var.o
    0x2000009e   0x00000002   PAD
    0x200000a0   0x00000004   Data   RW          978    .data               os_var.o
    0x200000a4   0x00000002   Data   RW          979    .data               os_var.o
    0x200000a6   0x00000002   PAD
    0x200000a8   0x00000004   Data   RW          980    .data               os_var.o
    0x200000ac   0x00000002   Data   RW          981    .data               os_var.o
    0x200000ae   0x00000001   Data   RW          982    .data               os_var.o
    0x200000af   0x00000001   Data   RW          983    .data               os_var.o
    0x200000b0   0x00000001   Data   RW          984    .data               os_var.o
    0x200000b1   0x00000003   PAD
    0x200000b4   0x00000004   Data   RW          985    .data               os_var.o
    0x200000b8   0x00000002   Data   RW          986    .data               os_var.o
    0x200000ba   0x00000002   PAD
    0x200000bc   0x00000004   Data   RW          987    .data               os_var.o
    0x200000c0   0x00000004   Data   RW          988    .data               os_var.o
    0x200000c4   0x00000004   Data   RW          989    .data               os_var.o
    0x200000c8   0x00000001   Data   RW          990    .data               os_var.o
    0x200000c9   0x00000003   PAD
    0x200000cc   0x00000004   Data   RW          991    .data               os_var.o
    0x200000d0   0x00000002   Data   RW          992    .data               os_var.o
    0x200000d2   0x00000002   PAD
    0x200000d4   0x00000004   Data   RW          993    .data               os_var.o
    0x200000d8   0x00000004   Data   RW          994    .data               os_var.o
    0x200000dc   0x00000002   Data   RW          995    .data               os_var.o
    0x200000de   0x00000001   Data   RW          996    .data               os_var.o
    0x200000df   0x00000001   PAD
    0x200000e0   0x00000004   Data   RW          997    .data               os_var.o
    0x200000e4   0x00000004   Data   RW          998    .data               os_var.o
    0x200000e8   0x00000004   Data   RW          999    .data               os_var.o
    0x200000ec   0x00000002   Data   RW         1000    .data               os_var.o
    0x200000ee   0x00000002   PAD
    0x200000f0   0x00000004   Data   RW         1001    .data               os_var.o
    0x200000f4   0x00000004   Data   RW         1002    .data               os_var.o
    0x200000f8   0x00000004   Data   RW         1003    .data               os_var.o
    0x200000fc   0x00000004   Data   RW         1004    .data               os_var.o
    0x20000100   0x00000004   Data   RW         1005    .data               os_var.o
    0x20000104   0x00000004   Data   RW         1006    .data               os_var.o
    0x20000108   0x00000004   Data   RW         1023    .data               os_cpu_c.o
    0x2000010c   0x0000084c   Zero   RW            2    .bss                main.o
    0x20000958   0x0000000f   Zero   RW          369    .bss                usart2.o
    0x20000967   0x00000010   Zero   RW          603    .bss                cpu_core.o
    0x20000977   0x00000001   PAD
    0x20000978   0x00000448   Zero   RW          681    .bss                lib_mem.o
    0x20000dc0   0x00000200   Zero   RW          721    .bss                os_cfg_app.o
    0x20000fc0   0x00000140   Zero   RW          722    .bss                os_cfg_app.o
    0x20001100   0x00000200   Zero   RW          723    .bss                os_cfg_app.o
    0x20001300   0x00000200   Zero   RW          724    .bss                os_cfg_app.o
    0x20001500   0x00000640   Zero   RW          725    .bss                os_cfg_app.o
    0x20001b40   0x00000200   Zero   RW          726    .bss                os_cfg_app.o
    0x20001d40   0x00000088   Zero   RW          727    .bss                os_cfg_app.o
    0x20001dc8   0x00000200   Zero   RW          728    .bss                os_cfg_app.o
    0x20001fc8   0x00000088   Zero   RW          729    .bss                os_cfg_app.o
    0x20002050   0x000000c4   Zero   RW          954    .bss                os_var.o
    0x20002114   0x000000c4   Zero   RW          955    .bss                os_var.o
    0x200021d8   0x0000000c   Zero   RW          956    .bss                os_var.o
    0x200021e4   0x00000300   Zero   RW          957    .bss                os_var.o
    0x200024e4   0x000000c4   Zero   RW          958    .bss                os_var.o
    0x200025a8   0x000000c4   Zero   RW          959    .bss                os_var.o
    0x2000266c   0x00000060   Zero   RW         1147    .bss                c_w.l(libspace.o)
    0x200026cc   0x00000004   PAD
    0x200026d0   0x00000200   Zero   RW          466    HEAP                startup_stm32f10x_hd.o
    0x200028d0   0x00000400   Zero   RW          465    STACK               startup_stm32f10x_hd.o


==============================================================================

Image component sizes


      Code (inc. data)   RO Data    RW Data    ZI Data      Debug   Object Name

       104         12          0          0          0       1725   bsp.o
        52          0          0          0          0        320   cpu_a.o
       444         12        256          4         16      14053   cpu_core.o
       280         28          0          4          0       2387   delay.o
       156         28          0          1          0        799   george_system.o
       346          0          0          0          0       4334   lib_ascii.o
      1640         26          0          4       1096      22256   lib_mem.o
       544          0          0          0          0        468   lib_mem_a.o
      1448          4        148          0          0      12472   lib_str.o
       488         64          0          3       2124     294408   main.o
       176         14          0          0          0       1897   misc.o
         2          0        128          0       4752      20173   os_cfg_app.o
      2440        216          0          0          0      12136   os_core.o
       152         32          0          0          0        380   os_cpu_a.o
       392         64          0          4          0       3581   os_cpu_c.o
         2          0          0          0          0        442   os_dbg.o
      1896         80          0          0          0       8129   os_flag.o
       784        144          0          0          0       2596   os_int.o
       372         20          0          0          0       2576   os_mem.o
       392         14          0          0          0       3015   os_msg.o
      1764         92          0          0          0       6036   os_mutex.o
       112          6          0          8          0       1796   os_prio.o
      1552         66          0          0          0       6526   os_q.o
      1364         58          0          0          0       6506   os_sem.o
      3796        210          0          0          0      14838   os_task.o
       848         82          0          0          0       3651   os_tick.o
       784         42          0          0          0       3413   os_time.o
      1628        128          0          0          0       6726   os_tmr.o
         0          0          0        147       1564      18668   os_var.o
      1244          0          0          0          0       1936   robot.o
       512         30          0          6          0       3097   servo.o
        64         26        304          0       1536        780   startup_stm32f10x_hd.o
       208          8          0         16          0       1836   stepper.o
       232          8          0          0          0       2403   stm32f10x_exti.o
       612         36          0          0          0       6021   stm32f10x_gpio.o
        14          0          0          0          0        955   stm32f10x_it.o
       172         12          0          0          0       1975   stm32f10x_pwr.o
       696         32          0         20          0       8992   stm32f10x_rcc.o
      2800         84          0          0          0      23962   stm32f10x_tim.o
       808         22          0          0          0       8888   stm32f10x_usart.o
         0          0          0          0          0         32   sys.o
       344         34          0         20          0       1727   system_stm32f10x.o
        92          0          0          0          0        640   timer.o
       444          6          0          0          0       2224   tm1624.o
       192          8          0          4          0       2888   usart.o
       572         88          0          1         15       3078   usart2.o
       208          8          0          0          0       1576   wkup.o

    ----------------------------------------------------------------------
     33180       1844        868        268      11104     549317   Object Totals
         0          0         32          0          0          0   (incl. Generated)
         8          0          0         26          1          0   (incl. Padding)

    ----------------------------------------------------------------------

      Code (inc. data)   RO Data    RW Data    ZI Data      Debug   Library Member Name

         8          0          0          0          0         68   __main.o
       104          0          0          0          0         84   __printf.o
         0          0          0          0          0          0   __rtentry.o
        12          0          0          0          0          0   __rtentry2.o
         6          0          0          0          0          0   __rtentry4.o
        52          8          0          0          0          0   __scatter.o
        26          0          0          0          0          0   __scatter_copy.o
        28          0          0          0          0          0   __scatter_zi.o
        48          6          0          0          0         96   _printf_char_common.o
        36          4          0          0          0         80   _printf_char_file.o
         6          0          0          0          0          0   _printf_d.o
       120         16          0          0          0         92   _printf_dec.o
       178          0          0          0          0         88   _printf_intcommon.o
         0          0          0          0          0          0   _printf_percent.o
         4          0          0          0          0          0   _printf_percent_end.o
        18          0          0          0          0         80   exit.o
         8          0          0          0          0         68   ferror.o
         6          0          0          0          0        152   heapauxi.o
         2          0          0          0          0          0   libinit.o
         2          0          0          0          0          0   libinit2.o
         2          0          0          0          0          0   libshutdown.o
         2          0          0          0          0          0   libshutdown2.o
         8          4          0          0         96         68   libspace.o
       238          0          0          0          0        100   lludivv7m.o
        24          4          0          0          0         84   noretval__2printf.o
         2          0          0          0          0          0   rtexit.o
        10          0          0          0          0          0   rtexit2.o
        74          0          0          0          0         80   sys_stackheap_outer.o
         2          0          0          0          0         68   use_no_semi.o
         2          0          0          0          0         68   use_no_semi_2.o

    ----------------------------------------------------------------------
      1032         42          0          0        100       1276   Library Totals
         4          0          0          0          4          0   (incl. Padding)

    ----------------------------------------------------------------------

      Code (inc. data)   RO Data    RW Data    ZI Data      Debug   Library Name

      1028         42          0          0         96       1276   c_w.l

    ----------------------------------------------------------------------
      1032         42          0          0        100       1276   Library Totals

    ----------------------------------------------------------------------

==============================================================================


      Code (inc. data)   RO Data    RW Data    ZI Data      Debug   

     34212       1886        868        268      11204     544973   Grand Totals
     34212       1886        868        268      11204     544973   ELF Image Totals
     34212       1886        868        268          0          0   ROM Totals

==============================================================================

    Total RO  Size (Code + RO Data)                35080 (  34.26kB)
    Total RW  Size (RW Data + ZI Data)             11472 (  11.20kB)
    Total ROM Size (Code + RO Data + RW Data)      35348 (  34.52kB)

==============================================================================

